Component: ARM Compiler 5.06 update 6 (build 750) Tool: armlink [4d35ed]

==============================================================================

Section Cross References

    main.o(i.AppObjCreate) refers to timers.o(i.xTimerCreate) for xTimerCreate
    main.o(i.AppObjCreate) refers to printfa.o(i.__0printf) for __2printf
    main.o(i.AppObjCreate) refers to main.o(i.vTimerCallback) for vTimerCallback
    main.o(i.AppObjCreate) refers to main.o(.data) for xTimers1
    main.o(i.AppTaskCreate) refers to port.o(i.vPortEnterCritical) for vPortEnterCritical
    main.o(i.AppTaskCreate) refers to tasks.o(i.xTaskCreate) for xTaskCreate
    main.o(i.AppTaskCreate) refers to port.o(i.vPortExitCritical) for vPortExitCritical
    main.o(i.AppTaskCreate) refers to main.o(.data) for LED0Task_Handler
    main.o(i.AppTaskCreate) refers to main.o(i.led0_task) for led0_task
    main.o(i.AppTaskCreate) refers to main.o(i.KEY_task) for KEY_task
    main.o(i.AppTaskCreate) refers to main.o(i.OLED_task) for OLED_task
    main.o(i.AppTaskCreate) refers to main.o(i.HLW_task) for HLW_task
    main.o(i.CPU_task) refers to timer2.o(i.TIM2_Int) for TIM2_Int
    main.o(i.CPU_task) refers to memseta.o(.text) for __aeabi_memclr4
    main.o(i.CPU_task) refers to tasks.o(i.vTaskList) for vTaskList
    main.o(i.CPU_task) refers to printfa.o(i.__0printf) for __2printf
    main.o(i.CPU_task) refers to tasks.o(i.vTaskGetRunTimeStats) for vTaskGetRunTimeStats
    main.o(i.CPU_task) refers to tasks.o(i.vTaskDelay) for vTaskDelay
    main.o(i.CPU_task) refers to main.o(.conststring) for .conststring
    main.o(i.HLW_task) refers to hlw8110.o(i.Init_HLW8110) for Init_HLW8110
    main.o(i.HLW_task) refers to tasks.o(i.xTaskNotifyWait) for xTaskNotifyWait
    main.o(i.HLW_task) refers to port.o(i.vPortEnterCritical) for vPortEnterCritical
    main.o(i.HLW_task) refers to stm32f10x_gpio.o(i.GPIO_ResetBits) for GPIO_ResetBits
    main.o(i.HLW_task) refers to port.o(i.vPortExitCritical) for vPortExitCritical
    main.o(i.HLW_task) refers to stm32f10x_gpio.o(i.GPIO_SetBits) for GPIO_SetBits
    main.o(i.HLW_task) refers to main.o(.data) for DC_Flage
    main.o(i.KEY_task) refers to key.o(i.KEY_Scan) for KEY_Scan
    main.o(i.KEY_task) refers to tasks.o(i.xTaskGenericNotify) for xTaskGenericNotify
    main.o(i.KEY_task) refers to tasks.o(i.vTaskDelay) for vTaskDelay
    main.o(i.KEY_task) refers to main.o(.data) for key_cout
    main.o(i.KEY_task) refers to touch.o(.data) for tp_dev
    main.o(i.KEY_task) refers to lcd.o(.bss) for lcddev
    main.o(i.OLED_task) refers to lcd.o(i.LCD_Clear) for LCD_Clear
    main.o(i.OLED_task) refers to gui.o(i.Show_Str) for Show_Str
    main.o(i.OLED_task) refers to gui.o(i.LCD_Fill) for LCD_Fill
    main.o(i.OLED_task) refers to gui.o(i.LCD_DrawLine) for LCD_DrawLine
    main.o(i.OLED_task) refers to main.o(.data) for star_y
    main.o(i.OLED_task) refers to lcd.o(.bss) for lcddev
    main.o(i.OLED_task) refers to gui.o(i.LCD_DrawRectangle) for LCD_DrawRectangle
    main.o(i.OLED_task) refers to hlw8110.o(i.Calculate_HLW8110_MeterData) for Calculate_HLW8110_MeterData
    main.o(i.OLED_task) refers to f2d.o(.text) for __aeabi_f2d
    main.o(i.OLED_task) refers to printfa.o(i.__0sprintf) for __2sprintf
    main.o(i.OLED_task) refers to tasks.o(i.vTaskDelay) for vTaskDelay
    main.o(i.OLED_task) refers to hlw8110.o(.data) for F_DC_E
    main.o(i.led0_task) refers to f2d.o(.text) for __aeabi_f2d
    main.o(i.led0_task) refers to printfa.o(i.__0sprintf) for __2sprintf
    main.o(i.led0_task) refers to tasks.o(i.xTaskGenericNotify) for xTaskGenericNotify
    main.o(i.led0_task) refers to strlen.o(.text) for strlen
    main.o(i.led0_task) refers to mqtt.o(i.MQTT_PublishQs0) for MQTT_PublishQs0
    main.o(i.led0_task) refers to tasks.o(i.vTaskDelay) for vTaskDelay
    main.o(i.led0_task) refers to mqtt.o(.data) for SubcribePack_flag
    main.o(i.led0_task) refers to hlw8110.o(.data) for F_DC_E
    main.o(i.led0_task) refers to main.o(.conststring) for .conststring
    main.o(i.led0_task) refers to main.o(.data) for OLEDask_Handler
    main.o(i.main) refers to bsp.o(i.bsp_Init) for bsp_Init
    main.o(i.main) refers to main.o(i.AppTaskCreate) for AppTaskCreate
    main.o(i.main) refers to main.o(i.AppObjCreate) for AppObjCreate
    main.o(i.main) refers to tasks.o(i.vTaskStartScheduler) for vTaskStartScheduler
    main.o(i.vTimerCallback) refers to printfa.o(i.__0printf) for __2printf
    main.o(i.vTimerCallback) refers to timers.o(i.pvTimerGetTimerID) for pvTimerGetTimerID
    main.o(i.vTimerCallback) refers to mqtt.o(i.MQTT_PingREQ) for MQTT_PingREQ
    main.o(i.vTimerCallback) refers to timers.o(i.xTimerGenericCommand) for xTimerGenericCommand
    main.o(i.vTimerCallback) refers to tasks.o(i.xTaskGetTickCount) for xTaskGetTickCount
    main.o(i.vTimerCallback) refers to main.o(.data) for time_coun
    main.o(i.vTimerCallback) refers to mqtt.o(.data) for Ping_flag
[...]
    i.xTaskResumeAll                         0x0800a0d8   Section        0  tasks.o(i.xTaskResumeAll)
    i.xTimerCreate                           0x0800a1f8   Section        0  timers.o(i.xTimerCreate)
    i.xTimerCreateTimerTask                  0x0800a228   Section        0  timers.o(i.xTimerCreateTimerTask)
    i.xTimerGenericCommand                   0x0800a29c   Section        0  timers.o(i.xTimerGenericCommand)
    .constdata                               0x0800a340   Section     6468  gui.o(.constdata)
    .constdata                               0x0800bc84   Section       64  utils_sha1.o(.constdata)
    iot_sha1_padding                         0x0800bc84   Data          64  utils_sha1.o(.constdata)
    .conststring                             0x0800bcc4   Section      171  main.o(.conststring)
    .conststring                             0x0800bd70   Section      121  touch.o(.conststring)
    .data                                    0x20000000   Section       36  main.o(.data)
    time_coun                                0x20000020   Data           4  main.o(.data)
    .data                                    0x20000024   Section        1  key.o(.data)
    key_up                                   0x20000024   Data           1  key.o(.data)
    .data                                    0x20000028   Section        4  control_interrupt.o(.data)
    .data                                    0x2000002c   Section      172  hlw8110.o(.data)
    .data                                    0x200000d8   Section        4  delay.o(.data)
    fac_us                                   0x200000d8   Data           1  delay.o(.data)
    fac_ms                                   0x200000da   Data           2  delay.o(.data)
    .data                                    0x200000dc   Section        6  usart.o(.data)
    .data                                    0x200000e4   Section       20  system_stm32f10x.o(.data)
    .data                                    0x200000f8   Section       20  stm32f10x_rcc.o(.data)
    APBAHBPrescTable                         0x200000f8   Data          16  stm32f10x_rcc.o(.data)
    ADCPrescTable                            0x20000108   Data           4  stm32f10x_rcc.o(.data)
    .data                                    0x2000010c   Section       68  tasks.o(.data)
    pxDelayedTaskList                        0x20000110   Data           4  tasks.o(.data)
    pxOverflowDelayedTaskList                0x20000114   Data           4  tasks.o(.data)
    uxDeletedTasksWaitingCleanUp             0x20000118   Data           4  tasks.o(.data)
    uxCurrentNumberOfTasks                   0x2000011c   Data           4  tasks.o(.data)
    xTickCount                               0x20000120   Data           4  tasks.o(.data)
    uxTopReadyPriority                       0x20000124   Data           4  tasks.o(.data)
    xSchedulerRunning                        0x20000128   Data           4  tasks.o(.data)
    uxPendedTicks                            0x2000012c   Data           4  tasks.o(.data)
    xYieldPending                            0x20000130   Data           4  tasks.o(.data)
    xNumOfOverflows                          0x20000134   Data           4  tasks.o(.data)
    uxTaskNumber                             0x20000138   Data           4  tasks.o(.data)
    xNextTaskUnblockTime                     0x2000013c   Data           4  tasks.o(.data)
    xIdleTaskHandle                          0x20000140   Data           4  tasks.o(.data)
    uxSchedulerSuspended                     0x20000144   Data           4  tasks.o(.data)
    ulTaskSwitchedInTime                     0x20000148   Data           4  tasks.o(.data)
    ulTotalRunTime                           0x2000014c   Data           4  tasks.o(.data)
    .data                                    0x20000150   Section       20  timers.o(.data)
    pxCurrentTimerList                       0x20000150   Data           4  timers.o(.data)
    pxOverflowTimerList                      0x20000154   Data           4  timers.o(.data)
    xTimerQueue                              0x20000158   Data           4  timers.o(.data)
    xTimerTaskHandle                         0x2000015c   Data           4  timers.o(.data)
    xLastTime                                0x20000160   Data           4  timers.o(.data)
    .data                                    0x20000164   Section       12  port.o(.data)
    uxCriticalNesting                        0x20000164   Data           4  port.o(.data)
    ucMaxSysCallPriority                     0x20000168   Data           1  port.o(.data)
    ulMaxPRIGROUPValue                       0x2000016c   Data           4  port.o(.data)
    .data                                    0x20000170   Section       24  heap_4.o(.data)
    xStart                                   0x20000170   Data           8  heap_4.o(.data)
    pxEnd                                    0x20000178   Data           4  heap_4.o(.data)
    xFreeBytesRemaining                      0x2000017c   Data           4  heap_4.o(.data)
    xMinimumEverFreeBytesRemaining           0x20000180   Data           4  heap_4.o(.data)
    xBlockAllocatedBit                       0x20000184   Data           4  heap_4.o(.data)
    .data                                    0x20000188   Section        6  lcd.o(.data)
    .data                                    0x20000190   Section       48  touch.o(.data)
    .data                                    0x200001c0   Section       68  mqtt.o(.data)
    .data                                    0x20000204   Section        8  usart3.o(.data)
    .data                                    0x2000020c   Section        4  errno.o(.data)
    _errno                                   0x2000020c   Data           4  errno.o(.data)
    .bss                                     0x20000210   Section       20  hlw8110.o(.bss)
    .bss                                     0x20000224   Section      200  usart.o(.bss)
    .bss                                     0x200002ec   Section       64  queue.o(.bss)
    .bss                                     0x2000032c   Section      740  tasks.o(.bss)
    pxReadyTasksLists                        0x2000032c   Data         640  tasks.o(.bss)
    xDelayedTaskList1                        0x200005ac   Data          20  tasks.o(.bss)
    xDelayedTaskList2                        0x200005c0   Data          20  tasks.o(.bss)
    xPendingReadyList                        0x200005d4   Data          20  tasks.o(.bss)
    xTasksWaitingTermination                 0x200005e8   Data          20  tasks.o(.bss)
    xSuspendedTaskList                       0x200005fc   Data          20  tasks.o(.bss)
    .bss                                     0x20000610   Section       40  timers.o(.bss)
    xActiveTimerList1                        0x20000610   Data          20  timers.o(.bss)
    xActiveTimerList2                        0x20000624   Data          20  timers.o(.bss)
    .bss                                     0x20000638   Section    10240  heap_4.o(.bss)
    ucHeap                                   0x20000638   Data       10240  heap_4.o(.bss)
    .bss                                     0x20002e38   Section       14  lcd.o(.bss)
    .bss                                     0x20002e46   Section     5312  mqtt.o(.bss)
    .bss                                     0x20004308   Section     2048  usart3.o(.bss)
    STACK                                    0x20004b08   Section     1024  startup_stm32f10x_md.o(STACK)

    Global Symbols

    Symbol Name                              Value     Ov Type        Size  Object(Section)

    BuildAttributes$$THM_ISAv4$P$D$K$B$S$PE$A:L22UL41UL21$X:L11$S22US41US21$IEEE1$IW$USESV6$~STKCKD$USESV7$~SHL$OTIME$ROPI$IEEEJ$EBA8$MICROLIB$REQ8$PRES8$EABIv2 0x00000000   Number         0  anon$$obj.o ABSOLUTE
    __ARM_use_no_argv                        0x00000000   Number         0  main.o ABSOLUTE
    __use_no_errno                           0x00000000   Number         0  useno.o ABSOLUTE
    __use_no_exception_handling              0x00000000   Number         0  useno.o ABSOLUTE
    __use_no_fp                              0x00000000   Number         0  useno.o ABSOLUTE
    __use_no_heap                            0x00000000   Number         0  useno.o ABSOLUTE
    __use_no_heap_region                     0x00000000   Number         0  useno.o ABSOLUTE
    __use_no_semihosting                     0x00000000   Number         0  useno.o ABSOLUTE
    __use_no_semihosting_swi                 0x00000000   Number         0  useno.o ABSOLUTE
    __use_no_signal_handling                 0x00000000   Number         0  useno.o ABSOLUTE
    _printf_a                                0x00000000   Number         0  stubs.o ABSOLUTE
    _printf_c                                0x00000000   Number         0  stubs.o ABSOLUTE
    _printf_charcount                        0x00000000   Number         0  stubs.o ABSOLUTE
    _printf_d                                0x00000000   Number         0  stubs.o ABSOLUTE
    _printf_e                                0x00000000   Number         0  stubs.o ABSOLUTE
    _printf_f                                0x00000000   Number         0  stubs.o ABSOLUTE
    _printf_flags                            0x00000000   Number         0  stubs.o ABSOLUTE
    _printf_fp_dec                           0x00000000   Number         0  stubs.o ABSOLUTE
    _printf_fp_hex                           0x00000000   Number         0  stubs.o ABSOLUTE
    _printf_g                                0x00000000   Number         0  stubs.o ABSOLUTE
    _printf_i                                0x00000000   Number         0  stubs.o ABSOLUTE
    _printf_int_dec                          0x00000000   Number         0  stubs.o ABSOLUTE
    _printf_l                                0x00000000   Number         0  stubs.o ABSOLUTE
    _printf_lc                               0x00000000   Number         0  stubs.o ABSOLUTE
    _printf_ll                               0x00000000   Number         0  stubs.o ABSOLUTE
    _printf_lld                              0x00000000   Number         0  stubs.o ABSOLUTE
    _printf_lli                              0x00000000   Number         0  stubs.o ABSOLUTE
    _printf_llo                              0x00000000   Number         0  stubs.o ABSOLUTE
    _printf_llu                              0x00000000   Number         0  stubs.o ABSOLUTE
    _printf_llx                              0x00000000   Number         0  stubs.o ABSOLUTE
    _printf_longlong_dec                     0x00000000   Number         0  stubs.o ABSOLUTE
    _printf_longlong_hex                     0x00000000   Number         0  stubs.o ABSOLUTE
    _printf_longlong_oct                     0x00000000   Number         0  stubs.o ABSOLUTE
    _printf_ls                               0x00000000   Number         0  stubs.o ABSOLUTE
    _printf_mbtowc                           0x00000000   Number         0  stubs.o ABSOLUTE
    _printf_n                                0x00000000   Number         0  stubs.o ABSOLUTE
    _printf_o                                0x00000000   Number         0  stubs.o ABSOLUTE
    _printf_p                                0x00000000   Number         0  stubs.o ABSOLUTE
    _printf_percent                          0x00000000   Number         0  stubs.o ABSOLUTE
    _printf_pre_padding                      0x00000000   Number         0  stubs.o ABSOLUTE
    _printf_return_value                     0x00000000   Number         0  stubs.o ABSOLUTE
    _printf_s                                0x00000000   Number         0  stubs.o ABSOLUTE
    _printf_sizespec                         0x00000000   Number         0  stubs.o ABSOLUTE
    _printf_str                              0x00000000   Number         0  stubs.o ABSOLUTE
    _printf_truncate_signed                  0x00000000   Number         0  stubs.o ABSOLUTE
    _printf_truncate_unsigned                0x00000000   Number         0  stubs.o ABSOLUTE
    _printf_u                                0x00000000   Number         0  stubs.o ABSOLUTE
    _printf_wc                               0x00000000   Number         0  stubs.o ABSOLUTE
    _printf_wctomb                           0x00000000   Number         0  stubs.o ABSOLUTE
    _printf_widthprec                        0x00000000   Number         0  stubs.o ABSOLUTE
    _printf_x                                0x00000000   Number         0  stubs.o ABSOLUTE
    __cpp_initialize__aeabi_                  - Undefined Weak Reference
    __cxa_finalize                            - Undefined Weak Reference
    _clock_init                               - Undefined Weak Reference
    _microlib_exit                            - Undefined Weak Reference
    __Vectors_Size                           0x000000ec   Number         0  startup_stm32f10x_md.o ABSOLUTE
    __Vectors                                0x08000000   Data           4  startup_stm32f10x_md.o(RESET)
    __Vectors_End                            0x080000ec   Data           0  startup_stm32f10x_md.o(RESET)
    __main                                   0x080000ed   Thumb Code     0  entry.o(.ARM.Collect$$$$00000000)
    _main_stk                                0x080000ed   Thumb Code     0  entry2.o(.ARM.Collect$$$$00000001)
    _main_scatterload                        0x080000f1   Thumb Code     0  entry5.o(.ARM.Collect$$$$00000004)
    __main_after_scatterload                 0x080000f5   Thumb Code     0  entry5.o(.ARM.Collect$$$$00000004)
    _main_clock                              0x080000f5   Thumb Code     0  entry7b.o(.ARM.Collect$$$$00000008)
    _main_cpp_init                           0x080000f5   Thumb Code     0  entry8b.o(.ARM.Collect$$$$0000000A)
    _main_init                               0x080000f5   Thumb Code     0  entry9a.o(.ARM.Collect$$$$0000000B)
    __rt_final_cpp                           0x080000fd   Thumb Code     0  entry10a.o(.ARM.Collect$$$$0000000D)
    __rt_final_exit                          0x080000fd   Thumb Code     0  entry11a.o(.ARM.Collect$$$$0000000F)
    SVC_Handler                              0x08000101   Thumb Code    32  port.o(.emb_text)
    __asm___6_port_c_39a90d8d__prvStartFirstTask 0x08000125   Thumb Code    28  port.o(.emb_text)
    PendSV_Handler                           0x08000145   Thumb Code    72  port.o(.emb_text)
    vPortGetIPSR                             0x08000191   Thumb Code     6  port.o(.emb_text)
    Reset_Handler                            0x08000199   Thumb Code     8  startup_stm32f10x_md.o(.text)
    ADC1_2_IRQHandler                        0x080001b3   Thumb Code     0  startup_stm32f10x_md.o(.text)
    CAN1_RX1_IRQHandler                      0x080001b3   Thumb Code     0  startup_stm32f10x_md.o(.text)
    CAN1_SCE_IRQHandler                      0x080001b3   Thumb Code     0  startup_stm32f10x_md.o(.text)
    DMA1_Channel1_IRQHandler                 0x080001b3   Thumb Code     0  startup_stm32f10x_md.o(.text)
    DMA1_Channel2_IRQHandler                 0x080001b3   Thumb Code     0  startup_stm32f10x_md.o(.text)
    DMA1_Channel3_IRQHandler                 0x080001b3   Thumb Code     0  startup_stm32f10x_md.o(.text)
    DMA1_Channel4_IRQHandler                 0x080001b3   Thumb Code     0  startup_stm32f10x_md.o(.text)
    DMA1_Channel5_IRQHandler                 0x080001b3   Thumb Code     0  startup_stm32f10x_md.o(.text)
    DMA1_Channel6_IRQHandler                 0x080001b3   Thumb Code     0  startup_stm32f10x_md.o(.text)
    DMA1_Channel7_IRQHandler                 0x080001b3   Thumb Code     0  startup_stm32f10x_md.o(.text)
    EXTI15_10_IRQHandler                     0x080001b3   Thumb Code     0  startup_stm32f10x_md.o(.text)
    EXTI1_IRQHandler                         0x080001b3   Thumb Code     0  startup_stm32f10x_md.o(.text)
    EXTI9_5_IRQHandler                       0x080001b3   Thumb Code     0  startup_stm32f10x_md.o(.text)
    FLASH_IRQHandler                         0x080001b3   Thumb Code     0  startup_stm32f10x_md.o(.text)
    I2C1_ER_IRQHandler                       0x080001b3   Thumb Code     0  startup_stm32f10x_md.o(.text)
    I2C1_EV_IRQHandler                       0x080001b3   Thumb Code     0  startup_stm32f10x_md.o(.text)
    I2C2_ER_IRQHandler                       0x080001b3   Thumb Code     0  startup_stm32f10x_md.o(.text)
    I2C2_EV_IRQHandler                       0x080001b3   Thumb Code     0  startup_stm32f10x_md.o(.text)
    PVD_IRQHandler                           0x080001b3   Thumb Code     0  startup_stm32f10x_md.o(.text)
    RCC_IRQHandler                           0x080001b3   Thumb Code     0  startup_stm32f10x_md.o(.text)
    RTCAlarm_IRQHandler                      0x080001b3   Thumb Code     0  startup_stm32f10x_md.o(.text)
    RTC_IRQHandler                           0x080001b3   Thumb Code     0  startup_stm32f10x_md.o(.text)
    SPI1_IRQHandler                          0x080001b3   Thumb Code     0  startup_stm32f10x_md.o(.text)
    SPI2_IRQHandler                          0x080001b3   Thumb Code     0  startup_stm32f10x_md.o(.text)
    TAMPER_IRQHandler                        0x080001b3   Thumb Code     0  startup_stm32f10x_md.o(.text)
    TIM1_BRK_IRQHandler                      0x080001b3   Thumb Code     0  startup_stm32f10x_md.o(.text)
    TIM1_CC_IRQHandler                       0x080001b3   Thumb Code     0  startup_stm32f10x_md.o(.text)
    TIM1_TRG_COM_IRQHandler                  0x080001b3   Thumb Code     0  startup_stm32f10x_md.o(.text)
    TIM1_UP_IRQHandler                       0x080001b3   Thumb Code     0  startup_stm32f10x_md.o(.text)
    USBWakeUp_IRQHandler                     0x080001b3   Thumb Code     0  startup_stm32f10x_md.o(.text)
    USB_HP_CAN1_TX_IRQHandler                0x080001b3   Thumb Code     0  startup_stm32f10x_md.o(.text)
    USB_LP_CAN1_RX0_IRQHandler               0x080001b3   Thumb Code     0  startup_stm32f10x_md.o(.text)
    WWDG_IRQHandler                          0x080001b3   Thumb Code     0  startup_stm32f10x_md.o(.text)
    __aeabi_memcpy                           0x080001bd   Thumb Code    36  memcpya.o(.text)
    __aeabi_memcpy4                          0x080001bd   Thumb Code     0  memcpya.o(.text)
    __aeabi_memcpy8                          0x080001bd   Thumb Code     0  memcpya.o(.text)
    __aeabi_memset                           0x080001e1   Thumb Code    14  memseta.o(.text)
    __aeabi_memset4                          0x080001e1   Thumb Code     0  memseta.o(.text)
    __aeabi_memset8                          0x080001e1   Thumb Code     0  memseta.o(.text)
    __aeabi_memclr                           0x080001ef   Thumb Code     4  memseta.o(.text)
    __aeabi_memclr4                          0x080001ef   Thumb Code     0  memseta.o(.text)
    __aeabi_memclr8                          0x080001ef   Thumb Code     0  memseta.o(.text)
    _memset$wrapper                          0x080001f3   Thumb Code    18  memseta.o(.text)
    strlen                                   0x08000205   Thumb Code    14  strlen.o(.text)
    __aeabi_fadd                             0x08000213   Thumb Code   164  fadd.o(.text)
    __aeabi_fsub                             0x080002b7   Thumb Code     6  fadd.o(.text)
    __aeabi_frsub                            0x080002bd   Thumb Code     6  fadd.o(.text)
    __aeabi_fmul                             0x080002c3   Thumb Code   100  fmul.o(.text)
    __aeabi_fdiv                             0x08000327   Thumb Code   124  fdiv.o(.text)
    __aeabi_dmul                             0x080003a3   Thumb Code   228  dmul.o(.text)
    __aeabi_ddiv                             0x08000487   Thumb Code   222  ddiv.o(.text)
    __aeabi_i2f                              0x08000565   Thumb Code    18  fflti.o(.text)
    __aeabi_ui2f                             0x08000577   Thumb Code    10  ffltui.o(.text)
    __aeabi_ui2d                             0x08000581   Thumb Code    26  dfltui.o(.text)
    __aeabi_f2iz                             0x0800059b   Thumb Code    50  ffixi.o(.text)
    __aeabi_f2uiz                            0x080005cd   Thumb Code    40  ffixui.o(.text)
    __aeabi_d2uiz                            0x080005f5   Thumb Code    50  dfixui.o(.text)
    __aeabi_f2d                              0x08000627   Thumb Code    38  f2d.o(.text)
    __aeabi_cdcmpeq                          0x0800064d   Thumb Code     0  cdcmple.o(.text)
    __aeabi_cdcmple                          0x0800064d   Thumb Code    48  cdcmple.o(.text)
    __aeabi_cdrcmple                         0x0800067d   Thumb Code    48  cdrcmple.o(.text)
    __aeabi_d2f                              0x080006ad   Thumb Code    56  d2f.o(.text)
    __aeabi_cfcmpeq                          0x080006e5   Thumb Code     0  cfcmple.o(.text)
    __aeabi_cfcmple                          0x080006e5   Thumb Code    20  cfcmple.o(.text)
    __aeabi_cfrcmple                         0x080006f9   Thumb Code    20  cfrcmple.o(.text)
    __aeabi_uidiv                            0x0800070d   Thumb Code     0  uidiv.o(.text)
    __aeabi_uidivmod                         0x0800070d   Thumb Code    44  uidiv.o(.text)
    __aeabi_uldivmod                         0x08000739   Thumb Code    98  uldiv.o(.text)
    __aeabi_llsr                             0x0800079b   Thumb Code    32  llushr.o(.text)
    _ll_ushift_r                             0x0800079b   Thumb Code     0  llushr.o(.text)
    __I$use$fp                               0x080007bb   Thumb Code     0  iusefp.o(.text)
    _float_round                             0x080007bb   Thumb Code    18  fepilogue.o(.text)
    _float_epilogue                          0x080007cd   Thumb Code    92  fepilogue.o(.text)
    _double_round                            0x08000829   Thumb Code    30  depilogue.o(.text)
    _double_epilogue                         0x08000847   Thumb Code   156  depilogue.o(.text)
    __aeabi_dadd                             0x080008e3   Thumb Code   322  dadd.o(.text)
    __aeabi_dsub                             0x08000a25   Thumb Code     6  dadd.o(.text)
    __aeabi_drsub                            0x08000a2b   Thumb Code     6  dadd.o(.text)
    _dsqrt                                   0x08000a31   Thumb Code   162  dsqrt.o(.text)
    __aeabi_d2ulz                            0x08000ad3   Thumb Code    48  dfixul.o(.text)
    __scatterload                            0x08000b05   Thumb Code    28  init.o(.text)
    __scatterload_rt2                        0x08000b05   Thumb Code     0  init.o(.text)
    __aeabi_llsl                             0x08000b29   Thumb Code    30  llshl.o(.text)
    _ll_shift_l                              0x08000b29   Thumb Code     0  llshl.o(.text)
    __aeabi_lasr                             0x08000b47   Thumb Code    36  llsshr.o(.text)
    _ll_sshift_r                             0x08000b47   Thumb Code     0  llsshr.o(.text)
    __decompress                             0x08000b6b   Thumb Code     0  __dczerorl2.o(.text)
    __decompress1                            0x08000b6b   Thumb Code    86  __dczerorl2.o(.text)
    AliIoT_Parameter_Init                    0x08000bc1   Thumb Code   186  mqtt.o(i.AliIoT_Parameter_Init)
    BusFault_Handler                         0x08000ea9   Thumb Code     4  stm32f10x_it.o(i.BusFault_Handler)
    Calculate_HLW8110_MeterData              0x08000ead   Thumb Code    36  hlw8110.o(i.Calculate_HLW8110_MeterData)
    Check_WriteReg_Success                   0x08000ed1   Thumb Code   202  hlw8110.o(i.Check_WriteReg_Success)
    Clear_RxBuf                              0x08001009   Thumb Code    34  hlw8110.o(i.Clear_RxBuf)
    DebugMon_Handler                         0x0800103d   Thumb Code     2  stm32f10x_it.o(i.DebugMon_Handler)
    EXTI0_IRQHandler                         0x08001041   Thumb Code    24  exti.o(i.EXTI0_IRQHandler)
    EXTI2_IRQHandler                         0x0800105d   Thumb Code    44  exti.o(i.EXTI2_IRQHandler)
    EXTI3_IRQHandler                         0x08001091   Thumb Code    26  exti.o(i.EXTI3_IRQHandler)
    EXTI4_IRQHandler                         0x080010b1   Thumb Code    26  exti.o(i.EXTI4_IRQHandler)
    EXTI_ClearITPendingBit                   0x080010d1   Thumb Code     6  stm32f10x_exti.o(i.EXTI_ClearITPendingBit)
    GPIO_Init                                0x080010dd   Thumb Code   278  stm32f10x_gpio.o(i.GPIO_Init)
    GPIO_ReadInputDataBit                    0x080011f3   Thumb Code    18  stm32f10x_gpio.o(i.GPIO_ReadInputDataBit)
    GPIO_ResetBits                           0x08001205   Thumb Code     4  stm32f10x_gpio.o(i.GPIO_ResetBits)
    GPIO_SetBits                             0x08001209   Thumb Code     4  stm32f10x_gpio.o(i.GPIO_SetBits)
    GUI_DrawFont16                           0x0800120d   Thumb Code   252  gui.o(i.GUI_DrawFont16)
    GUI_DrawFont24                           0x08001315   Thumb Code   270  gui.o(i.GUI_DrawFont24)
    GUI_DrawFont32                           0x08001431   Thumb Code   254  gui.o(i.GUI_DrawFont32)
    GUI_DrawPoint                            0x0800153d   Thumb Code    24  gui.o(i.GUI_DrawPoint)
    HLW8110_checkSum_Read                    0x08001555   Thumb Code    46  hlw8110.o(i.HLW8110_checkSum_Read)
    HLW8110_checkSum_Write                   0x0800158d   Thumb Code    34  hlw8110.o(i.HLW8110_checkSum_Write)
    HLW_task                                 0x080015b5   Thumb Code    98  main.o(i.HLW_task)
    HardFault_Handler                        0x08001621   Thumb Code     4  stm32f10x_it.o(i.HardFault_Handler)
    Init_HLW8110                             0x08001625   Thumb Code   114  hlw8110.o(i.Init_HLW8110)
    Judge_CheckSum_HLW8110_Calfactor         0x0800169d   Thumb Code   666  hlw8110.o(i.Judge_CheckSum_HLW8110_Calfactor)
    KEY_Init                                 0x08001a6d   Thumb Code    72  key.o(i.KEY_Init)
    KEY_Scan                                 0x08001abd   Thumb Code   162  key.o(i.KEY_Scan)
    KEY_task                                 0x08001b69   Thumb Code   252  main.o(i.KEY_task)
    LCD_Clear                                0x08001c7d   Thumb Code    88  lcd.o(i.LCD_Clear)
    LCD_DrawLine                             0x08001ce1   Thumb Code   176  gui.o(i.LCD_DrawLine)
    LCD_DrawPoint                            0x08001d91   Thumb Code    58  lcd.o(i.LCD_DrawPoint)
    LCD_DrawPoint_16Bit                      0x08001dd9   Thumb Code    42  lcd.o(i.LCD_DrawPoint_16Bit)
    LCD_DrawRectangle                        0x08001e0d   Thumb Code    64  gui.o(i.LCD_DrawRectangle)
    LCD_Fill                                 0x08001e4d   Thumb Code   154  gui.o(i.LCD_Fill)
    LCD_Init                                 0x08001ef5   Thumb Code   574  lcd.o(i.LCD_Init)
    LCD_RESET                                0x08002139   Thumb Code    32  lcd.o(i.LCD_RESET)
    LCD_SetCursor                            0x0800215d   Thumb Code    52  lcd.o(i.LCD_SetCursor)
    LCD_SetParam                             0x08002195   Thumb Code    40  lcd.o(i.LCD_SetParam)
    LCD_SetWindows                           0x080021c1   Thumb Code    80  lcd.o(i.LCD_SetWindows)
    LCD_ShowChar                             0x08002215   Thumb Code   276  gui.o(i.LCD_ShowChar)
    LCD_ShowNum                              0x08002339   Thumb Code   168  gui.o(i.LCD_ShowNum)
    LCD_ShowString                           0x080023e9   Thumb Code    94  gui.o(i.LCD_ShowString)
    LCD_WR_DATA                              0x08002455   Thumb Code    34  lcd.o(i.LCD_WR_DATA)
    LCD_WR_REG                               0x08002481   Thumb Code    32  lcd.o(i.LCD_WR_REG)
    LCD_WriteRAM_Prepare                     0x080024a9   Thumb Code    12  lcd.o(i.LCD_WriteRAM_Prepare)
    LCD_WriteReg                             0x080024b9   Thumb Code    20  lcd.o(i.LCD_WriteReg)
    LED_Init                                 0x080024cd   Thumb Code    50  led.o(i.LED_Init)
    MQTT_Buff_Init                           0x08002505   Thumb Code    90  mqtt.o(i.MQTT_Buff_Init)
    MQTT_ConectPack                          0x080025dd   Thumb Code   496  mqtt.o(i.MQTT_ConectPack)
    MQTT_PingREQ                             0x080027f5   Thumb Code    22  mqtt.o(i.MQTT_PingREQ)
    MQTT_PublishQs0                          0x08002811   Thumb Code   220  mqtt.o(i.MQTT_PublishQs0)
    MQTT_Subscribe                           0x080028fd   Thumb Code   134  mqtt.o(i.MQTT_Subscribe)
    MemManage_Handler                        0x08002995   Thumb Code     4  stm32f10x_it.o(i.MemManage_Handler)
    NMI_Handler                              0x08002999   Thumb Code     2  stm32f10x_it.o(i.NMI_Handler)
    NVIC_Init                                0x0800299d   Thumb Code   100  misc.o(i.NVIC_Init)
    NVIC_PriorityGroupConfig                 0x08002a0d   Thumb Code    10  misc.o(i.NVIC_PriorityGroupConfig)
    OLED_task                                0x08002a21   Thumb Code  1806  main.o(i.OLED_task)
    RCC_APB1PeriphClockCmd                   0x08003171   Thumb Code    26  stm32f10x_rcc.o(i.RCC_APB1PeriphClockCmd)
    RCC_APB2PeriphClockCmd                   0x08003191   Thumb Code    26  stm32f10x_rcc.o(i.RCC_APB2PeriphClockCmd)
    RCC_GetClocksFreq                        0x080031b1   Thumb Code   192  stm32f10x_rcc.o(i.RCC_GetClocksFreq)
    Read_HLW8110_EA                          0x08003285   Thumb Code   328  hlw8110.o(i.Read_HLW8110_EA)
    Read_HLW8110_Freq                        0x08003455   Thumb Code   148  hlw8110.o(i.Read_HLW8110_Freq)
    Read_HLW8110_IA                          0x08003525   Thumb Code   242  hlw8110.o(i.Read_HLW8110_IA)
    Read_HLW8110_PA                          0x08003669   Thumb Code   278  hlw8110.o(i.Read_HLW8110_PA)
    Read_HLW8110_PF                          0x080037dd   Thumb Code   110  hlw8110.o(i.Read_HLW8110_PF)
    Read_HLW8110_SA                          0x08003869   Thumb Code   168  hlw8110.o(i.Read_HLW8110_SA)
    Read_HLW8110_U                           0x0800394d   Thumb Code   296  hlw8110.o(i.Read_HLW8110_U)
    SPI1_Init                                0x08003add   Thumb Code   200  lcd.o(i.SPI1_Init)
    SPI_Cmd                                  0x08003bb1   Thumb Code    24  stm32f10x_spi.o(i.SPI_Cmd)
    SPI_Init                                 0x08003bc9   Thumb Code    60  stm32f10x_spi.o(i.SPI_Init)
    SPI_WriteByte                            0x08003c05   Thumb Code    34  lcd.o(i.SPI_WriteByte)
    Show_Str                                 0x08003d11   Thumb Code   264  gui.o(i.Show_Str)
    Start_Send_UartData                      0x08003e1d   Thumb Code    40  hlw8110.o(i.Start_Send_UartData)
    SysTick_CLKSourceConfig                  0x08003e4d   Thumb Code    40  misc.o(i.SysTick_CLKSourceConfig)
    SysTick_Handler                          0x08003e75   Thumb Code    16  delay.o(i.SysTick_Handler)
    SystemInit                               0x08003e85   Thumb Code    78  system_stm32f10x.o(i.SystemInit)
    TIM2_IRQHandler                          0x08003ee5   Thumb Code    32  control_interrupt.o(i.TIM2_IRQHandler)
    TIM3_IRQHandler                          0x08003f09   Thumb Code   124  control_interrupt.o(i.TIM3_IRQHandler)
    TIM3_Int_Init                            0x08003f9d   Thumb Code    90  timer.o(i.TIM3_Int_Init)
    TIM4_IRQHandler                          0x08003ffd   Thumb Code    20  control_interrupt.o(i.TIM4_IRQHandler)
    TIM_ClearITPendingBit                    0x08004015   Thumb Code     6  stm32f10x_tim.o(i.TIM_ClearITPendingBit)
    TIM_Cmd                                  0x0800401b   Thumb Code    24  stm32f10x_tim.o(i.TIM_Cmd)
    TIM_GetITStatus                          0x08004033   Thumb Code    34  stm32f10x_tim.o(i.TIM_GetITStatus)
    TIM_ITConfig                             0x08004055   Thumb Code    18  stm32f10x_tim.o(i.TIM_ITConfig)
    TIM_SetCounter                           0x08004067   Thumb Code     4  stm32f10x_tim.o(i.TIM_SetCounter)
    TIM_TimeBaseInit                         0x0800406d   Thumb Code   122  stm32f10x_tim.o(i.TIM_TimeBaseInit)
    TP_Adj_Info_Show                         0x08004111   Thumb Code   322  touch.o(i.TP_Adj_Info_Show)
    TP_Adjust                                0x08004285   Thumb Code  2156  touch.o(i.TP_Adjust)
    TP_Drow_Touch_Point                      0x08004b45   Thumb Code   116  touch.o(i.TP_Drow_Touch_Point)
    TP_Init                                  0x08004bbd   Thumb Code    76  touch.o(i.TP_Init)
    TP_Read_AD                               0x08004c11   Thumb Code   126  touch.o(i.TP_Read_AD)
    TP_Read_XOY                              0x08004c99   Thumb Code   120  touch.o(i.TP_Read_XOY)
    TP_Read_XY                               0x08004d11   Thumb Code    38  touch.o(i.TP_Read_XY)
    TP_Read_XY2                              0x08004d41   Thumb Code   192  touch.o(i.TP_Read_XY2)
    TP_Scan                                  0x08004e01   Thumb Code   244  touch.o(i.TP_Scan)
    TP_Write_Byte                            0x08004efd   Thumb Code    56  touch.o(i.TP_Write_Byte)
    TxDataBuf_Deal                           0x08004f3d   Thumb Code    86  mqtt.o(i.TxDataBuf_Deal)
    USART1_IRQHandler                        0x08004fa1   Thumb Code   122  usart.o(i.USART1_IRQHandler)
    USART2_IRQHandler                        0x08005029   Thumb Code     8  control_interrupt.o(i.USART2_IRQHandler)
    USART2_IRQ_User                          0x08005031   Thumb Code    70  hlw8110.o(i.USART2_IRQ_User)
    USART3_IRQHandler                        0x08005091   Thumb Code   104  control_interrupt.o(i.USART3_IRQHandler)
    USART_Cmd                                0x0800510d   Thumb Code    24  stm32f10x_usart.o(i.USART_Cmd)
    USART_GetITStatus                        0x08005125   Thumb Code    84  stm32f10x_usart.o(i.USART_GetITStatus)
    USART_ITConfig                           0x08005179   Thumb Code    74  stm32f10x_usart.o(i.USART_ITConfig)
    USART_Init                               0x080051c5   Thumb Code   210  stm32f10x_usart.o(i.USART_Init)
    USART_ReceiveData                        0x0800529d   Thumb Code    10  stm32f10x_usart.o(i.USART_ReceiveData)
    Uart_HLW8110_Set_Channel_A               0x080052a9   Thumb Code    50  hlw8110.o(i.Uart_HLW8110_Set_Channel_A)
    Uart_HLW8110_WriteREG_DIS                0x080052e9   Thumb Code    50  hlw8110.o(i.Uart_HLW8110_WriteREG_DIS)
    Uart_HLW8110_WriteREG_EN                 0x08005329   Thumb Code    50  hlw8110.o(i.Uart_HLW8110_WriteREG_EN)
    Uart_Read_HLW8110_Reg                    0x08005369   Thumb Code    42  hlw8110.o(i.Uart_Read_HLW8110_Reg)
    Uart_Write_HLW8110_Reg                   0x080053a1   Thumb Code    88  hlw8110.o(i.Uart_Write_HLW8110_Reg)
    UsageFault_Handler                       0x08005405   Thumb Code     4  stm32f10x_it.o(i.UsageFault_Handler)
    __0printf                                0x08005409   Thumb Code    22  printfa.o(i.__0printf)
    __1printf                                0x08005409   Thumb Code     0  printfa.o(i.__0printf)
    __2printf                                0x08005409   Thumb Code     0  printfa.o(i.__0printf)
    __c89printf                              0x08005409   Thumb Code     0  printfa.o(i.__0printf)
    printf                                   0x08005409   Thumb Code     0  printfa.o(i.__0printf)
    __0sprintf                               0x08005429   Thumb Code    34  printfa.o(i.__0sprintf)
    __1sprintf                               0x08005429   Thumb Code     0  printfa.o(i.__0sprintf)
    __2sprintf                               0x08005429   Thumb Code     0  printfa.o(i.__0sprintf)
    __c89sprintf                             0x08005429   Thumb Code     0  printfa.o(i.__0sprintf)
    sprintf                                  0x08005429   Thumb Code     0  printfa.o(i.__0sprintf)
    __scatterload_copy                       0x08005451   Thumb Code    14  handlers.o(i.__scatterload_copy)
    __scatterload_null                       0x0800545f   Thumb Code     2  handlers.o(i.__scatterload_null)
    __scatterload_zeroinit                   0x08005461   Thumb Code    14  handlers.o(i.__scatterload_zeroinit)
    __set_errno                              0x08005471   Thumb Code     6  errno.o(i.__set_errno)
    _draw_circle_8                           0x0800547d   Thumb Code   132  gui.o(i._draw_circle_8)
    bsp_Init                                 0x08005dbd   Thumb Code    88  bsp.o(i.bsp_Init)
    delay_init                               0x08005e1d   Thumb Code    74  delay.o(i.delay_init)
    delay_ms                                 0x08005e79   Thumb Code    60  delay.o(i.delay_ms)
    delay_us                                 0x08005eb9   Thumb Code    68  delay.o(i.delay_us)
    fputc                                    0x08005f01   Thumb Code    24  usart.o(i.fputc)
    gui_circle                               0x08005f1d   Thumb Code   154  gui.o(i.gui_circle)
    led0_task                                0x08005fb9   Thumb Code   184  main.o(i.led0_task)
    main                                     0x080060c9   Thumb Code    28  main.o(i.main)
    mypow                                    0x080060e5   Thumb Code    22  gui.o(i.mypow)
    pvPortMalloc                             0x08006c5d   Thumb Code   262  heap_4.o(i.pvPortMalloc)
    pvTaskIncrementMutexHeldCount            0x08006db1   Thumb Code    26  tasks.o(i.pvTaskIncrementMutexHeldCount)
    pvTimerGetTimerID                        0x08006dd1   Thumb Code    34  timers.o(i.pvTimerGetTimerID)
    pxPortInitialiseStack                    0x08006e1d   Thumb Code    30  port.o(i.pxPortInitialiseStack)
    sqrt                                     0x08006e41   Thumb Code    76  sqrt.o(i.sqrt)
    uart_init                                0x08006e8d   Thumb Code   152  usart.o(i.uart_init)
    usart2_init                              0x08006f2d   Thumb Code   172  usart2.o(i.usart2_init)
    usart3_init                              0x08006fe1   Thumb Code   160  usart3.o(i.usart3_init)
    utils_hb2hex                             0x08007089   Thumb Code    24  utils_md5.o(i.utils_hb2hex)
    utils_hmac_sha1                          0x080070a1   Thumb Code   232  utils_hmac.o(i.utils_hmac_sha1)
    utils_sha1_finish                        0x08007189   Thumb Code   228  utils_sha1.o(i.utils_sha1_finish)
    utils_sha1_init                          0x08007271   Thumb Code    14  utils_sha1.o(i.utils_sha1_init)
    utils_sha1_process                       0x08007281   Thumb Code  6420  utils_sha1.o(i.utils_sha1_process)
    utils_sha1_starts                        0x08008b9d   Thumb Code    30  utils_sha1.o(i.utils_sha1_starts)
    utils_sha1_update                        0x08008bc9   Thumb Code   124  utils_sha1.o(i.utils_sha1_update)
    uxListRemove                             0x08008c45   Thumb Code    40  list.o(i.uxListRemove)
    vListInitialise                          0x08008c6d   Thumb Code    26  list.o(i.vListInitialise)
    vListInitialiseItem                      0x08008c87   Thumb Code     6  list.o(i.vListInitialiseItem)
    vListInsert                              0x08008c8d   Thumb Code    52  list.o(i.vListInsert)
    vListInsertEnd                           0x08008cc1   Thumb Code    24  list.o(i.vListInsertEnd)
    vPortEnterCritical                       0x08008cd9   Thumb Code    68  port.o(i.vPortEnterCritical)
    vPortExitCritical                        0x08008d61   Thumb Code    48  port.o(i.vPortExitCritical)
    vPortFree                                0x08008dd1   Thumb Code   120  heap_4.o(i.vPortFree)
    vPortSetupTimerInterrupt                 0x08008e89   Thumb Code    26  port.o(i.vPortSetupTimerInterrupt)
    vPortValidateInterruptPriority           0x08008ea9   Thumb Code    86  port.o(i.vPortValidateInterruptPriority)
    vQueueAddToRegistry                      0x08008f49   Thumb Code    38  queue.o(i.vQueueAddToRegistry)
    vQueueWaitForMessageRestricted           0x08008f75   Thumb Code    74  queue.o(i.vQueueWaitForMessageRestricted)
    vTaskDelay                               0x08008fc1   Thumb Code    72  tasks.o(i.vTaskDelay)
    vTaskMissedYield                         0x08009035   Thumb Code     8  tasks.o(i.vTaskMissedYield)
    vTaskPlaceOnEventList                    0x08009041   Thumb Code    42  tasks.o(i.vTaskPlaceOnEventList)
    vTaskPlaceOnEventListRestricted          0x08009095   Thumb Code    50  tasks.o(i.vTaskPlaceOnEventListRestricted)
    vTaskPriorityInherit                     0x080090f1   Thumb Code   164  tasks.o(i.vTaskPriorityInherit)
    vTaskSetTimeOutState                     0x080091a1   Thumb Code    32  tasks.o(i.vTaskSetTimeOutState)
    vTaskStartScheduler                      0x080091ed   Thumb Code   112  tasks.o(i.vTaskStartScheduler)
    vTaskSuspendAll                          0x080092a1   Thumb Code    12  tasks.o(i.vTaskSuspendAll)
    vTaskSwitchContext                       0x080092b1   Thumb Code   162  tasks.o(i.vTaskSwitchContext)
    xPortStartScheduler                      0x08009479   Thumb Code   140  port.o(i.xPortStartScheduler)
    xPortSysTickHandler                      0x08009519   Thumb Code    46  port.o(i.xPortSysTickHandler)
    xQueueGenericCreate                      0x0800954d   Thumb Code    78  queue.o(i.xQueueGenericCreate)
    xQueueGenericReceive                     0x080095c1   Thumb Code   416  queue.o(i.xQueueGenericReceive)
    xQueueGenericReset                       0x08009789   Thumb Code   136  queue.o(i.xQueueGenericReset)
    xQueueGenericSend                        0x08009839   Thumb Code   412  queue.o(i.xQueueGenericSend)
    xQueueGenericSendFromISR                 0x080099fd   Thumb Code   234  queue.o(i.xQueueGenericSendFromISR)
    xTaskCheckForTimeOut                     0x08009b0d   Thumb Code   116  tasks.o(i.xTaskCheckForTimeOut)
    xTaskCreate                              0x08009bad   Thumb Code    96  tasks.o(i.xTaskCreate)
    xTaskGenericNotify                       0x08009c0d   Thumb Code   222  tasks.o(i.xTaskGenericNotify)
    xTaskGetSchedulerState                   0x08009d21   Thumb Code    24  tasks.o(i.xTaskGetSchedulerState)
    xTaskGetTickCount                        0x08009d41   Thumb Code     6  tasks.o(i.xTaskGetTickCount)
    xTaskIncrementTick                       0x08009d4d   Thumb Code   272  tasks.o(i.xTaskIncrementTick)
    xTaskNotifyWait                          0x08009ead   Thumb Code   150  tasks.o(i.xTaskNotifyWait)
    xTaskPriorityDisinherit                  0x08009f4d   Thumb Code   168  tasks.o(i.xTaskPriorityDisinherit)
    xTaskRemoveFromEventList                 0x0800a025   Thumb Code   118  tasks.o(i.xTaskRemoveFromEventList)
    xTaskResumeAll                           0x0800a0d9   Thumb Code   214  tasks.o(i.xTaskResumeAll)
    xTimerCreate                             0x0800a1f9   Thumb Code    48  timers.o(i.xTimerCreate)
    xTimerCreateTimerTask                    0x0800a229   Thumb Code    56  timers.o(i.xTimerCreateTimerTask)
    xTimerGenericCommand                     0x0800a29d   Thumb Code   118  timers.o(i.xTimerGenericCommand)
    asc2_1206                                0x0800a340   Data        1140  gui.o(.constdata)
    asc2_1608                                0x0800a7b4   Data        1520  gui.o(.constdata)
    tfont16                                  0x0800ada4   Data         544  gui.o(.constdata)
    tfont24                                  0x0800afc4   Data        1184  gui.o(.constdata)
    tfont32                                  0x0800b464   Data        2080  gui.o(.constdata)
    Region$$Table$$Base                      0x0800bdec   Number         0  anon$$obj.o(Region$$Table)
    Region$$Table$$Limit                     0x0800be0c   Number         0  anon$$obj.o(Region$$Table)
    DC_Flage                                 0x20000000   Data           1  main.o(.data)
    star_x                                   0x20000001   Data           1  main.o(.data)
    star_y                                   0x20000002   Data           1  main.o(.data)
    ratio_y                                  0x20000003   Data           1  main.o(.data)
    LED0Task_Handler                         0x20000004   Data           4  main.o(.data)
    KEYTask_Handler                          0x20000008   Data           4  main.o(.data)
    CPUask_Handler                           0x2000000c   Data           4  main.o(.data)
    OLEDask_Handler                          0x20000010   Data           4  main.o(.data)
    HLW_Handler                              0x20000014   Data           4  main.o(.data)
    xTimers1                                 0x20000018   Data           4  main.o(.data)
    key_cout                                 0x2000001c   Data           1  main.o(.data)
    CPU_RunTime                              0x20000028   Data           4  control_interrupt.o(.data)
    u8_TX_Length                             0x2000002c   Data           1  hlw8110.o(.data)
    u8_RX_Length                             0x2000002d   Data           1  hlw8110.o(.data)
    u8_RX_Index                              0x2000002e   Data           1  hlw8110.o(.data)
    B_Rx_Finish                              0x2000002f   Data           1  hlw8110.o(.data)
    B_Rx_Data_ING                            0x20000030   Data           1  hlw8110.o(.data)
    B_Read_Error                             0x20000031   Data           1  hlw8110.o(.data)
    U16_TempData                             0x20000034   Data           4  hlw8110.o(.data)
    U16_IFData                               0x20000038   Data           4  hlw8110.o(.data)
    U16_RIFData                              0x2000003c   Data           4  hlw8110.o(.data)
    U16_LineFData                            0x20000040   Data           4  hlw8110.o(.data)
    U16_AngleData                            0x20000044   Data           4  hlw8110.o(.data)
    U16_PFData                               0x20000048   Data           4  hlw8110.o(.data)
    U16_HFConst_RegData                      0x2000004c   Data           4  hlw8110.o(.data)
    U16_RMSIAC_RegData                       0x20000050   Data           4  hlw8110.o(.data)
    U16_RMSIBC_RegData                       0x20000054   Data           4  hlw8110.o(.data)
    U16_RMSUC_RegData                        0x20000058   Data           4  hlw8110.o(.data)
    U16_PowerPAC_RegData                     0x2000005c   Data           4  hlw8110.o(.data)
    U16_PowerPBC_RegData                     0x20000060   Data           4  hlw8110.o(.data)
    U16_PowerSC_RegData                      0x20000064   Data           4  hlw8110.o(.data)
    U16_EnergyAC_RegData                     0x20000068   Data           4  hlw8110.o(.data)
    U16_EnergyBC_RegData                     0x2000006c   Data           4  hlw8110.o(.data)
    U16_CheckSUM_RegData                     0x20000070   Data           4  hlw8110.o(.data)
    U16_CheckSUM_Data                        0x20000074   Data           4  hlw8110.o(.data)
    U16_Check_SysconReg_Data                 0x20000078   Data           4  hlw8110.o(.data)
    U16_Check_EmuconReg_Data                 0x2000007c   Data           4  hlw8110.o(.data)
    U16_Check_Emucon2Reg_Data                0x20000080   Data           4  hlw8110.o(.data)
    U32_RMSIA_RegData                        0x20000084   Data           4  hlw8110.o(.data)
    U32_RMSU_RegData                         0x20000088   Data           4  hlw8110.o(.data)
    U32_POWERPA_RegData                      0x2000008c   Data           4  hlw8110.o(.data)
    U32_POWERSA_RegData                      0x20000090   Data           4  hlw8110.o(.data)
    U32_POWERPF_RegData                      0x20000094   Data           4  hlw8110.o(.data)
    U32_ENERGY_PA_RegData                    0x20000098   Data           4  hlw8110.o(.data)
    U32_Freq_RegData                         0x2000009c   Data           4  hlw8110.o(.data)
    U32_RMSIB_RegData                        0x200000a0   Data           4  hlw8110.o(.data)
    U32_POWERPB_RegData                      0x200000a4   Data           4  hlw8110.o(.data)
    U32_ENERGY_PB_RegData                    0x200000a8   Data           4  hlw8110.o(.data)
    F_DC_V                                   0x200000ac   Data           4  hlw8110.o(.data)
    F_DC_I                                   0x200000b0   Data           4  hlw8110.o(.data)
    F_DC_P                                   0x200000b4   Data           4  hlw8110.o(.data)
    F_DC_E                                   0x200000b8   Data           4  hlw8110.o(.data)
    F_DC_BACKUP_E                            0x200000bc   Data           4  hlw8110.o(.data)
    F_DC_PF                                  0x200000c0   Data           4  hlw8110.o(.data)
    F_DC_SA                                  0x200000c4   Data           4  hlw8110.o(.data)
    F_DC_WF                                  0x200000c8   Data           4  hlw8110.o(.data)
    F_Angle                                  0x200000cc   Data           4  hlw8110.o(.data)
    F_AC_LINE_Freq                           0x200000d0   Data           4  hlw8110.o(.data)
    text_data                                0x200000d4   Data           4  hlw8110.o(.data)
    __stdout                                 0x200000dc   Data           4  usart.o(.data)
    USART_RX_STA                             0x200000e0   Data           2  usart.o(.data)
    SystemCoreClock                          0x200000e4   Data           4  system_stm32f10x.o(.data)
    AHBPrescTable                            0x200000e8   Data          16  system_stm32f10x.o(.data)
    pxCurrentTCB                             0x2000010c   Data           4  tasks.o(.data)
    POINT_COLOR                              0x20000188   Data           2  lcd.o(.data)
    BACK_COLOR                               0x2000018a   Data           2  lcd.o(.data)
    DeviceCode                               0x2000018c   Data           2  lcd.o(.data)
    tp_dev                                   0x20000190   Data          40  touch.o(.data)
    CMD_RDX                                  0x200001b8   Data           1  touch.o(.data)
    CMD_RDY                                  0x200001b9   Data           1  touch.o(.data)
    TP_REMIND_MSG_TBL                        0x200001bc   Data           4  touch.o(.data)
    MQTT_RxDataInPtr                         0x200001c0   Data           4  mqtt.o(.data)
    MQTT_RxDataOutPtr                        0x200001c4   Data           4  mqtt.o(.data)
    MQTT_RxDataEndPtr                        0x200001c8   Data           4  mqtt.o(.data)
    MQTT_TxDataInPtr                         0x200001cc   Data           4  mqtt.o(.data)
    MQTT_TxDataOutPtr                        0x200001d0   Data           4  mqtt.o(.data)
    MQTT_TxDataEndPtr                        0x200001d4   Data           4  mqtt.o(.data)
    MQTT_CMDInPtr                            0x200001d8   Data           4  mqtt.o(.data)
    MQTT_CMDOutPtr                           0x200001dc   Data           4  mqtt.o(.data)
    MQTT_CMDEndPtr                           0x200001e0   Data           4  mqtt.o(.data)
    ClientID_len                             0x200001e4   Data           4  mqtt.o(.data)
    Username_len                             0x200001e8   Data           4  mqtt.o(.data)
    Passward_len                             0x200001ec   Data           4  mqtt.o(.data)
    ServerPort                               0x200001f0   Data           4  mqtt.o(.data)
    Fixed_len                                0x200001f4   Data           4  mqtt.o(.data)
    Variable_len                             0x200001f8   Data           4  mqtt.o(.data)
    Payload_len                              0x200001fc   Data           4  mqtt.o(.data)
    Ping_flag                                0x20000200   Data           1  mqtt.o(.data)
    Connect_flag                             0x20000201   Data           1  mqtt.o(.data)
    ConnectPack_flag                         0x20000202   Data           1  mqtt.o(.data)
    SubcribePack_flag                        0x20000203   Data           1  mqtt.o(.data)
    Usart3_RxCompleted                       0x20000204   Data           1  usart3.o(.data)
    Usart3_RxCounter                         0x20000208   Data           4  usart3.o(.data)
    u8_TxBuf                                 0x20000210   Data          10  hlw8110.o(.bss)
    u8_RxBuf                                 0x2000021a   Data          10  hlw8110.o(.bss)
    USART_RX_BUF                             0x20000224   Data         200  usart.o(.bss)
    xQueueRegistry                           0x200002ec   Data          64  queue.o(.bss)
    lcddev                                   0x20002e38   Data          14  lcd.o(.bss)
    MQTT_RxDataBuf                           0x20002e46   Data        1500  mqtt.o(.bss)
    MQTT_TxDataBuf                           0x20003422   Data        1500  mqtt.o(.bss)
    MQTT_CMDBuf                              0x200039fe   Data        1500  mqtt.o(.bss)
    ClientID                                 0x20003fda   Data         128  mqtt.o(.bss)
    Username                                 0x2000405a   Data         128  mqtt.o(.bss)
    Passward                                 0x200040da   Data         128  mqtt.o(.bss)
    ServerIP                                 0x2000415a   Data         128  mqtt.o(.bss)
    temp_buff                                0x200041da   Data         300  mqtt.o(.bss)
    USART3_TxBuff                            0x20004308   Data        1024  usart3.o(.bss)
    Usart3_RxBuff                            0x20004708   Data        1024  usart3.o(.bss)
    __initial_sp                             0x20004f08   Data           0  startup_stm32f10x_md.o(STACK)



==============================================================================

Memory Map of the image

  Image Entry point : 0x08000199

  Load Region LR_1 (Base: 0x08000000, Size: 0x0000c01c, Max: 0xffffffff, ABSOLUTE, COMPRESSED[0x0000be54])

    Execution Region ER_RO (Exec base: 0x08000000, Load base: 0x08000000, Size: 0x0000be0c, Max: 0xffffffff, ABSOLUTE)

    Exec Addr    Load Addr    Size         Type   Attr      Idx    E Section Name        Object

    0x08000000   0x08000000   0x000000ec   Data   RO         1006    RESET               startup_stm32f10x_md.o
    0x080000ec   0x080000ec   0x00000000   Code   RO         4508  * .ARM.Collect$$$$00000000  mc_w.l(entry.o)
    0x080000ec   0x080000ec   0x00000004   Code   RO         4818    .ARM.Collect$$$$00000001  mc_w.l(entry2.o)
    0x080000f0   0x080000f0   0x00000004   Code   RO         4821    .ARM.Collect$$$$00000004  mc_w.l(entry5.o)
    0x080000f4   0x080000f4   0x00000000   Code   RO         4823    .ARM.Collect$$$$00000008  mc_w.l(entry7b.o)
    0x080000f4   0x080000f4   0x00000000   Code   RO         4825    .ARM.Collect$$$$0000000A  mc_w.l(entry8b.o)
    0x080000f4   0x080000f4   0x00000008   Code   RO         4826    .ARM.Collect$$$$0000000B  mc_w.l(entry9a.o)
    0x080000fc   0x080000fc   0x00000000   Code   RO         4828    .ARM.Collect$$$$0000000D  mc_w.l(entry10a.o)
    0x080000fc   0x080000fc   0x00000000   Code   RO         4830    .ARM.Collect$$$$0000000F  mc_w.l(entry11a.o)
    0x080000fc   0x080000fc   0x00000004   Code   RO         4819    .ARM.Collect$$$$00002712  mc_w.l(entry2.o)
    0x08000100   0x08000100   0x00000096   Code   RO         3542    .emb_text           port.o
    0x08000196   0x08000196   0x00000002   PAD
    0x08000198   0x08000198   0x00000024   Code   RO         1007  * .text               startup_stm32f10x_md.o
    0x080001bc   0x080001bc   0x00000024   Code   RO         4511    .text               mc_w.l(memcpya.o)
    0x080001e0   0x080001e0   0x00000024   Code   RO         4513    .text               mc_w.l(memseta.o)
    0x08000204   0x08000204   0x0000000e   Code   RO         4517    .text               mc_w.l(strlen.o)
    0x08000212   0x08000212   0x000000b0   Code   RO         4784    .text               mf_w.l(fadd.o)
    0x080002c2   0x080002c2   0x00000064   Code   RO         4786    .text               mf_w.l(fmul.o)
    0x08000326   0x08000326   0x0000007c   Code   RO         4788    .text               mf_w.l(fdiv.o)
    0x080003a2   0x080003a2   0x000000e4   Code   RO         4790    .text               mf_w.l(dmul.o)
    0x08000486   0x08000486   0x000000de   Code   RO         4792    .text               mf_w.l(ddiv.o)
    0x08000564   0x08000564   0x00000012   Code   RO         4794    .text               mf_w.l(fflti.o)
    0x08000576   0x08000576   0x0000000a   Code   RO         4796    .text               mf_w.l(ffltui.o)
    0x08000580   0x08000580   0x0000001a   Code   RO         4798    .text               mf_w.l(dfltui.o)
    0x0800059a   0x0800059a   0x00000032   Code   RO         4800    .text               mf_w.l(ffixi.o)
    0x080005cc   0x080005cc   0x00000028   Code   RO         4802    .text               mf_w.l(ffixui.o)
    0x080005f4   0x080005f4   0x00000032   Code   RO         4804    .text               mf_w.l(dfixui.o)
    0x08000626   0x08000626   0x00000026   Code   RO         4806    .text               mf_w.l(f2d.o)
    0x0800064c   0x0800064c   0x00000030   Code   RO         4808    .text               mf_w.l(cdcmple.o)
    0x0800067c   0x0800067c   0x00000030   Code   RO         4810    .text               mf_w.l(cdrcmple.o)
    0x080006ac   0x080006ac   0x00000038   Code   RO         4812    .text               mf_w.l(d2f.o)
    0x080006e4   0x080006e4   0x00000014   Code   RO         4814    .text               mf_w.l(cfcmple.o)
    0x080006f8   0x080006f8   0x00000014   Code   RO         4816    .text               mf_w.l(cfrcmple.o)
    0x0800070c   0x0800070c   0x0000002c   Code   RO         4832    .text               mc_w.l(uidiv.o)
    0x08000738   0x08000738   0x00000062   Code   RO         4834    .text               mc_w.l(uldiv.o)
    0x0800079a   0x0800079a   0x00000020   Code   RO         4836    .text               mc_w.l(llushr.o)
    0x080007ba   0x080007ba   0x00000000   Code   RO         4845    .text               mc_w.l(iusefp.o)
    0x080007ba   0x080007ba   0x0000006e   Code   RO         4846    .text               mf_w.l(fepilogue.o)
    0x08000828   0x08000828   0x000000ba   Code   RO         4848    .text               mf_w.l(depilogue.o)
    0x080008e2   0x080008e2   0x0000014e   Code   RO         4850    .text               mf_w.l(dadd.o)
    0x08000a30   0x08000a30   0x000000a2   Code   RO         4852    .text               mf_w.l(dsqrt.o)
    0x08000ad2   0x08000ad2   0x00000030   Code   RO         4854    .text               mf_w.l(dfixul.o)
    0x08000b02   0x08000b02   0x00000002   PAD
    0x08000b04   0x08000b04   0x00000024   Code   RO         4856    .text               mc_w.l(init.o)
    0x08000b28   0x08000b28   0x0000001e   Code   RO         4858    .text               mc_w.l(llshl.o)
    0x08000b46   0x08000b46   0x00000024   Code   RO         4860    .text               mc_w.l(llsshr.o)
    0x08000b6a   0x08000b6a   0x00000056   Code   RO         4870    .text               mc_w.l(__dczerorl2.o)
    0x08000bc0   0x08000bc0   0x000001d4   Code   RO         4280    i.AliIoT_Parameter_Init  mqtt.o
    0x08000d94   0x08000d94   0x00000064   Code   RO            1    i.AppObjCreate      main.o
    0x08000df8   0x08000df8   0x000000b0   Code   RO            2    i.AppTaskCreate     main.o
    0x08000ea8   0x08000ea8   0x00000004   Code   RO          925    i.BusFault_Handler  stm32f10x_it.o
    0x08000eac   0x08000eac   0x00000024   Code   RO          633    i.Calculate_HLW8110_MeterData  hlw8110.o
    0x08000ed0   0x08000ed0   0x00000138   Code   RO          634    i.Check_WriteReg_Success  hlw8110.o
    0x08001008   0x08001008   0x00000034   Code   RO          635    i.Clear_RxBuf       hlw8110.o
    0x0800103c   0x0800103c   0x00000002   Code   RO          926    i.DebugMon_Handler  stm32f10x_it.o
    0x0800103e   0x0800103e   0x00000002   PAD
    0x08001040   0x08001040   0x0000001c   Code   RO          390    i.EXTI0_IRQHandler  exti.o
    0x0800105c   0x0800105c   0x00000034   Code   RO          391    i.EXTI2_IRQHandler  exti.o
    0x08001090   0x08001090   0x00000020   Code   RO          392    i.EXTI3_IRQHandler  exti.o
    0x080010b0   0x080010b0   0x00000020   Code   RO          393    i.EXTI4_IRQHandler  exti.o
    0x080010d0   0x080010d0   0x0000000c   Code   RO         2114    i.EXTI_ClearITPendingBit  stm32f10x_exti.o
    0x080010dc   0x080010dc   0x00000116   Code   RO         1053    i.GPIO_Init         stm32f10x_gpio.o
    0x080011f2   0x080011f2   0x00000012   Code   RO         1057    i.GPIO_ReadInputDataBit  stm32f10x_gpio.o
    0x08001204   0x08001204   0x00000004   Code   RO         1060    i.GPIO_ResetBits    stm32f10x_gpio.o
    0x08001208   0x08001208   0x00000004   Code   RO         1061    i.GPIO_SetBits      stm32f10x_gpio.o
    0x0800120c   0x0800120c   0x00000108   Code   RO         3851    i.GUI_DrawFont16    gui.o
    0x08001314   0x08001314   0x0000011c   Code   RO         3852    i.GUI_DrawFont24    gui.o
    0x08001430   0x08001430   0x0000010c   Code   RO         3853    i.GUI_DrawFont32    gui.o
    0x0800153c   0x0800153c   0x00000018   Code   RO         3854    i.GUI_DrawPoint     gui.o
    0x08001554   0x08001554   0x00000038   Code   RO          636    i.HLW8110_checkSum_Read  hlw8110.o
    0x0800158c   0x0800158c   0x00000028   Code   RO          637    i.HLW8110_checkSum_Write  hlw8110.o
    0x080015b4   0x080015b4   0x0000006c   Code   RO            4    i.HLW_task          main.o
    0x08001620   0x08001620   0x00000004   Code   RO          927    i.HardFault_Handler  stm32f10x_it.o
    0x08001624   0x08001624   0x00000078   Code   RO          638    i.Init_HLW8110      hlw8110.o
    0x0800169c   0x0800169c   0x000003d0   Code   RO          639    i.Judge_CheckSum_HLW8110_Calfactor  hlw8110.o
    0x08001a6c   0x08001a6c   0x00000050   Code   RO          429    i.KEY_Init          key.o
    0x08001abc   0x08001abc   0x000000ac   Code   RO          430    i.KEY_Scan          key.o
    0x08001b68   0x08001b68   0x00000114   Code   RO            5    i.KEY_task          main.o
    0x08001c7c   0x08001c7c   0x00000064   Code   RO         3736    i.LCD_Clear         lcd.o
    0x08001ce0   0x08001ce0   0x000000b0   Code   RO         3858    i.LCD_DrawLine      gui.o
    0x08001d90   0x08001d90   0x00000048   Code   RO         3737    i.LCD_DrawPoint     lcd.o
    0x08001dd8   0x08001dd8   0x00000034   Code   RO         3738    i.LCD_DrawPoint_16Bit  lcd.o
    0x08001e0c   0x08001e0c   0x00000040   Code   RO         3859    i.LCD_DrawRectangle  gui.o
    0x08001e4c   0x08001e4c   0x000000a8   Code   RO         3860    i.LCD_Fill          gui.o
    0x08001ef4   0x08001ef4   0x00000244   Code   RO         3740    i.LCD_Init          lcd.o
    0x08002138   0x08002138   0x00000024   Code   RO         3741    i.LCD_RESET         lcd.o
    0x0800215c   0x0800215c   0x00000038   Code   RO         3742    i.LCD_SetCursor     lcd.o
    0x08002194   0x08002194   0x0000002c   Code   RO         3743    i.LCD_SetParam      lcd.o
    0x080021c0   0x080021c0   0x00000054   Code   RO         3744    i.LCD_SetWindows    lcd.o
    0x08002214   0x08002214   0x00000124   Code   RO         3861    i.LCD_ShowChar      gui.o
    0x08002338   0x08002338   0x000000b0   Code   RO         3862    i.LCD_ShowNum       gui.o
    0x080023e8   0x080023e8   0x0000006c   Code   RO         3863    i.LCD_ShowString    gui.o
    0x08002454   0x08002454   0x0000002c   Code   RO         3745    i.LCD_WR_DATA       lcd.o
    0x08002480   0x08002480   0x00000028   Code   RO         3746    i.LCD_WR_REG        lcd.o
    0x080024a8   0x080024a8   0x00000010   Code   RO         3747    i.LCD_WriteRAM_Prepare  lcd.o
    0x080024b8   0x080024b8   0x00000014   Code   RO         3748    i.LCD_WriteReg      lcd.o
    0x080024cc   0x080024cc   0x00000038   Code   RO          449    i.LED_Init          led.o
    0x08002504   0x08002504   0x000000d8   Code   RO         4282    i.MQTT_Buff_Init    mqtt.o
    0x080025dc   0x080025dc   0x00000218   Code   RO         4283    i.MQTT_ConectPack   mqtt.o
    0x080027f4   0x080027f4   0x0000001c   Code   RO         4285    i.MQTT_PingREQ      mqtt.o
    0x08002810   0x08002810   0x000000ec   Code   RO         4286    i.MQTT_PublishQs0   mqtt.o
    0x080028fc   0x080028fc   0x00000098   Code   RO         4287    i.MQTT_Subscribe    mqtt.o
    0x08002994   0x08002994   0x00000004   Code   RO          928    i.MemManage_Handler  stm32f10x_it.o
    0x08002998   0x08002998   0x00000002   Code   RO          929    i.NMI_Handler       stm32f10x_it.o
    0x0800299a   0x0800299a   0x00000002   PAD
    0x0800299c   0x0800299c   0x00000070   Code   RO         1011    i.NVIC_Init         misc.o
    0x08002a0c   0x08002a0c   0x00000014   Code   RO         1012    i.NVIC_PriorityGroupConfig  misc.o
    0x08002a20   0x08002a20   0x00000750   Code   RO            6    i.OLED_task         main.o
    0x08003170   0x08003170   0x00000020   Code   RO         1187    i.RCC_APB1PeriphClockCmd  stm32f10x_rcc.o
    0x08003190   0x08003190   0x00000020   Code   RO         1189    i.RCC_APB2PeriphClockCmd  stm32f10x_rcc.o
    0x080031b0   0x080031b0   0x000000d4   Code   RO         1197    i.RCC_GetClocksFreq  stm32f10x_rcc.o
    0x08003284   0x08003284   0x000001d0   Code   RO          640    i.Read_HLW8110_EA   hlw8110.o
    0x08003454   0x08003454   0x000000d0   Code   RO          641    i.Read_HLW8110_Freq  hlw8110.o
    0x08003524   0x08003524   0x00000144   Code   RO          642    i.Read_HLW8110_IA   hlw8110.o
    0x08003668   0x08003668   0x00000174   Code   RO          643    i.Read_HLW8110_PA   hlw8110.o
    0x080037dc   0x080037dc   0x0000008c   Code   RO          644    i.Read_HLW8110_PF   hlw8110.o
    0x08003868   0x08003868   0x000000e4   Code   RO          645    i.Read_HLW8110_SA   hlw8110.o
    0x0800394c   0x0800394c   0x00000190   Code   RO          646    i.Read_HLW8110_U    hlw8110.o
    0x08003adc   0x08003adc   0x000000d4   Code   RO         3749    i.SPI1_Init         lcd.o
    0x08003bb0   0x08003bb0   0x00000018   Code   RO         2532    i.SPI_Cmd           stm32f10x_spi.o
    0x08003bc8   0x08003bc8   0x0000003c   Code   RO         2545    i.SPI_Init          stm32f10x_spi.o
    0x08003c04   0x08003c04   0x00000022   Code   RO         3751    i.SPI_WriteByte     lcd.o
    0x08003c26   0x08003c26   0x00000008   Code   RO          970    i.SetSysClock       system_stm32f10x.o
    0x08003c2e   0x08003c2e   0x00000002   PAD
    0x08003c30   0x08003c30   0x000000e0   Code   RO          971    i.SetSysClockTo72   system_stm32f10x.o
    0x08003d10   0x08003d10   0x0000010c   Code   RO         3864    i.Show_Str          gui.o
    0x08003e1c   0x08003e1c   0x00000030   Code   RO          647    i.Start_Send_UartData  hlw8110.o
    0x08003e4c   0x08003e4c   0x00000028   Code   RO         1015    i.SysTick_CLKSourceConfig  misc.o
    0x08003e74   0x08003e74   0x00000010   Code   RO          791    i.SysTick_Handler   delay.o
    0x08003e84   0x08003e84   0x00000060   Code   RO          973    i.SystemInit        system_stm32f10x.o
    0x08003ee4   0x08003ee4   0x00000024   Code   RO          468    i.TIM2_IRQHandler   control_interrupt.o
    0x08003f08   0x08003f08   0x00000094   Code   RO          469    i.TIM3_IRQHandler   control_interrupt.o
    0x08003f9c   0x08003f9c   0x00000060   Code   RO         4447    i.TIM3_Int_Init     timer.o
    0x08003ffc   0x08003ffc   0x00000018   Code   RO          470    i.TIM4_IRQHandler   control_interrupt.o
    0x08004014   0x08004014   0x00000006   Code   RO         1576    i.TIM_ClearITPendingBit  stm32f10x_tim.o
    0x0800401a   0x0800401a   0x00000018   Code   RO         1581    i.TIM_Cmd           stm32f10x_tim.o
    0x08004032   0x08004032   0x00000022   Code   RO         1602    i.TIM_GetITStatus   stm32f10x_tim.o
    0x08004054   0x08004054   0x00000012   Code   RO         1606    i.TIM_ITConfig      stm32f10x_tim.o
    0x08004066   0x08004066   0x00000004   Code   RO         1646    i.TIM_SetCounter    stm32f10x_tim.o
    0x0800406a   0x0800406a   0x00000002   PAD
    0x0800406c   0x0800406c   0x000000a4   Code   RO         1652    i.TIM_TimeBaseInit  stm32f10x_tim.o
    0x08004110   0x08004110   0x00000174   Code   RO         4026    i.TP_Adj_Info_Show  touch.o
    0x08004284   0x08004284   0x000008c0   Code   RO         4027    i.TP_Adjust         touch.o
    0x08004b44   0x08004b44   0x00000078   Code   RO         4029    i.TP_Drow_Touch_Point  touch.o
    0x08004bbc   0x08004bbc   0x00000054   Code   RO         4030    i.TP_Init           touch.o
    0x08004c10   0x08004c10   0x00000088   Code   RO         4031    i.TP_Read_AD        touch.o
    0x08004c98   0x08004c98   0x00000078   Code   RO         4032    i.TP_Read_XOY       touch.o
    0x08004d10   0x08004d10   0x00000030   Code   RO         4033    i.TP_Read_XY        touch.o
    0x08004d40   0x08004d40   0x000000c0   Code   RO         4034    i.TP_Read_XY2       touch.o
    0x08004e00   0x08004e00   0x000000fc   Code   RO         4035    i.TP_Scan           touch.o
    0x08004efc   0x08004efc   0x00000040   Code   RO         4036    i.TP_Write_Byte     touch.o
    0x08004f3c   0x08004f3c   0x00000064   Code   RO         4288    i.TxDataBuf_Deal    mqtt.o
    0x08004fa0   0x08004fa0   0x00000088   Code   RO          868    i.USART1_IRQHandler  usart.o
    0x08005028   0x08005028   0x00000008   Code   RO          472    i.USART2_IRQHandler  control_interrupt.o
    0x08005030   0x08005030   0x00000060   Code   RO          648    i.USART2_IRQ_User   hlw8110.o
    0x08005090   0x08005090   0x0000007c   Code   RO          473    i.USART3_IRQHandler  control_interrupt.o
    0x0800510c   0x0800510c   0x00000018   Code   RO         1389    i.USART_Cmd         stm32f10x_usart.o
    0x08005124   0x08005124   0x00000054   Code   RO         1393    i.USART_GetITStatus  stm32f10x_usart.o
    0x08005178   0x08005178   0x0000004a   Code   RO         1395    i.USART_ITConfig    stm32f10x_usart.o
    0x080051c2   0x080051c2   0x00000002   PAD
    0x080051c4   0x080051c4   0x000000d8   Code   RO         1396    i.USART_Init        stm32f10x_usart.o
    0x0800529c   0x0800529c   0x0000000a   Code   RO         1403    i.USART_ReceiveData  stm32f10x_usart.o
    0x080052a6   0x080052a6   0x00000002   PAD
    0x080052a8   0x080052a8   0x00000040   Code   RO          650    i.Uart_HLW8110_Set_Channel_A  hlw8110.o
    0x080052e8   0x080052e8   0x00000040   Code   RO          651    i.Uart_HLW8110_WriteREG_DIS  hlw8110.o
    0x08005328   0x08005328   0x00000040   Code   RO          652    i.Uart_HLW8110_WriteREG_EN  hlw8110.o
    0x08005368   0x08005368   0x00000038   Code   RO          653    i.Uart_Read_HLW8110_Reg  hlw8110.o
    0x080053a0   0x080053a0   0x00000064   Code   RO          654    i.Uart_Write_HLW8110_Reg  hlw8110.o
    0x08005404   0x08005404   0x00000004   Code   RO          930    i.UsageFault_Handler  stm32f10x_it.o
    0x08005408   0x08005408   0x00000020   Code   RO         4756    i.__0printf         mc_w.l(printfa.o)
    0x08005428   0x08005428   0x00000028   Code   RO         4758    i.__0sprintf        mc_w.l(printfa.o)
    0x08005450   0x08005450   0x0000000e   Code   RO         4864    i.__scatterload_copy  mc_w.l(handlers.o)
    0x0800545e   0x0800545e   0x00000002   Code   RO         4865    i.__scatterload_null  mc_w.l(handlers.o)
    0x08005460   0x08005460   0x0000000e   Code   RO         4866    i.__scatterload_zeroinit  mc_w.l(handlers.o)
    0x0800546e   0x0800546e   0x00000002   PAD
    0x08005470   0x08005470   0x0000000c   Code   RO         4840    i.__set_errno       mc_w.l(errno.o)
    0x0800547c   0x0800547c   0x00000084   Code   RO         3865    i._draw_circle_8    gui.o
    0x08005500   0x08005500   0x00000184   Code   RO         4763    i._fp_digits        mc_w.l(printfa.o)
    0x08005684   0x08005684   0x000006dc   Code   RO         4764    i._printf_core      mc_w.l(printfa.o)
    0x08005d60   0x08005d60   0x00000024   Code   RO         4765    i._printf_post_padding  mc_w.l(printfa.o)
    0x08005d84   0x08005d84   0x0000002e   Code   RO         4766    i._printf_pre_padding  mc_w.l(printfa.o)
    0x08005db2   0x08005db2   0x0000000a   Code   RO         4768    i._sputc            mc_w.l(printfa.o)
    0x08005dbc   0x08005dbc   0x00000060   Code   RO          295    i.bsp_Init          bsp.o
    0x08005e1c   0x08005e1c   0x0000005c   Code   RO          792    i.delay_init        delay.o
    0x08005e78   0x08005e78   0x00000040   Code   RO          793    i.delay_ms          delay.o
    0x08005eb8   0x08005eb8   0x00000048   Code   RO          794    i.delay_us          delay.o
    0x08005f00   0x08005f00   0x0000001c   Code   RO          870    i.fputc             usart.o
    0x08005f1c   0x08005f1c   0x0000009a   Code   RO         3866    i.gui_circle        gui.o
    0x08005fb6   0x08005fb6   0x00000002   PAD
    0x08005fb8   0x08005fb8   0x00000110   Code   RO            7    i.led0_task         main.o
    0x080060c8   0x080060c8   0x0000001c   Code   RO            8    i.main              main.o
    0x080060e4   0x080060e4   0x00000016   Code   RO         3867    i.mypow             gui.o
    0x080060fa   0x080060fa   0x00000002   PAD
    0x080060fc   0x080060fc   0x00000098   Code   RO         3046    i.prvAddCurrentTaskToDelayedList  tasks.o
    0x08006194   0x08006194   0x000000b8   Code   RO         3047    i.prvAddNewTaskToReadyList  tasks.o
    0x0800624c   0x0800624c   0x00000064   Code   RO         3412    i.prvCheckForValidListAndQueue  timers.o
    0x080062b0   0x080062b0   0x00000064   Code   RO         3048    i.prvCheckTasksWaitingTermination  tasks.o
    0x08006314   0x08006314   0x0000002a   Code   RO         2816    i.prvCopyDataFromQueue  queue.o
    0x0800633e   0x0800633e   0x0000007c   Code   RO         2817    i.prvCopyDataToQueue  queue.o
    0x080063ba   0x080063ba   0x00000012   Code   RO         3049    i.prvDeleteTCB      tasks.o
    0x080063cc   0x080063cc   0x00000028   Code   RO         3413    i.prvGetNextExpireTime  timers.o
    0x080063f4   0x080063f4   0x0000007c   Code   RO         3619    i.prvHeapInit       heap_4.o
    0x08006470   0x08006470   0x00000028   Code   RO         3050    i.prvIdleTask       tasks.o
    0x08006498   0x08006498   0x0000002e   Code   RO         2819    i.prvInitialiseNewQueue  queue.o
    0x080064c6   0x080064c6   0x00000002   PAD
    0x080064c8   0x080064c8   0x000000d0   Code   RO         3051    i.prvInitialiseNewTask  tasks.o
    0x08006598   0x08006598   0x0000006c   Code   RO         3414    i.prvInitialiseNewTimer  timers.o
    0x08006604   0x08006604   0x00000068   Code   RO         3052    i.prvInitialiseTaskLists  tasks.o
    0x0800666c   0x0800666c   0x00000068   Code   RO         3620    i.prvInsertBlockIntoFreeList  heap_4.o
    0x080066d4   0x080066d4   0x00000058   Code   RO         3415    i.prvInsertTimerInActiveList  timers.o
    0x0800672c   0x0800672c   0x0000001a   Code   RO         2820    i.prvIsQueueEmpty   queue.o
    0x08006746   0x08006746   0x0000001e   Code   RO         2821    i.prvIsQueueFull    queue.o
    0x08006764   0x08006764   0x000000a0   Code   RO         2822    i.prvNotifyQueueSetContainer  queue.o
    0x08006804   0x08006804   0x00000080   Code   RO         3416    i.prvProcessExpiredTimer  timers.o
    0x08006884   0x08006884   0x0000012c   Code   RO         3417    i.prvProcessReceivedCommands  timers.o
    0x080069b0   0x080069b0   0x00000074   Code   RO         3418    i.prvProcessTimerOrBlockTask  timers.o
    0x08006a24   0x08006a24   0x00000034   Code   RO         3054    i.prvResetNextTaskUnblockTime  tasks.o
    0x08006a58   0x08006a58   0x0000002c   Code   RO         3419    i.prvSampleTimeNow  timers.o
    0x08006a84   0x08006a84   0x000000bc   Code   RO         3420    i.prvSwitchTimerLists  timers.o
    0x08006b40   0x08006b40   0x00000070   Code   RO         3543    i.prvTaskExitError  port.o
    0x08006bb0   0x08006bb0   0x0000001a   Code   RO         3421    i.prvTimerTask      timers.o
    0x08006bca   0x08006bca   0x00000092   Code   RO         2823    i.prvUnlockQueue    queue.o
    0x08006c5c   0x08006c5c   0x00000154   Code   RO         3621    i.pvPortMalloc      heap_4.o
    0x08006db0   0x08006db0   0x00000020   Code   RO         3058    i.pvTaskIncrementMutexHeldCount  tasks.o
    0x08006dd0   0x08006dd0   0x0000004c   Code   RO         3422    i.pvTimerGetTimerID  timers.o
    0x08006e1c   0x08006e1c   0x00000024   Code   RO         3544    i.pxPortInitialiseStack  port.o
    0x08006e40   0x08006e40   0x0000004c   Code   RO         4501    i.sqrt              m_ws.l(sqrt.o)
    0x08006e8c   0x08006e8c   0x000000a0   Code   RO          871    i.uart_init         usart.o
    0x08006f2c   0x08006f2c   0x000000b4   Code   RO          621    i.usart2_init       usart2.o
    0x08006fe0   0x08006fe0   0x000000a8   Code   RO         4464    i.usart3_init       usart3.o
    0x08007088   0x08007088   0x00000018   Code   RO         4153    i.utils_hb2hex      utils_md5.o
    0x080070a0   0x080070a0   0x000000e8   Code   RO         4107    i.utils_hmac_sha1   utils_hmac.o
    0x08007188   0x08007188   0x000000e8   Code   RO         4221    i.utils_sha1_finish  utils_sha1.o
    0x08007270   0x08007270   0x0000000e   Code   RO         4223    i.utils_sha1_init   utils_sha1.o
    0x0800727e   0x0800727e   0x00000002   PAD
    0x08007280   0x08007280   0x0000191c   Code   RO         4224    i.utils_sha1_process  utils_sha1.o
    0x08008b9c   0x08008b9c   0x0000002c   Code   RO         4225    i.utils_sha1_starts  utils_sha1.o
    0x08008bc8   0x08008bc8   0x0000007c   Code   RO         4226    i.utils_sha1_update  utils_sha1.o
    0x08008c44   0x08008c44   0x00000028   Code   RO         2779    i.uxListRemove      list.o
    0x08008c6c   0x08008c6c   0x0000001a   Code   RO         2780    i.vListInitialise   list.o
    0x08008c86   0x08008c86   0x00000006   Code   RO         2781    i.vListInitialiseItem  list.o
    0x08008c8c   0x08008c8c   0x00000034   Code   RO         2782    i.vListInsert       list.o
    0x08008cc0   0x08008cc0   0x00000018   Code   RO         2783    i.vListInsertEnd    list.o
    0x08008cd8   0x08008cd8   0x00000088   Code   RO         3546    i.vPortEnterCritical  port.o
    0x08008d60   0x08008d60   0x00000070   Code   RO         3547    i.vPortExitCritical  port.o
    0x08008dd0   0x08008dd0   0x000000b8   Code   RO         3622    i.vPortFree         heap_4.o
    0x08008e88   0x08008e88   0x00000020   Code   RO         3548    i.vPortSetupTimerInterrupt  port.o
    0x08008ea8   0x08008ea8   0x000000a0   Code   RO         3549    i.vPortValidateInterruptPriority  port.o
    0x08008f48   0x08008f48   0x0000002c   Code   RO         2829    i.vQueueAddToRegistry  queue.o
    0x08008f74   0x08008f74   0x0000004a   Code   RO         2833    i.vQueueWaitForMessageRestricted  queue.o
    0x08008fbe   0x08008fbe   0x00000002   PAD
    0x08008fc0   0x08008fc0   0x00000074   Code   RO         3066    i.vTaskDelay        tasks.o
    0x08009034   0x08009034   0x0000000c   Code   RO         3073    i.vTaskMissedYield  tasks.o
    0x08009040   0x08009040   0x00000054   Code   RO         3075    i.vTaskPlaceOnEventList  tasks.o
    0x08009094   0x08009094   0x0000005c   Code   RO         3076    i.vTaskPlaceOnEventListRestricted  tasks.o
    0x080090f0   0x080090f0   0x000000b0   Code   RO         3078    i.vTaskPriorityInherit  tasks.o
    0x080091a0   0x080091a0   0x0000004c   Code   RO         3082    i.vTaskSetTimeOutState  tasks.o
    0x080091ec   0x080091ec   0x000000b4   Code   RO         3083    i.vTaskStartScheduler  tasks.o
    0x080092a0   0x080092a0   0x00000010   Code   RO         3085    i.vTaskSuspendAll   tasks.o
    0x080092b0   0x080092b0   0x000000e8   Code   RO         3086    i.vTaskSwitchContext  tasks.o
    0x08009398   0x08009398   0x000000e0   Code   RO            9    i.vTimerCallback    main.o
    0x08009478   0x08009478   0x000000a0   Code   RO         3550    i.xPortStartScheduler  port.o
    0x08009518   0x08009518   0x00000034   Code   RO         3551    i.xPortSysTickHandler  port.o
    0x0800954c   0x0800954c   0x00000074   Code   RO         2838    i.xQueueGenericCreate  queue.o
    0x080095c0   0x080095c0   0x000001c8   Code   RO         2839    i.xQueueGenericReceive  queue.o
    0x08009788   0x08009788   0x000000b0   Code   RO         2840    i.xQueueGenericReset  queue.o
    0x08009838   0x08009838   0x000001c4   Code   RO         2841    i.xQueueGenericSend  queue.o
    0x080099fc   0x080099fc   0x00000110   Code   RO         2842    i.xQueueGenericSendFromISR  queue.o
    0x08009b0c   0x08009b0c   0x000000a0   Code   RO         3087    i.xTaskCheckForTimeOut  tasks.o
    0x08009bac   0x08009bac   0x00000060   Code   RO         3088    i.xTaskCreate       tasks.o
    0x08009c0c   0x08009c0c   0x00000114   Code   RO         3089    i.xTaskGenericNotify  tasks.o
    0x08009d20   0x08009d20   0x00000020   Code   RO         3092    i.xTaskGetSchedulerState  tasks.o
    0x08009d40   0x08009d40   0x0000000c   Code   RO         3093    i.xTaskGetTickCount  tasks.o
    0x08009d4c   0x08009d4c   0x00000160   Code   RO         3095    i.xTaskIncrementTick  tasks.o
    0x08009eac   0x08009eac   0x000000a0   Code   RO         3097    i.xTaskNotifyWait   tasks.o
    0x08009f4c   0x08009f4c   0x000000d8   Code   RO         3098    i.xTaskPriorityDisinherit  tasks.o
    0x0800a024   0x0800a024   0x000000b4   Code   RO         3099    i.xTaskRemoveFromEventList  tasks.o
    0x0800a0d8   0x0800a0d8   0x00000120   Code   RO         3101    i.xTaskResumeAll    tasks.o
    0x0800a1f8   0x0800a1f8   0x00000030   Code   RO         3424    i.xTimerCreate      timers.o
    0x0800a228   0x0800a228   0x00000074   Code   RO         3425    i.xTimerCreateTimerTask  timers.o
    0x0800a29c   0x0800a29c   0x000000a4   Code   RO         3426    i.xTimerGenericCommand  timers.o
    0x0800a340   0x0800a340   0x00001944   Data   RO         3868    .constdata          gui.o
    0x0800bc84   0x0800bc84   0x00000040   Data   RO         4228    .constdata          utils_sha1.o
    0x0800bcc4   0x0800bcc4   0x000000ab   Data   RO           10    .conststring        main.o
    0x0800bd6f   0x0800bd6f   0x00000001   PAD
    0x0800bd70   0x0800bd70   0x00000079   Data   RO         4037    .conststring        touch.o
    0x0800bde9   0x0800bde9   0x00000003   PAD
    0x0800bdec   0x0800bdec   0x00000020   Data   RO         4862    Region$$Table       anon$$obj.o


    Execution Region ER_RW (Exec base: 0x20000000, Load base: 0x0800be0c, Size: 0x00000210, Max: 0xffffffff, ABSOLUTE, COMPRESSED[0x00000048])

    Exec Addr    Load Addr    Size         Type   Attr      Idx    E Section Name        Object

    0x20000000   COMPRESSED   0x00000024   Data   RW           11    .data               main.o
    0x20000024   COMPRESSED   0x00000001   Data   RW          431    .data               key.o
    0x20000025   COMPRESSED   0x00000003   PAD
    0x20000028   COMPRESSED   0x00000004   Data   RW          474    .data               control_interrupt.o
    0x2000002c   COMPRESSED   0x000000ac   Data   RW          656    .data               hlw8110.o
    0x200000d8   COMPRESSED   0x00000004   Data   RW          796    .data               delay.o
    0x200000dc   COMPRESSED   0x00000006   Data   RW          873    .data               usart.o
    0x200000e2   COMPRESSED   0x00000002   PAD
    0x200000e4   COMPRESSED   0x00000014   Data   RW          974    .data               system_stm32f10x.o
    0x200000f8   COMPRESSED   0x00000014   Data   RW         1217    .data               stm32f10x_rcc.o
    0x2000010c   COMPRESSED   0x00000044   Data   RW         3104    .data               tasks.o
    0x20000150   COMPRESSED   0x00000014   Data   RW         3434    .data               timers.o
    0x20000164   COMPRESSED   0x0000000c   Data   RW         3552    .data               port.o
    0x20000170   COMPRESSED   0x00000018   Data   RW         3627    .data               heap_4.o
    0x20000188   COMPRESSED   0x00000006   Data   RW         3754    .data               lcd.o
    0x2000018e   COMPRESSED   0x00000002   PAD
    0x20000190   COMPRESSED   0x00000030   Data   RW         4038    .data               touch.o
    0x200001c0   COMPRESSED   0x00000044   Data   RW         4290    .data               mqtt.o
    0x20000204   COMPRESSED   0x00000008   Data   RW         4466    .data               usart3.o
    0x2000020c   COMPRESSED   0x00000004   Data   RW         4841    .data               mc_w.l(errno.o)


    Execution Region ER_ZI (Exec base: 0x20000210, Load base: 0x0800be54, Size: 0x00004cf8, Max: 0xffffffff, ABSOLUTE)

    Exec Addr    Load Addr    Size         Type   Attr      Idx    E Section Name        Object

    0x20000210        -       0x00000014   Zero   RW          655    .bss                hlw8110.o
    0x20000224        -       0x000000c8   Zero   RW          872    .bss                usart.o
    0x200002ec        -       0x00000040   Zero   RW         2853    .bss                queue.o
    0x2000032c        -       0x000002e4   Zero   RW         3103    .bss                tasks.o
    0x20000610        -       0x00000028   Zero   RW         3433    .bss                timers.o
    0x20000638        -       0x00002800   Zero   RW         3626    .bss                heap_4.o
    0x20002e38        -       0x0000000e   Zero   RW         3753    .bss                lcd.o
    0x20002e46        -       0x000014c0   Zero   RW         4289    .bss                mqtt.o
    0x20004306   0x0800be54   0x00000002   PAD
    0x20004308        -       0x00000800   Zero   RW         4465    .bss                usart3.o
    0x20004b08        -       0x00000400   Zero   RW         1004    STACK               startup_stm32f10x_md.o


==============================================================================

Image component sizes


      Code (inc. data)   RO Data    RW Data    ZI Data      Debug   Object Name

        96          8          0          0          0        507   bsp.o
       340         52          0          4          0       3256   control_interrupt.o
       244         26          0          4          0       2413   delay.o
         0          0          0          0          0       7976   event_groups.o
       144         24          0          0          0       1940   exti.o
      2400         96       6468          0          0      12950   gui.o
       752        176          0         24      10240       3947   heap_4.o
      4220       1128          0        172         20      15852   hlw8110.o
       252         18          0          1          0       1194   key.o
      1390         92          0          6         14      11577   lcd.o
        56          6          0          0          0        503   led.o
       148          0          0          0          0       3142   list.o
      3056        522        171         36          0     295179   main.o
       172         22          0          0          0       2125   misc.o
      1736        502          0         68       5312       6129   mqtt.o
       950        320          0         12          0      10349   port.o
      2164        238          0          0         64      13149   queue.o
        36          8        236          0       1024        808   startup_stm32f10x_md.o
        12          6          0          0          0        541   stm32f10x_exti.o
       304          0          0          0          0       3744   stm32f10x_gpio.o
        20          0          0          0          0       2693   stm32f10x_it.o
       276         32          0         20          0       4526   stm32f10x_rcc.o
        84          0          0          0          0       2177   stm32f10x_spi.o
       250         42          0          0          0       4203   stm32f10x_tim.o
       408          6          0          0          0       5102   stm32f10x_usart.o
         0          0          0          0          0         32   sys.o
       328         28          0         20          0       2257   system_stm32f10x.o
      3646        886          0         68        740      30324   tasks.o
        96          6          0          0          0        664   timer.o
      1542        394          0         20         40      10922   timers.o
      3628        346        121         48          0       8642   touch.o
       324         26          0          6        200       3772   usart.o
       180          8          0          0          0        738   usart2.o
       168          8          0          8       2048       1524   usart3.o
       232          0          0          0          0       2782   utils_hmac.o
        24          0          0          0          0        535   utils_md5.o
      6842         40         64          0          0       5879   utils_sha1.o

    ----------------------------------------------------------------------
     36544       5066       7096        524      19704     484053   Object Totals
         0          0         32          0          0          0   (incl. Generated)
        24          0          4          7          2          0   (incl. Padding)

    ----------------------------------------------------------------------

      Code (inc. data)   RO Data    RW Data    ZI Data      Debug   Library Member Name

        76          0          0          0          0         84   sqrt.o
        86          0          0          0          0          0   __dczerorl2.o
         0          0          0          0          0          0   entry.o
         0          0          0          0          0          0   entry10a.o
         0          0          0          0          0          0   entry11a.o
         8          4          0          0          0          0   entry2.o
         4          0          0          0          0          0   entry5.o
         0          0          0          0          0          0   entry7b.o
         0          0          0          0          0          0   entry8b.o
         8          4          0          0          0          0   entry9a.o
        12          6          0          4          0         68   errno.o
        30          0          0          0          0          0   handlers.o
        36          8          0          0          0         68   init.o
         0          0          0          0          0          0   iusefp.o
        30          0          0          0          0         68   llshl.o
        36          0          0          0          0         68   llsshr.o
        32          0          0          0          0         68   llushr.o
        36          0          0          0          0         68   memcpya.o
        36          0          0          0          0        108   memseta.o
      2308         96          0          0          0        604   printfa.o
        14          0          0          0          0         68   strlen.o
        44          0          0          0          0         80   uidiv.o
        98          0          0          0          0         92   uldiv.o
        48          0          0          0          0         68   cdcmple.o
        48          0          0          0          0         68   cdrcmple.o
        20          0          0          0          0         68   cfcmple.o
        20          0          0          0          0         68   cfrcmple.o
        56          0          0          0          0         88   d2f.o
       334          0          0          0          0        148   dadd.o
       222          0          0          0          0        100   ddiv.o
       186          0          0          0          0        176   depilogue.o
        50          0          0          0          0         76   dfixui.o
        48          0          0          0          0         68   dfixul.o
        26          0          0          0          0         76   dfltui.o
       228          0          0          0          0         96   dmul.o
       162          0          0          0          0        100   dsqrt.o
        38          0          0          0          0         68   f2d.o
       176          0          0          0          0        140   fadd.o
       124          0          0          0          0         88   fdiv.o
       110          0          0          0          0        168   fepilogue.o
        50          0          0          0          0         68   ffixi.o
        40          0          0          0          0         68   ffixui.o
        18          0          0          0          0         68   fflti.o
        10          0          0          0          0         68   ffltui.o
       100          0          0          0          0         76   fmul.o

    ----------------------------------------------------------------------
      5012        118          0          4          0       3456   Library Totals
         4          0          0          0          0          0   (incl. Padding)

    ----------------------------------------------------------------------

      Code (inc. data)   RO Data    RW Data    ZI Data      Debug   Library Name

        76          0          0          0          0         84   m_ws.l
      2818        118          0          4          0       1360   mc_w.l
      2114          0          0          0          0       2012   mf_w.l

    ----------------------------------------------------------------------
      5012        118          0          4          0       3456   Library Totals

    ----------------------------------------------------------------------

==============================================================================


      Code (inc. data)   RO Data    RW Data    ZI Data      Debug   

     41556       5184       7096        528      19704     475001   Grand Totals
     41556       5184       7096         72      19704     475001   ELF Image Totals (compressed)
     41556       5184       7096         72          0          0   ROM Totals

==============================================================================

    Total RO  Size (Code + RO Data)                48652 (  47.51kB)
    Total RW  Size (RW Data + ZI Data)             20232 (  19.76kB)
    Total ROM Size (Code + RO Data + RW Data)      48724 (  47.58kB)

==============================================================================

