Component: ARM Compiler 5.06 update 6 (build 750) Tool: armlink [4d35ed]

==============================================================================

Section Cross References

    main.o(i.AppObjCreate) refers to timers.o(i.xTimerCreate) for xTimerCreate
    main.o(i.AppObjCreate) refers to printfa.o(i.__0printf) for __2printf
    main.o(i.AppObjCreate) refers to main.o(i.vTimerCallback) for vTimerCallback
    main.o(i.AppObjCreate) refers to main.o(.data) for xTimers1
    main.o(i.AppTaskCreate) refers to port.o(i.vPortEnterCritical) for vPortEnterCritical
    main.o(i.AppTaskCreate) refers to tasks.o(i.xTaskCreate) for xTaskCreate
    main.o(i.AppTaskCreate) refers to port.o(i.vPortExitCritical) for vPortExitCritical
    main.o(i.AppTaskCreate) refers to main.o(.data) for LED0Task_Handler
    main.o(i.AppTaskCreate) refers to main.o(i.led0_task) for led0_task
    main.o(i.AppTaskCreate) refers to main.o(i.KEY_task) for KEY_task
    main.o(i.AppTaskCreate) refers to main.o(i.OLED_task) for OLED_task
    main.o(i.CPU_task) refers to timer2.o(i.TIM2_Int) for TIM2_Int
    main.o(i.CPU_task) refers to memseta.o(.text) for __aeabi_memclr4
    main.o(i.CPU_task) refers to tasks.o(i.vTaskList) for vTaskList
    main.o(i.CPU_task) refers to printfa.o(i.__0printf) for __2printf
    main.o(i.CPU_task) refers to tasks.o(i.vTaskGetRunTimeStats) for vTaskGetRunTimeStats
    main.o(i.CPU_task) refers to tasks.o(i.vTaskDelay) for vTaskDelay
    main.o(i.CPU_task) refers to main.o(.conststring) for .conststring
    main.o(i.KEY_task) refers to hlw8110.o(i.Init_HLW8110) for Init_HLW8110
    main.o(i.KEY_task) refers to key.o(i.KEY_Scan) for KEY_Scan
    main.o(i.KEY_task) refers to hlw8110.o(i.Calculate_HLW8110_MeterData) for Calculate_HLW8110_MeterData
    main.o(i.KEY_task) refers to tasks.o(i.vTaskDelay) for vTaskDelay
    main.o(i.KEY_task) refers to main.o(.data) for key_cout
    main.o(i.OLED_task) refers to lcd.o(i.LCD_Clear) for LCD_Clear
    main.o(i.OLED_task) refers to gui.o(i.LCD_Fill) for LCD_Fill
    main.o(i.OLED_task) refers to gui.o(i.Show_Str) for Show_Str
    main.o(i.OLED_task) refers to gui.o(i.LCD_DrawLine) for LCD_DrawLine
    main.o(i.OLED_task) refers to tasks.o(i.ulTaskNotifyTake) for ulTaskNotifyTake
    main.o(i.OLED_task) refers to f2d.o(.text) for __aeabi_f2d
    main.o(i.OLED_task) refers to printfa.o(i.__0sprintf) for __2sprintf
    main.o(i.OLED_task) refers to lcd.o(.bss) for lcddev
    main.o(i.OLED_task) refers to hlw8110.o(.data) for F_DC_E
    main.o(i.led0_task) refers to tasks.o(i.xTaskGenericNotify) for xTaskGenericNotify
    main.o(i.led0_task) refers to f2d.o(.text) for __aeabi_f2d
    main.o(i.led0_task) refers to printfa.o(i.__0sprintf) for __2sprintf
    main.o(i.led0_task) refers to strlen.o(.text) for strlen
    main.o(i.led0_task) refers to mqtt.o(i.MQTT_PublishQs0) for MQTT_PublishQs0
    main.o(i.led0_task) refers to tasks.o(i.vTaskDelay) for vTaskDelay
    main.o(i.led0_task) refers to main.o(.data) for OLEDask_Handler
    main.o(i.led0_task) refers to mqtt.o(.data) for SubcribePack_flag
    main.o(i.led0_task) refers to hlw8110.o(.data) for F_DC_E
    main.o(i.led0_task) refers to main.o(.conststring) for .conststring
    main.o(i.main) refers to bsp.o(i.bsp_Init) for bsp_Init
    main.o(i.main) refers to main.o(i.AppTaskCreate) for AppTaskCreate
    main.o(i.main) refers to main.o(i.AppObjCreate) for AppObjCreate
    main.o(i.main) refers to tasks.o(i.vTaskStartScheduler) for vTaskStartScheduler
    main.o(i.vTimerCallback) refers to printfa.o(i.__0printf) for __2printf
    main.o(i.vTimerCallback) refers to timers.o(i.pvTimerGetTimerID) for pvTimerGetTimerID
    main.o(i.vTimerCallback) refers to mqtt.o(i.MQTT_PingREQ) for MQTT_PingREQ
    main.o(i.vTimerCallback) refers to timers.o(i.xTimerGenericCommand) for xTimerGenericCommand
    main.o(i.vTimerCallback) refers to tasks.o(i.xTaskGetTickCount) for xTaskGetTickCount
    main.o(i.vTimerCallback) refers to main.o(.data) for time_coun
    main.o(i.vTimerCallback) refers to mqtt.o(.data) for Ping_flag
    bsp.o(i.bsp_Init) refers to misc.o(i.NVIC_PriorityGroupConfig) for NVIC_PriorityGroupConfig
    bsp.o(i.bsp_Init) refers to delay.o(i.delay_init) for delay_init
    bsp.o(i.bsp_Init) refers to led.o(i.LED_Init) for LED_Init
    bsp.o(i.bsp_Init) refers to lcd.o(i.LCD_Init) for LCD_Init
    bsp.o(i.bsp_Init) refers to usart.o(i.uart_init) for uart_init
    bsp.o(i.bsp_Init) refers to usart2.o(i.usart2_init) for usart2_init
    bsp.o(i.bsp_Init) refers to usart3.o(i.usart3_init) for usart3_init
    bsp.o(i.bsp_Init) refers to key.o(i.KEY_Init) for KEY_Init
    bsp.o(i.bsp_Init) refers to timer.o(i.TIM3_Int_Init) for TIM3_Int_Init
    bsp.o(i.bsp_Init) refers to mqtt.o(i.AliIoT_Parameter_Init) for AliIoT_Parameter_Init
    bsp.o(i.bsp_Init) refers to mqtt.o(i.MQTT_Buff_Init) for MQTT_Buff_Init
    bsp.o(i.bsp_Init) refers to memseta.o(.text) for __aeabi_memclr
[...]
    prvInitialiseNewQueue                    0x08004ed9   Thumb Code    46  queue.o(i.prvInitialiseNewQueue)
    i.prvInitialiseNewTask                   0x08004f08   Section        0  tasks.o(i.prvInitialiseNewTask)
    prvInitialiseNewTask                     0x08004f09   Thumb Code   172  tasks.o(i.prvInitialiseNewTask)
    i.prvInitialiseNewTimer                  0x08004fd8   Section        0  timers.o(i.prvInitialiseNewTimer)
    prvInitialiseNewTimer                    0x08004fd9   Thumb Code    68  timers.o(i.prvInitialiseNewTimer)
    i.prvInitialiseTaskLists                 0x08005044   Section        0  tasks.o(i.prvInitialiseTaskLists)
    prvInitialiseTaskLists                   0x08005045   Thumb Code    70  tasks.o(i.prvInitialiseTaskLists)
    i.prvInsertBlockIntoFreeList             0x080050ac   Section        0  heap_4.o(i.prvInsertBlockIntoFreeList)
    prvInsertBlockIntoFreeList               0x080050ad   Thumb Code    96  heap_4.o(i.prvInsertBlockIntoFreeList)
    i.prvInsertTimerInActiveList             0x08005114   Section        0  timers.o(i.prvInsertTimerInActiveList)
    prvInsertTimerInActiveList               0x08005115   Thumb Code    80  timers.o(i.prvInsertTimerInActiveList)
    i.prvIsQueueEmpty                        0x0800516c   Section        0  queue.o(i.prvIsQueueEmpty)
    prvIsQueueEmpty                          0x0800516d   Thumb Code    26  queue.o(i.prvIsQueueEmpty)
    i.prvIsQueueFull                         0x08005186   Section        0  queue.o(i.prvIsQueueFull)
    prvIsQueueFull                           0x08005187   Thumb Code    30  queue.o(i.prvIsQueueFull)
    i.prvNotifyQueueSetContainer             0x080051a4   Section        0  queue.o(i.prvNotifyQueueSetContainer)
    prvNotifyQueueSetContainer               0x080051a5   Thumb Code   124  queue.o(i.prvNotifyQueueSetContainer)
    i.prvProcessExpiredTimer                 0x08005244   Section        0  timers.o(i.prvProcessExpiredTimer)
    prvProcessExpiredTimer                   0x08005245   Thumb Code    84  timers.o(i.prvProcessExpiredTimer)
    i.prvProcessReceivedCommands             0x080052c4   Section        0  timers.o(i.prvProcessReceivedCommands)
    prvProcessReceivedCommands               0x080052c5   Thumb Code   254  timers.o(i.prvProcessReceivedCommands)
    i.prvProcessTimerOrBlockTask             0x080053f0   Section        0  timers.o(i.prvProcessTimerOrBlockTask)
    prvProcessTimerOrBlockTask               0x080053f1   Thumb Code   102  timers.o(i.prvProcessTimerOrBlockTask)
    i.prvResetNextTaskUnblockTime            0x08005464   Section        0  tasks.o(i.prvResetNextTaskUnblockTime)
    prvResetNextTaskUnblockTime              0x08005465   Thumb Code    42  tasks.o(i.prvResetNextTaskUnblockTime)
    i.prvSampleTimeNow                       0x08005498   Section        0  timers.o(i.prvSampleTimeNow)
    prvSampleTimeNow                         0x08005499   Thumb Code    40  timers.o(i.prvSampleTimeNow)
    i.prvSwitchTimerLists                    0x080054c4   Section        0  timers.o(i.prvSwitchTimerLists)
    prvSwitchTimerLists                      0x080054c5   Thumb Code   140  timers.o(i.prvSwitchTimerLists)
    i.prvTaskExitError                       0x08005580   Section        0  port.o(i.prvTaskExitError)
    prvTaskExitError                         0x08005581   Thumb Code    48  port.o(i.prvTaskExitError)
    i.prvTimerTask                           0x080055f0   Section        0  timers.o(i.prvTimerTask)
    prvTimerTask                             0x080055f1   Thumb Code    26  timers.o(i.prvTimerTask)
    i.prvUnlockQueue                         0x0800560a   Section        0  queue.o(i.prvUnlockQueue)
    prvUnlockQueue                           0x0800560b   Thumb Code   146  queue.o(i.prvUnlockQueue)
    i.pvPortMalloc                           0x0800569c   Section        0  heap_4.o(i.pvPortMalloc)
    i.pvTaskIncrementMutexHeldCount          0x080057f0   Section        0  tasks.o(i.pvTaskIncrementMutexHeldCount)
    i.pvTimerGetTimerID                      0x08005810   Section        0  timers.o(i.pvTimerGetTimerID)
    i.pxPortInitialiseStack                  0x0800585c   Section        0  port.o(i.pxPortInitialiseStack)
    i.uart_init                              0x08005880   Section        0  usart.o(i.uart_init)
    i.ulTaskNotifyTake                       0x08005920   Section        0  tasks.o(i.ulTaskNotifyTake)
    i.usart2_init                            0x08005994   Section        0  usart2.o(i.usart2_init)
    i.usart3_init                            0x08005a48   Section        0  usart3.o(i.usart3_init)
    i.utils_hb2hex                           0x08005af0   Section        0  utils_md5.o(i.utils_hb2hex)
    i.utils_hmac_sha1                        0x08005b08   Section        0  utils_hmac.o(i.utils_hmac_sha1)
    i.utils_sha1_finish                      0x08005bf0   Section        0  utils_sha1.o(i.utils_sha1_finish)
    i.utils_sha1_init                        0x08005cd8   Section        0  utils_sha1.o(i.utils_sha1_init)
    i.utils_sha1_process                     0x08005ce8   Section        0  utils_sha1.o(i.utils_sha1_process)
    i.utils_sha1_starts                      0x08007604   Section        0  utils_sha1.o(i.utils_sha1_starts)
    i.utils_sha1_update                      0x08007630   Section        0  utils_sha1.o(i.utils_sha1_update)
    i.uxListRemove                           0x080076ac   Section        0  list.o(i.uxListRemove)
    i.vListInitialise                        0x080076d4   Section        0  list.o(i.vListInitialise)
    i.vListInitialiseItem                    0x080076ee   Section        0  list.o(i.vListInitialiseItem)
    i.vListInsert                            0x080076f4   Section        0  list.o(i.vListInsert)
    i.vListInsertEnd                         0x08007728   Section        0  list.o(i.vListInsertEnd)
    i.vPortEnterCritical                     0x08007740   Section        0  port.o(i.vPortEnterCritical)
    i.vPortExitCritical                      0x080077c8   Section        0  port.o(i.vPortExitCritical)
    i.vPortFree                              0x08007838   Section        0  heap_4.o(i.vPortFree)
    i.vPortSetupTimerInterrupt               0x080078f0   Section        0  port.o(i.vPortSetupTimerInterrupt)
    i.vPortValidateInterruptPriority         0x08007910   Section        0  port.o(i.vPortValidateInterruptPriority)
    i.vQueueAddToRegistry                    0x080079b0   Section        0  queue.o(i.vQueueAddToRegistry)
    i.vQueueWaitForMessageRestricted         0x080079dc   Section        0  queue.o(i.vQueueWaitForMessageRestricted)
    i.vTaskDelay                             0x08007a28   Section        0  tasks.o(i.vTaskDelay)
    i.vTaskMissedYield                       0x08007a9c   Section        0  tasks.o(i.vTaskMissedYield)
    i.vTaskPlaceOnEventList                  0x08007aa8   Section        0  tasks.o(i.vTaskPlaceOnEventList)
    i.vTaskPlaceOnEventListRestricted        0x08007afc   Section        0  tasks.o(i.vTaskPlaceOnEventListRestricted)
    i.vTaskPriorityInherit                   0x08007b58   Section        0  tasks.o(i.vTaskPriorityInherit)
    i.vTaskSetTimeOutState                   0x08007c08   Section        0  tasks.o(i.vTaskSetTimeOutState)
    i.vTaskStartScheduler                    0x08007c54   Section        0  tasks.o(i.vTaskStartScheduler)
    i.vTaskSuspendAll                        0x08007d08   Section        0  tasks.o(i.vTaskSuspendAll)
    i.vTaskSwitchContext                     0x08007d18   Section        0  tasks.o(i.vTaskSwitchContext)
    i.vTimerCallback                         0x08007e00   Section        0  main.o(i.vTimerCallback)
    vTimerCallback                           0x08007e01   Thumb Code   188  main.o(i.vTimerCallback)
    i.xPortStartScheduler                    0x08007ee0   Section        0  port.o(i.xPortStartScheduler)
    i.xPortSysTickHandler                    0x08007f80   Section        0  port.o(i.xPortSysTickHandler)
    i.xQueueGenericCreate                    0x08007fb4   Section        0  queue.o(i.xQueueGenericCreate)
    i.xQueueGenericReceive                   0x08008028   Section        0  queue.o(i.xQueueGenericReceive)
    i.xQueueGenericReset                     0x080081f0   Section        0  queue.o(i.xQueueGenericReset)
    i.xQueueGenericSend                      0x080082a0   Section        0  queue.o(i.xQueueGenericSend)
    i.xQueueGenericSendFromISR               0x08008464   Section        0  queue.o(i.xQueueGenericSendFromISR)
    i.xTaskCheckForTimeOut                   0x08008574   Section        0  tasks.o(i.xTaskCheckForTimeOut)
    i.xTaskCreate                            0x08008614   Section        0  tasks.o(i.xTaskCreate)
    i.xTaskGenericNotify                     0x08008674   Section        0  tasks.o(i.xTaskGenericNotify)
    i.xTaskGetSchedulerState                 0x08008788   Section        0  tasks.o(i.xTaskGetSchedulerState)
    i.xTaskGetTickCount                      0x080087a8   Section        0  tasks.o(i.xTaskGetTickCount)
    i.xTaskIncrementTick                     0x080087b4   Section        0  tasks.o(i.xTaskIncrementTick)
    i.xTaskPriorityDisinherit                0x08008914   Section        0  tasks.o(i.xTaskPriorityDisinherit)
    i.xTaskRemoveFromEventList               0x080089ec   Section        0  tasks.o(i.xTaskRemoveFromEventList)
    i.xTaskResumeAll                         0x08008aa0   Section        0  tasks.o(i.xTaskResumeAll)
    i.xTimerCreate                           0x08008bc0   Section        0  timers.o(i.xTimerCreate)
    i.xTimerCreateTimerTask                  0x08008bf0   Section        0  timers.o(i.xTimerCreateTimerTask)
    i.xTimerGenericCommand                   0x08008c64   Section        0  timers.o(i.xTimerGenericCommand)
    .constdata                               0x08008d08   Section     6468  gui.o(.constdata)
    .constdata                               0x0800a64c   Section       64  utils_sha1.o(.constdata)
    iot_sha1_padding                         0x0800a64c   Data          64  utils_sha1.o(.constdata)
    .conststring                             0x0800a68c   Section      171  main.o(.conststring)
    .data                                    0x20000000   Section       32  main.o(.data)
    time_coun                                0x2000001c   Data           4  main.o(.data)
    .data                                    0x20000020   Section        1  key.o(.data)
    key_up                                   0x20000020   Data           1  key.o(.data)
    .data                                    0x20000024   Section        4  control_interrupt.o(.data)
    .data                                    0x20000028   Section      160  hlw8110.o(.data)
    .data                                    0x200000c8   Section        4  delay.o(.data)
    fac_us                                   0x200000c8   Data           1  delay.o(.data)
    fac_ms                                   0x200000ca   Data           2  delay.o(.data)
    .data                                    0x200000cc   Section        6  usart.o(.data)
    .data                                    0x200000d4   Section       20  system_stm32f10x.o(.data)
    .data                                    0x200000e8   Section       20  stm32f10x_rcc.o(.data)
    APBAHBPrescTable                         0x200000e8   Data          16  stm32f10x_rcc.o(.data)
    ADCPrescTable                            0x200000f8   Data           4  stm32f10x_rcc.o(.data)
    .data                                    0x200000fc   Section       68  tasks.o(.data)
    pxDelayedTaskList                        0x20000100   Data           4  tasks.o(.data)
    pxOverflowDelayedTaskList                0x20000104   Data           4  tasks.o(.data)
    uxDeletedTasksWaitingCleanUp             0x20000108   Data           4  tasks.o(.data)
    uxCurrentNumberOfTasks                   0x2000010c   Data           4  tasks.o(.data)
    xTickCount                               0x20000110   Data           4  tasks.o(.data)
    uxTopReadyPriority                       0x20000114   Data           4  tasks.o(.data)
    xSchedulerRunning                        0x20000118   Data           4  tasks.o(.data)
    uxPendedTicks                            0x2000011c   Data           4  tasks.o(.data)
    xYieldPending                            0x20000120   Data           4  tasks.o(.data)
    xNumOfOverflows                          0x20000124   Data           4  tasks.o(.data)
    uxTaskNumber                             0x20000128   Data           4  tasks.o(.data)
    xNextTaskUnblockTime                     0x2000012c   Data           4  tasks.o(.data)
    xIdleTaskHandle                          0x20000130   Data           4  tasks.o(.data)
    uxSchedulerSuspended                     0x20000134   Data           4  tasks.o(.data)
    ulTaskSwitchedInTime                     0x20000138   Data           4  tasks.o(.data)
    ulTotalRunTime                           0x2000013c   Data           4  tasks.o(.data)
    .data                                    0x20000140   Section       20  timers.o(.data)
    pxCurrentTimerList                       0x20000140   Data           4  timers.o(.data)
    pxOverflowTimerList                      0x20000144   Data           4  timers.o(.data)
    xTimerQueue                              0x20000148   Data           4  timers.o(.data)
    xTimerTaskHandle                         0x2000014c   Data           4  timers.o(.data)
    xLastTime                                0x20000150   Data           4  timers.o(.data)
    .data                                    0x20000154   Section       12  port.o(.data)
    uxCriticalNesting                        0x20000154   Data           4  port.o(.data)
    ucMaxSysCallPriority                     0x20000158   Data           1  port.o(.data)
    ulMaxPRIGROUPValue                       0x2000015c   Data           4  port.o(.data)
    .data                                    0x20000160   Section       24  heap_4.o(.data)
    xStart                                   0x20000160   Data           8  heap_4.o(.data)
    pxEnd                                    0x20000168   Data           4  heap_4.o(.data)
    xFreeBytesRemaining                      0x2000016c   Data           4  heap_4.o(.data)
    xMinimumEverFreeBytesRemaining           0x20000170   Data           4  heap_4.o(.data)
    xBlockAllocatedBit                       0x20000174   Data           4  heap_4.o(.data)
    .data                                    0x20000178   Section        6  lcd.o(.data)
    .data                                    0x20000180   Section       68  mqtt.o(.data)
    .data                                    0x200001c4   Section        8  usart3.o(.data)
    .bss                                     0x200001cc   Section       20  hlw8110.o(.bss)
    .bss                                     0x200001e0   Section      200  usart.o(.bss)
    .bss                                     0x200002a8   Section       64  queue.o(.bss)
    .bss                                     0x200002e8   Section      740  tasks.o(.bss)
    pxReadyTasksLists                        0x200002e8   Data         640  tasks.o(.bss)
    xDelayedTaskList1                        0x20000568   Data          20  tasks.o(.bss)
    xDelayedTaskList2                        0x2000057c   Data          20  tasks.o(.bss)
    xPendingReadyList                        0x20000590   Data          20  tasks.o(.bss)
    xTasksWaitingTermination                 0x200005a4   Data          20  tasks.o(.bss)
    xSuspendedTaskList                       0x200005b8   Data          20  tasks.o(.bss)
    .bss                                     0x200005cc   Section       40  timers.o(.bss)
    xActiveTimerList1                        0x200005cc   Data          20  timers.o(.bss)
    xActiveTimerList2                        0x200005e0   Data          20  timers.o(.bss)
    .bss                                     0x200005f4   Section    10240  heap_4.o(.bss)
    ucHeap                                   0x200005f4   Data       10240  heap_4.o(.bss)
    .bss                                     0x20002df4   Section       14  lcd.o(.bss)
    .bss                                     0x20002e02   Section     5312  mqtt.o(.bss)
    .bss                                     0x200042c8   Section     2048  usart3.o(.bss)
    STACK                                    0x20004ac8   Section     1024  startup_stm32f10x_md.o(STACK)

    Global Symbols

    Symbol Name                              Value     Ov Type        Size  Object(Section)

    BuildAttributes$$THM_ISAv4$P$D$K$B$S$PE$A:L22UL41UL21$X:L11$S22US41US21$IEEE1$IW$USESV6$~STKCKD$USESV7$~SHL$OTIME$ROPI$EBA8$MICROLIB$REQ8$PRES8$EABIv2 0x00000000   Number         0  anon$$obj.o ABSOLUTE
    __ARM_use_no_argv                        0x00000000   Number         0  main.o ABSOLUTE
    __use_no_errno                           0x00000000   Number         0  useno.o ABSOLUTE
    __use_no_exception_handling              0x00000000   Number         0  useno.o ABSOLUTE
    __use_no_fp                              0x00000000   Number         0  useno.o ABSOLUTE
    __use_no_heap                            0x00000000   Number         0  useno.o ABSOLUTE
    __use_no_heap_region                     0x00000000   Number         0  useno.o ABSOLUTE
    __use_no_semihosting                     0x00000000   Number         0  useno.o ABSOLUTE
    __use_no_semihosting_swi                 0x00000000   Number         0  useno.o ABSOLUTE
    __use_no_signal_handling                 0x00000000   Number         0  useno.o ABSOLUTE
    _printf_a                                0x00000000   Number         0  stubs.o ABSOLUTE
    _printf_c                                0x00000000   Number         0  stubs.o ABSOLUTE
    _printf_charcount                        0x00000000   Number         0  stubs.o ABSOLUTE
    _printf_d                                0x00000000   Number         0  stubs.o ABSOLUTE
    _printf_e                                0x00000000   Number         0  stubs.o ABSOLUTE
    _printf_f                                0x00000000   Number         0  stubs.o ABSOLUTE
    _printf_flags                            0x00000000   Number         0  stubs.o ABSOLUTE
    _printf_fp_dec                           0x00000000   Number         0  stubs.o ABSOLUTE
    _printf_fp_hex                           0x00000000   Number         0  stubs.o ABSOLUTE
    _printf_g                                0x00000000   Number         0  stubs.o ABSOLUTE
    _printf_i                                0x00000000   Number         0  stubs.o ABSOLUTE
    _printf_int_dec                          0x00000000   Number         0  stubs.o ABSOLUTE
    _printf_l                                0x00000000   Number         0  stubs.o ABSOLUTE
    _printf_lc                               0x00000000   Number         0  stubs.o ABSOLUTE
    _printf_ll                               0x00000000   Number         0  stubs.o ABSOLUTE
    _printf_lld                              0x00000000   Number         0  stubs.o ABSOLUTE
    _printf_lli                              0x00000000   Number         0  stubs.o ABSOLUTE
    _printf_llo                              0x00000000   Number         0  stubs.o ABSOLUTE
    _printf_llu                              0x00000000   Number         0  stubs.o ABSOLUTE
    _printf_llx                              0x00000000   Number         0  stubs.o ABSOLUTE
    _printf_longlong_dec                     0x00000000   Number         0  stubs.o ABSOLUTE
    _printf_longlong_hex                     0x00000000   Number         0  stubs.o ABSOLUTE
    _printf_longlong_oct                     0x00000000   Number         0  stubs.o ABSOLUTE
    _printf_ls                               0x00000000   Number         0  stubs.o ABSOLUTE
    _printf_mbtowc                           0x00000000   Number         0  stubs.o ABSOLUTE
    _printf_n                                0x00000000   Number         0  stubs.o ABSOLUTE
    _printf_o                                0x00000000   Number         0  stubs.o ABSOLUTE
    _printf_p                                0x00000000   Number         0  stubs.o ABSOLUTE
    _printf_percent                          0x00000000   Number         0  stubs.o ABSOLUTE
    _printf_pre_padding                      0x00000000   Number         0  stubs.o ABSOLUTE
    _printf_return_value                     0x00000000   Number         0  stubs.o ABSOLUTE
    _printf_s                                0x00000000   Number         0  stubs.o ABSOLUTE
    _printf_sizespec                         0x00000000   Number         0  stubs.o ABSOLUTE
    _printf_str                              0x00000000   Number         0  stubs.o ABSOLUTE
    _printf_truncate_signed                  0x00000000   Number         0  stubs.o ABSOLUTE
    _printf_truncate_unsigned                0x00000000   Number         0  stubs.o ABSOLUTE
    _printf_u                                0x00000000   Number         0  stubs.o ABSOLUTE
    _printf_wc                               0x00000000   Number         0  stubs.o ABSOLUTE
    _printf_wctomb                           0x00000000   Number         0  stubs.o ABSOLUTE
    _printf_widthprec                        0x00000000   Number         0  stubs.o ABSOLUTE
    _printf_x                                0x00000000   Number         0  stubs.o ABSOLUTE
    __cpp_initialize__aeabi_                  - Undefined Weak Reference
    __cxa_finalize                            - Undefined Weak Reference
    _clock_init                               - Undefined Weak Reference
    _microlib_exit                            - Undefined Weak Reference
    __Vectors_Size                           0x000000ec   Number         0  startup_stm32f10x_md.o ABSOLUTE
    __Vectors                                0x08000000   Data           4  startup_stm32f10x_md.o(RESET)
    __Vectors_End                            0x080000ec   Data           0  startup_stm32f10x_md.o(RESET)
    __main                                   0x080000ed   Thumb Code     0  entry.o(.ARM.Collect$$$$00000000)
    _main_stk                                0x080000ed   Thumb Code     0  entry2.o(.ARM.Collect$$$$00000001)
    _main_scatterload                        0x080000f1   Thumb Code     0  entry5.o(.ARM.Collect$$$$00000004)
    __main_after_scatterload                 0x080000f5   Thumb Code     0  entry5.o(.ARM.Collect$$$$00000004)
    _main_clock                              0x080000f5   Thumb Code     0  entry7b.o(.ARM.Collect$$$$00000008)
    _main_cpp_init                           0x080000f5   Thumb Code     0  entry8b.o(.ARM.Collect$$$$0000000A)
    _main_init                               0x080000f5   Thumb Code     0  entry9a.o(.ARM.Collect$$$$0000000B)
    __rt_final_cpp                           0x080000fd   Thumb Code     0  entry10a.o(.ARM.Collect$$$$0000000D)
    __rt_final_exit                          0x080000fd   Thumb Code     0  entry11a.o(.ARM.Collect$$$$0000000F)
    SVC_Handler                              0x08000101   Thumb Code    32  port.o(.emb_text)
    __asm___6_port_c_39a90d8d__prvStartFirstTask 0x08000125   Thumb Code    28  port.o(.emb_text)
    PendSV_Handler                           0x08000145   Thumb Code    72  port.o(.emb_text)
    vPortGetIPSR                             0x08000191   Thumb Code     6  port.o(.emb_text)
    Reset_Handler                            0x08000199   Thumb Code     8  startup_stm32f10x_md.o(.text)
    ADC1_2_IRQHandler                        0x080001b3   Thumb Code     0  startup_stm32f10x_md.o(.text)
    CAN1_RX1_IRQHandler                      0x080001b3   Thumb Code     0  startup_stm32f10x_md.o(.text)
    CAN1_SCE_IRQHandler                      0x080001b3   Thumb Code     0  startup_stm32f10x_md.o(.text)
    DMA1_Channel1_IRQHandler                 0x080001b3   Thumb Code     0  startup_stm32f10x_md.o(.text)
    DMA1_Channel2_IRQHandler                 0x080001b3   Thumb Code     0  startup_stm32f10x_md.o(.text)
    DMA1_Channel3_IRQHandler                 0x080001b3   Thumb Code     0  startup_stm32f10x_md.o(.text)
    DMA1_Channel4_IRQHandler                 0x080001b3   Thumb Code     0  startup_stm32f10x_md.o(.text)
    DMA1_Channel5_IRQHandler                 0x080001b3   Thumb Code     0  startup_stm32f10x_md.o(.text)
    DMA1_Channel6_IRQHandler                 0x080001b3   Thumb Code     0  startup_stm32f10x_md.o(.text)
    DMA1_Channel7_IRQHandler                 0x080001b3   Thumb Code     0  startup_stm32f10x_md.o(.text)
    EXTI15_10_IRQHandler                     0x080001b3   Thumb Code     0  startup_stm32f10x_md.o(.text)
    EXTI1_IRQHandler                         0x080001b3   Thumb Code     0  startup_stm32f10x_md.o(.text)
    EXTI9_5_IRQHandler                       0x080001b3   Thumb Code     0  startup_stm32f10x_md.o(.text)
    FLASH_IRQHandler                         0x080001b3   Thumb Code     0  startup_stm32f10x_md.o(.text)
    I2C1_ER_IRQHandler                       0x080001b3   Thumb Code     0  startup_stm32f10x_md.o(.text)
    I2C1_EV_IRQHandler                       0x080001b3   Thumb Code     0  startup_stm32f10x_md.o(.text)
    I2C2_ER_IRQHandler                       0x080001b3   Thumb Code     0  startup_stm32f10x_md.o(.text)
    I2C2_EV_IRQHandler                       0x080001b3   Thumb Code     0  startup_stm32f10x_md.o(.text)
    PVD_IRQHandler                           0x080001b3   Thumb Code     0  startup_stm32f10x_md.o(.text)
    RCC_IRQHandler                           0x080001b3   Thumb Code     0  startup_stm32f10x_md.o(.text)
    RTCAlarm_IRQHandler                      0x080001b3   Thumb Code     0  startup_stm32f10x_md.o(.text)
    RTC_IRQHandler                           0x080001b3   Thumb Code     0  startup_stm32f10x_md.o(.text)
    SPI1_IRQHandler                          0x080001b3   Thumb Code     0  startup_stm32f10x_md.o(.text)
    SPI2_IRQHandler                          0x080001b3   Thumb Code     0  startup_stm32f10x_md.o(.text)
    TAMPER_IRQHandler                        0x080001b3   Thumb Code     0  startup_stm32f10x_md.o(.text)
    TIM1_BRK_IRQHandler                      0x080001b3   Thumb Code     0  startup_stm32f10x_md.o(.text)
    TIM1_CC_IRQHandler                       0x080001b3   Thumb Code     0  startup_stm32f10x_md.o(.text)
    TIM1_TRG_COM_IRQHandler                  0x080001b3   Thumb Code     0  startup_stm32f10x_md.o(.text)
    TIM1_UP_IRQHandler                       0x080001b3   Thumb Code     0  startup_stm32f10x_md.o(.text)
    USBWakeUp_IRQHandler                     0x080001b3   Thumb Code     0  startup_stm32f10x_md.o(.text)
    USB_HP_CAN1_TX_IRQHandler                0x080001b3   Thumb Code     0  startup_stm32f10x_md.o(.text)
    USB_LP_CAN1_RX0_IRQHandler               0x080001b3   Thumb Code     0  startup_stm32f10x_md.o(.text)
    WWDG_IRQHandler                          0x080001b3   Thumb Code     0  startup_stm32f10x_md.o(.text)
    __aeabi_memcpy                           0x080001bd   Thumb Code    36  memcpya.o(.text)
    __aeabi_memcpy4                          0x080001bd   Thumb Code     0  memcpya.o(.text)
    __aeabi_memcpy8                          0x080001bd   Thumb Code     0  memcpya.o(.text)
    __aeabi_memset                           0x080001e1   Thumb Code    14  memseta.o(.text)
    __aeabi_memset4                          0x080001e1   Thumb Code     0  memseta.o(.text)
    __aeabi_memset8                          0x080001e1   Thumb Code     0  memseta.o(.text)
    __aeabi_memclr                           0x080001ef   Thumb Code     4  memseta.o(.text)
    __aeabi_memclr4                          0x080001ef   Thumb Code     0  memseta.o(.text)
    __aeabi_memclr8                          0x080001ef   Thumb Code     0  memseta.o(.text)
    _memset$wrapper                          0x080001f3   Thumb Code    18  memseta.o(.text)
    strlen                                   0x08000205   Thumb Code    14  strlen.o(.text)
    __aeabi_fmul                             0x08000213   Thumb Code   100  fmul.o(.text)
    __aeabi_fdiv                             0x08000277   Thumb Code   124  fdiv.o(.text)
    __aeabi_dmul                             0x080002f3   Thumb Code   228  dmul.o(.text)
    __aeabi_ddiv                             0x080003d7   Thumb Code   222  ddiv.o(.text)
    __aeabi_ui2f                             0x080004b5   Thumb Code    10  ffltui.o(.text)
    __aeabi_f2d                              0x080004bf   Thumb Code    38  f2d.o(.text)
    __aeabi_d2f                              0x080004e5   Thumb Code    56  d2f.o(.text)
    __aeabi_uidiv                            0x0800051d   Thumb Code     0  uidiv.o(.text)
    __aeabi_uidivmod                         0x0800051d   Thumb Code    44  uidiv.o(.text)
    __aeabi_uldivmod                         0x08000549   Thumb Code    98  uldiv.o(.text)
    __I$use$fp                               0x080005ab   Thumb Code     0  iusefp.o(.text)
    _float_round                             0x080005ab   Thumb Code    18  fepilogue.o(.text)
    _float_epilogue                          0x080005bd   Thumb Code    92  fepilogue.o(.text)
    _double_round                            0x08000619   Thumb Code    30  depilogue.o(.text)
    _double_epilogue                         0x08000637   Thumb Code   156  depilogue.o(.text)
    __aeabi_dadd                             0x080006d3   Thumb Code   322  dadd.o(.text)
    __aeabi_dsub                             0x08000815   Thumb Code     6  dadd.o(.text)
    __aeabi_drsub                            0x0800081b   Thumb Code     6  dadd.o(.text)
    __aeabi_d2ulz                            0x08000821   Thumb Code    48  dfixul.o(.text)
    __aeabi_cdrcmple                         0x08000851   Thumb Code    48  cdrcmple.o(.text)
    __scatterload                            0x08000881   Thumb Code    28  init.o(.text)
    __scatterload_rt2                        0x08000881   Thumb Code     0  init.o(.text)
    __aeabi_llsl                             0x080008a5   Thumb Code    30  llshl.o(.text)
    _ll_shift_l                              0x080008a5   Thumb Code     0  llshl.o(.text)
    __aeabi_llsr                             0x080008c3   Thumb Code    32  llushr.o(.text)
    _ll_ushift_r                             0x080008c3   Thumb Code     0  llushr.o(.text)
    __aeabi_lasr                             0x080008e3   Thumb Code    36  llsshr.o(.text)
    _ll_sshift_r                             0x080008e3   Thumb Code     0  llsshr.o(.text)
    __decompress                             0x08000907   Thumb Code     0  __dczerorl2.o(.text)
    __decompress1                            0x08000907   Thumb Code    86  __dczerorl2.o(.text)
    AliIoT_Parameter_Init                    0x0800095d   Thumb Code   186  mqtt.o(i.AliIoT_Parameter_Init)
    BusFault_Handler                         0x08000c1d   Thumb Code     4  stm32f10x_it.o(i.BusFault_Handler)
    Calculate_HLW8110_MeterData              0x08000c21   Thumb Code   366  hlw8110.o(i.Calculate_HLW8110_MeterData)
    Check_WriteReg_Success                   0x08001025   Thumb Code   202  hlw8110.o(i.Check_WriteReg_Success)
    Clear_RxBuf                              0x0800115d   Thumb Code    34  hlw8110.o(i.Clear_RxBuf)
    DebugMon_Handler                         0x08001191   Thumb Code     2  stm32f10x_it.o(i.DebugMon_Handler)
    EXTI0_IRQHandler                         0x08001195   Thumb Code    26  exti.o(i.EXTI0_IRQHandler)
    EXTI2_IRQHandler                         0x080011b5   Thumb Code    44  exti.o(i.EXTI2_IRQHandler)
    EXTI3_IRQHandler                         0x080011e9   Thumb Code    26  exti.o(i.EXTI3_IRQHandler)
    EXTI4_IRQHandler                         0x08001209   Thumb Code    26  exti.o(i.EXTI4_IRQHandler)
    EXTI_ClearITPendingBit                   0x08001229   Thumb Code     6  stm32f10x_exti.o(i.EXTI_ClearITPendingBit)
    GPIO_Init                                0x08001235   Thumb Code   278  stm32f10x_gpio.o(i.GPIO_Init)
    GPIO_ReadInputDataBit                    0x0800134b   Thumb Code    18  stm32f10x_gpio.o(i.GPIO_ReadInputDataBit)
    GPIO_SetBits                             0x0800135d   Thumb Code     4  stm32f10x_gpio.o(i.GPIO_SetBits)
    GUI_DrawFont16                           0x08001361   Thumb Code   252  gui.o(i.GUI_DrawFont16)
    GUI_DrawFont24                           0x08001469   Thumb Code   270  gui.o(i.GUI_DrawFont24)
    GUI_DrawFont32                           0x08001585   Thumb Code   254  gui.o(i.GUI_DrawFont32)
    HLW8110_checkSum_Read                    0x08001691   Thumb Code    46  hlw8110.o(i.HLW8110_checkSum_Read)
    HLW8110_checkSum_Write                   0x080016c9   Thumb Code    34  hlw8110.o(i.HLW8110_checkSum_Write)
    HardFault_Handler                        0x080016f1   Thumb Code     4  stm32f10x_it.o(i.HardFault_Handler)
    Init_HLW8110                             0x080016f5   Thumb Code    96  hlw8110.o(i.Init_HLW8110)
    Judge_CheckSum_HLW8110_Calfactor         0x08001759   Thumb Code   666  hlw8110.o(i.Judge_CheckSum_HLW8110_Calfactor)
    KEY_Init                                 0x08001b29   Thumb Code    44  key.o(i.KEY_Init)
    KEY_Scan                                 0x08001b59   Thumb Code   162  key.o(i.KEY_Scan)
    KEY_task                                 0x08001c05   Thumb Code    68  main.o(i.KEY_task)
    LCD_Clear                                0x08001c51   Thumb Code    88  lcd.o(i.LCD_Clear)
    LCD_DrawLine                             0x08001cb5   Thumb Code   176  gui.o(i.LCD_DrawLine)
    LCD_DrawPoint                            0x08001d65   Thumb Code    58  lcd.o(i.LCD_DrawPoint)
    LCD_DrawPoint_16Bit                      0x08001dad   Thumb Code    42  lcd.o(i.LCD_DrawPoint_16Bit)
    LCD_Fill                                 0x08001de1   Thumb Code   154  gui.o(i.LCD_Fill)
    LCD_Init                                 0x08001e89   Thumb Code   574  lcd.o(i.LCD_Init)
    LCD_RESET                                0x080020cd   Thumb Code    32  lcd.o(i.LCD_RESET)
    LCD_SetCursor                            0x080020f5   Thumb Code    52  lcd.o(i.LCD_SetCursor)
    LCD_SetParam                             0x0800212d   Thumb Code    40  lcd.o(i.LCD_SetParam)
    LCD_SetWindows                           0x08002159   Thumb Code    80  lcd.o(i.LCD_SetWindows)
    LCD_ShowChar                             0x080021ad   Thumb Code   276  gui.o(i.LCD_ShowChar)
    LCD_WR_DATA                              0x080022d1   Thumb Code    34  lcd.o(i.LCD_WR_DATA)
    LCD_WR_REG                               0x080022fd   Thumb Code    32  lcd.o(i.LCD_WR_REG)
    LCD_WriteRAM_Prepare                     0x08002325   Thumb Code    12  lcd.o(i.LCD_WriteRAM_Prepare)
    LCD_WriteReg                             0x08002335   Thumb Code    20  lcd.o(i.LCD_WriteReg)
    LED_Init                                 0x08002349   Thumb Code    50  led.o(i.LED_Init)
    MQTT_Buff_Init                           0x08002381   Thumb Code    90  mqtt.o(i.MQTT_Buff_Init)
    MQTT_ConectPack                          0x08002459   Thumb Code   496  mqtt.o(i.MQTT_ConectPack)
    MQTT_PingREQ                             0x08002671   Thumb Code    22  mqtt.o(i.MQTT_PingREQ)
    MQTT_PublishQs0                          0x0800268d   Thumb Code   220  mqtt.o(i.MQTT_PublishQs0)
    MQTT_Subscribe                           0x08002779   Thumb Code   134  mqtt.o(i.MQTT_Subscribe)
    MemManage_Handler                        0x08002811   Thumb Code     4  stm32f10x_it.o(i.MemManage_Handler)
    NMI_Handler                              0x08002815   Thumb Code     2  stm32f10x_it.o(i.NMI_Handler)
    NVIC_Init                                0x08002819   Thumb Code   100  misc.o(i.NVIC_Init)
    NVIC_PriorityGroupConfig                 0x08002889   Thumb Code    10  misc.o(i.NVIC_PriorityGroupConfig)
    OLED_task                                0x0800289d   Thumb Code   686  main.o(i.OLED_task)
    RCC_APB1PeriphClockCmd                   0x08002be5   Thumb Code    26  stm32f10x_rcc.o(i.RCC_APB1PeriphClockCmd)
    RCC_APB2PeriphClockCmd                   0x08002c05   Thumb Code    26  stm32f10x_rcc.o(i.RCC_APB2PeriphClockCmd)
    RCC_GetClocksFreq                        0x08002c25   Thumb Code   192  stm32f10x_rcc.o(i.RCC_GetClocksFreq)
    Read_HLW8110_EA                          0x08002cf9   Thumb Code   330  hlw8110.o(i.Read_HLW8110_EA)
    Read_HLW8110_Freq                        0x08002ec9   Thumb Code   148  hlw8110.o(i.Read_HLW8110_Freq)
    Read_HLW8110_IA                          0x08002f99   Thumb Code   234  hlw8110.o(i.Read_HLW8110_IA)
    Read_HLW8110_PA                          0x080030d1   Thumb Code   286  hlw8110.o(i.Read_HLW8110_PA)
    Read_HLW8110_PF                          0x08003249   Thumb Code    94  hlw8110.o(i.Read_HLW8110_PF)
    Read_HLW8110_SA                          0x080032c1   Thumb Code    86  hlw8110.o(i.Read_HLW8110_SA)
    Read_HLW8110_U                           0x08003345   Thumb Code   236  hlw8110.o(i.Read_HLW8110_U)
    SPI1_Init                                0x0800347d   Thumb Code   200  lcd.o(i.SPI1_Init)
    SPI_Cmd                                  0x08003551   Thumb Code    24  stm32f10x_spi.o(i.SPI_Cmd)
    SPI_Init                                 0x08003569   Thumb Code    60  stm32f10x_spi.o(i.SPI_Init)
    SPI_WriteByte                            0x080035a5   Thumb Code    34  lcd.o(i.SPI_WriteByte)
    Show_Str                                 0x080036b1   Thumb Code   264  gui.o(i.Show_Str)
    Start_Send_UartData                      0x080037bd   Thumb Code    40  hlw8110.o(i.Start_Send_UartData)
    SysTick_CLKSourceConfig                  0x080037ed   Thumb Code    40  misc.o(i.SysTick_CLKSourceConfig)
    SysTick_Handler                          0x08003815   Thumb Code    16  delay.o(i.SysTick_Handler)
    SystemInit                               0x08003825   Thumb Code    78  system_stm32f10x.o(i.SystemInit)
    TIM2_IRQHandler                          0x08003885   Thumb Code    32  control_interrupt.o(i.TIM2_IRQHandler)
    TIM3_IRQHandler                          0x080038a9   Thumb Code   124  control_interrupt.o(i.TIM3_IRQHandler)
    TIM3_Int_Init                            0x0800393d   Thumb Code    90  timer.o(i.TIM3_Int_Init)
    TIM4_IRQHandler                          0x0800399d   Thumb Code    20  control_interrupt.o(i.TIM4_IRQHandler)
    TIM_ClearITPendingBit                    0x080039b5   Thumb Code     6  stm32f10x_tim.o(i.TIM_ClearITPendingBit)
    TIM_Cmd                                  0x080039bb   Thumb Code    24  stm32f10x_tim.o(i.TIM_Cmd)
    TIM_GetITStatus                          0x080039d3   Thumb Code    34  stm32f10x_tim.o(i.TIM_GetITStatus)
    TIM_ITConfig                             0x080039f5   Thumb Code    18  stm32f10x_tim.o(i.TIM_ITConfig)
    TIM_SetCounter                           0x08003a07   Thumb Code     4  stm32f10x_tim.o(i.TIM_SetCounter)
    TIM_TimeBaseInit                         0x08003a0d   Thumb Code   122  stm32f10x_tim.o(i.TIM_TimeBaseInit)
    TxDataBuf_Deal                           0x08003ab1   Thumb Code    86  mqtt.o(i.TxDataBuf_Deal)
    USART1_IRQHandler                        0x08003b15   Thumb Code   122  usart.o(i.USART1_IRQHandler)
    USART2_IRQHandler                        0x08003b9d   Thumb Code     8  control_interrupt.o(i.USART2_IRQHandler)
    USART2_IRQ_User                          0x08003ba5   Thumb Code    70  hlw8110.o(i.USART2_IRQ_User)
    USART3_IRQHandler                        0x08003c05   Thumb Code   104  control_interrupt.o(i.USART3_IRQHandler)
    USART_Cmd                                0x08003c81   Thumb Code    24  stm32f10x_usart.o(i.USART_Cmd)
    USART_GetITStatus                        0x08003c99   Thumb Code    84  stm32f10x_usart.o(i.USART_GetITStatus)
    USART_ITConfig                           0x08003ced   Thumb Code    74  stm32f10x_usart.o(i.USART_ITConfig)
    USART_Init                               0x08003d39   Thumb Code   210  stm32f10x_usart.o(i.USART_Init)
    USART_ReceiveData                        0x08003e11   Thumb Code    10  stm32f10x_usart.o(i.USART_ReceiveData)
    Uart_HLW8110_Set_Channel_A               0x08003e1d   Thumb Code    50  hlw8110.o(i.Uart_HLW8110_Set_Channel_A)
    Uart_HLW8110_WriteREG_DIS                0x08003e5d   Thumb Code    50  hlw8110.o(i.Uart_HLW8110_WriteREG_DIS)
    Uart_HLW8110_WriteREG_EN                 0x08003e9d   Thumb Code    50  hlw8110.o(i.Uart_HLW8110_WriteREG_EN)
    Uart_Read_HLW8110_Reg                    0x08003edd   Thumb Code    42  hlw8110.o(i.Uart_Read_HLW8110_Reg)
    Uart_Write_HLW8110_Reg                   0x08003f15   Thumb Code    88  hlw8110.o(i.Uart_Write_HLW8110_Reg)
    UsageFault_Handler                       0x08003f79   Thumb Code     4  stm32f10x_it.o(i.UsageFault_Handler)
    __0printf                                0x08003f7d   Thumb Code    22  printfa.o(i.__0printf)
    __1printf                                0x08003f7d   Thumb Code     0  printfa.o(i.__0printf)
    __2printf                                0x08003f7d   Thumb Code     0  printfa.o(i.__0printf)
    __c89printf                              0x08003f7d   Thumb Code     0  printfa.o(i.__0printf)
    printf                                   0x08003f7d   Thumb Code     0  printfa.o(i.__0printf)
    __0sprintf                               0x08003f9d   Thumb Code    34  printfa.o(i.__0sprintf)
    __1sprintf                               0x08003f9d   Thumb Code     0  printfa.o(i.__0sprintf)
    __2sprintf                               0x08003f9d   Thumb Code     0  printfa.o(i.__0sprintf)
    __c89sprintf                             0x08003f9d   Thumb Code     0  printfa.o(i.__0sprintf)
    sprintf                                  0x08003f9d   Thumb Code     0  printfa.o(i.__0sprintf)
    __scatterload_copy                       0x08003fc5   Thumb Code    14  handlers.o(i.__scatterload_copy)
    __scatterload_null                       0x08003fd3   Thumb Code     2  handlers.o(i.__scatterload_null)
    __scatterload_zeroinit                   0x08003fd5   Thumb Code    14  handlers.o(i.__scatterload_zeroinit)
    bsp_Init                                 0x080048a1   Thumb Code    88  bsp.o(i.bsp_Init)
    delay_init                               0x08004901   Thumb Code    74  delay.o(i.delay_init)
    delay_ms                                 0x0800495d   Thumb Code    60  delay.o(i.delay_ms)
    delay_us                                 0x0800499d   Thumb Code    68  delay.o(i.delay_us)
    fputc                                    0x080049e5   Thumb Code    24  usart.o(i.fputc)
    led0_task                                0x08004a01   Thumb Code   198  main.o(i.led0_task)
    main                                     0x08004b21   Thumb Code    28  main.o(i.main)
    pvPortMalloc                             0x0800569d   Thumb Code   262  heap_4.o(i.pvPortMalloc)
    pvTaskIncrementMutexHeldCount            0x080057f1   Thumb Code    26  tasks.o(i.pvTaskIncrementMutexHeldCount)
    pvTimerGetTimerID                        0x08005811   Thumb Code    34  timers.o(i.pvTimerGetTimerID)
    pxPortInitialiseStack                    0x0800585d   Thumb Code    30  port.o(i.pxPortInitialiseStack)
    uart_init                                0x08005881   Thumb Code   152  usart.o(i.uart_init)
    ulTaskNotifyTake                         0x08005921   Thumb Code   108  tasks.o(i.ulTaskNotifyTake)
    usart2_init                              0x08005995   Thumb Code   172  usart2.o(i.usart2_init)
    usart3_init                              0x08005a49   Thumb Code   160  usart3.o(i.usart3_init)
    utils_hb2hex                             0x08005af1   Thumb Code    24  utils_md5.o(i.utils_hb2hex)
    utils_hmac_sha1                          0x08005b09   Thumb Code   232  utils_hmac.o(i.utils_hmac_sha1)
    utils_sha1_finish                        0x08005bf1   Thumb Code   228  utils_sha1.o(i.utils_sha1_finish)
    utils_sha1_init                          0x08005cd9   Thumb Code    14  utils_sha1.o(i.utils_sha1_init)
    utils_sha1_process                       0x08005ce9   Thumb Code  6420  utils_sha1.o(i.utils_sha1_process)
    utils_sha1_starts                        0x08007605   Thumb Code    30  utils_sha1.o(i.utils_sha1_starts)
    utils_sha1_update                        0x08007631   Thumb Code   124  utils_sha1.o(i.utils_sha1_update)
    uxListRemove                             0x080076ad   Thumb Code    40  list.o(i.uxListRemove)
    vListInitialise                          0x080076d5   Thumb Code    26  list.o(i.vListInitialise)
    vListInitialiseItem                      0x080076ef   Thumb Code     6  list.o(i.vListInitialiseItem)
    vListInsert                              0x080076f5   Thumb Code    52  list.o(i.vListInsert)
    vListInsertEnd                           0x08007729   Thumb Code    24  list.o(i.vListInsertEnd)
    vPortEnterCritical                       0x08007741   Thumb Code    68  port.o(i.vPortEnterCritical)
    vPortExitCritical                        0x080077c9   Thumb Code    48  port.o(i.vPortExitCritical)
    vPortFree                                0x08007839   Thumb Code   120  heap_4.o(i.vPortFree)
    vPortSetupTimerInterrupt                 0x080078f1   Thumb Code    26  port.o(i.vPortSetupTimerInterrupt)
    vPortValidateInterruptPriority           0x08007911   Thumb Code    86  port.o(i.vPortValidateInterruptPriority)
    vQueueAddToRegistry                      0x080079b1   Thumb Code    38  queue.o(i.vQueueAddToRegistry)
    vQueueWaitForMessageRestricted           0x080079dd   Thumb Code    74  queue.o(i.vQueueWaitForMessageRestricted)
    vTaskDelay                               0x08007a29   Thumb Code    72  tasks.o(i.vTaskDelay)
    vTaskMissedYield                         0x08007a9d   Thumb Code     8  tasks.o(i.vTaskMissedYield)
    vTaskPlaceOnEventList                    0x08007aa9   Thumb Code    42  tasks.o(i.vTaskPlaceOnEventList)
    vTaskPlaceOnEventListRestricted          0x08007afd   Thumb Code    50  tasks.o(i.vTaskPlaceOnEventListRestricted)
    vTaskPriorityInherit                     0x08007b59   Thumb Code   164  tasks.o(i.vTaskPriorityInherit)
    vTaskSetTimeOutState                     0x08007c09   Thumb Code    32  tasks.o(i.vTaskSetTimeOutState)
    vTaskStartScheduler                      0x08007c55   Thumb Code   112  tasks.o(i.vTaskStartScheduler)
    vTaskSuspendAll                          0x08007d09   Thumb Code    12  tasks.o(i.vTaskSuspendAll)
    vTaskSwitchContext                       0x08007d19   Thumb Code   162  tasks.o(i.vTaskSwitchContext)
    xPortStartScheduler                      0x08007ee1   Thumb Code   140  port.o(i.xPortStartScheduler)
    xPortSysTickHandler                      0x08007f81   Thumb Code    46  port.o(i.xPortSysTickHandler)
    xQueueGenericCreate                      0x08007fb5   Thumb Code    78  queue.o(i.xQueueGenericCreate)
    xQueueGenericReceive                     0x08008029   Thumb Code   416  queue.o(i.xQueueGenericReceive)
    xQueueGenericReset                       0x080081f1   Thumb Code   136  queue.o(i.xQueueGenericReset)
    xQueueGenericSend                        0x080082a1   Thumb Code   412  queue.o(i.xQueueGenericSend)
    xQueueGenericSendFromISR                 0x08008465   Thumb Code   234  queue.o(i.xQueueGenericSendFromISR)
    xTaskCheckForTimeOut                     0x08008575   Thumb Code   116  tasks.o(i.xTaskCheckForTimeOut)
    xTaskCreate                              0x08008615   Thumb Code    96  tasks.o(i.xTaskCreate)
    xTaskGenericNotify                       0x08008675   Thumb Code   222  tasks.o(i.xTaskGenericNotify)
    xTaskGetSchedulerState                   0x08008789   Thumb Code    24  tasks.o(i.xTaskGetSchedulerState)
    xTaskGetTickCount                        0x080087a9   Thumb Code     6  tasks.o(i.xTaskGetTickCount)
    xTaskIncrementTick                       0x080087b5   Thumb Code   272  tasks.o(i.xTaskIncrementTick)
    xTaskPriorityDisinherit                  0x08008915   Thumb Code   168  tasks.o(i.xTaskPriorityDisinherit)
    xTaskRemoveFromEventList                 0x080089ed   Thumb Code   118  tasks.o(i.xTaskRemoveFromEventList)
    xTaskResumeAll                           0x08008aa1   Thumb Code   214  tasks.o(i.xTaskResumeAll)
    xTimerCreate                             0x08008bc1   Thumb Code    48  timers.o(i.xTimerCreate)
    xTimerCreateTimerTask                    0x08008bf1   Thumb Code    56  timers.o(i.xTimerCreateTimerTask)
    xTimerGenericCommand                     0x08008c65   Thumb Code   118  timers.o(i.xTimerGenericCommand)
    asc2_1206                                0x08008d08   Data        1140  gui.o(.constdata)
    asc2_1608                                0x0800917c   Data        1520  gui.o(.constdata)
    tfont16                                  0x0800976c   Data         544  gui.o(.constdata)
    tfont24                                  0x0800998c   Data        1184  gui.o(.constdata)
    tfont32                                  0x08009e2c   Data        2080  gui.o(.constdata)
    Region$$Table$$Base                      0x0800a738   Number         0  anon$$obj.o(Region$$Table)
    Region$$Table$$Limit                     0x0800a758   Number         0  anon$$obj.o(Region$$Table)
    DC_Flage                                 0x20000000   Data           1  main.o(.data)
    LED0Task_Handler                         0x20000004   Data           4  main.o(.data)
    KEYTask_Handler                          0x20000008   Data           4  main.o(.data)
    CPUask_Handler                           0x2000000c   Data           4  main.o(.data)
    OLEDask_Handler                          0x20000010   Data           4  main.o(.data)
    xTimers1                                 0x20000014   Data           4  main.o(.data)
    key_cout                                 0x20000018   Data           1  main.o(.data)
    CPU_RunTime                              0x20000024   Data           4  control_interrupt.o(.data)
    u8_TX_Length                             0x20000028   Data           1  hlw8110.o(.data)
    u8_RX_Length                             0x20000029   Data           1  hlw8110.o(.data)
    u8_RX_Index                              0x2000002a   Data           1  hlw8110.o(.data)
    B_Rx_Finish                              0x2000002b   Data           1  hlw8110.o(.data)
    B_Rx_Data_ING                            0x2000002c   Data           1  hlw8110.o(.data)
    B_Read_Error                             0x2000002d   Data           1  hlw8110.o(.data)
    U16_TempData                             0x20000030   Data           4  hlw8110.o(.data)
    U16_IFData                               0x20000034   Data           4  hlw8110.o(.data)
    U16_RIFData                              0x20000038   Data           4  hlw8110.o(.data)
    U16_LineFData                            0x2000003c   Data           4  hlw8110.o(.data)
    U16_AngleData                            0x20000040   Data           4  hlw8110.o(.data)
    U16_PFData                               0x20000044   Data           4  hlw8110.o(.data)
    U16_HFConst_RegData                      0x20000048   Data           4  hlw8110.o(.data)
    U16_RMSIAC_RegData                       0x2000004c   Data           4  hlw8110.o(.data)
    U16_RMSIBC_RegData                       0x20000050   Data           4  hlw8110.o(.data)
    U16_RMSUC_RegData                        0x20000054   Data           4  hlw8110.o(.data)
    U16_PowerPAC_RegData                     0x20000058   Data           4  hlw8110.o(.data)
    U16_PowerPBC_RegData                     0x2000005c   Data           4  hlw8110.o(.data)
    U16_PowerSC_RegData                      0x20000060   Data           4  hlw8110.o(.data)
    U16_EnergyAC_RegData                     0x20000064   Data           4  hlw8110.o(.data)
    U16_EnergyBC_RegData                     0x20000068   Data           4  hlw8110.o(.data)
    U16_CheckSUM_RegData                     0x2000006c   Data           4  hlw8110.o(.data)
    U16_CheckSUM_Data                        0x20000070   Data           4  hlw8110.o(.data)
    U16_Check_SysconReg_Data                 0x20000074   Data           4  hlw8110.o(.data)
    U16_Check_EmuconReg_Data                 0x20000078   Data           4  hlw8110.o(.data)
    U16_Check_Emucon2Reg_Data                0x2000007c   Data           4  hlw8110.o(.data)
    U32_RMSIA_RegData                        0x20000080   Data           4  hlw8110.o(.data)
    U32_RMSU_RegData                         0x20000084   Data           4  hlw8110.o(.data)
    U32_POWERPA_RegData                      0x20000088   Data           4  hlw8110.o(.data)
    U32_POWERSA_RegData                      0x2000008c   Data           4  hlw8110.o(.data)
    U32_POWERPF_RegData                      0x20000090   Data           4  hlw8110.o(.data)
    U32_ENERGY_PA_RegData                    0x20000094   Data           4  hlw8110.o(.data)
    U32_Freq_RegData                         0x20000098   Data           4  hlw8110.o(.data)
    U32_RMSIB_RegData                        0x2000009c   Data           4  hlw8110.o(.data)
    U32_POWERPB_RegData                      0x200000a0   Data           4  hlw8110.o(.data)
    U32_ENERGY_PB_RegData                    0x200000a4   Data           4  hlw8110.o(.data)
    F_DC_V                                   0x200000a8   Data           4  hlw8110.o(.data)
    F_DC_I                                   0x200000ac   Data           4  hlw8110.o(.data)
    F_DC_P                                   0x200000b0   Data           4  hlw8110.o(.data)
    F_DC_E                                   0x200000b4   Data           4  hlw8110.o(.data)
    F_DC_BACKUP_E                            0x200000b8   Data           4  hlw8110.o(.data)
    F_DC_PF                                  0x200000bc   Data           4  hlw8110.o(.data)
    F_Angle                                  0x200000c0   Data           4  hlw8110.o(.data)
    F_AC_LINE_Freq                           0x200000c4   Data           4  hlw8110.o(.data)
    __stdout                                 0x200000cc   Data           4  usart.o(.data)
    USART_RX_STA                             0x200000d0   Data           2  usart.o(.data)
    SystemCoreClock                          0x200000d4   Data           4  system_stm32f10x.o(.data)
    AHBPrescTable                            0x200000d8   Data          16  system_stm32f10x.o(.data)
    pxCurrentTCB                             0x200000fc   Data           4  tasks.o(.data)
    POINT_COLOR                              0x20000178   Data           2  lcd.o(.data)
    BACK_COLOR                               0x2000017a   Data           2  lcd.o(.data)
    DeviceCode                               0x2000017c   Data           2  lcd.o(.data)
    MQTT_RxDataInPtr                         0x20000180   Data           4  mqtt.o(.data)
    MQTT_RxDataOutPtr                        0x20000184   Data           4  mqtt.o(.data)
    MQTT_RxDataEndPtr                        0x20000188   Data           4  mqtt.o(.data)
    MQTT_TxDataInPtr                         0x2000018c   Data           4  mqtt.o(.data)
    MQTT_TxDataOutPtr                        0x20000190   Data           4  mqtt.o(.data)
    MQTT_TxDataEndPtr                        0x20000194   Data           4  mqtt.o(.data)
    MQTT_CMDInPtr                            0x20000198   Data           4  mqtt.o(.data)
    MQTT_CMDOutPtr                           0x2000019c   Data           4  mqtt.o(.data)
    MQTT_CMDEndPtr                           0x200001a0   Data           4  mqtt.o(.data)
    ClientID_len                             0x200001a4   Data           4  mqtt.o(.data)
    Username_len                             0x200001a8   Data           4  mqtt.o(.data)
    Passward_len                             0x200001ac   Data           4  mqtt.o(.data)
    ServerPort                               0x200001b0   Data           4  mqtt.o(.data)
    Fixed_len                                0x200001b4   Data           4  mqtt.o(.data)
    Variable_len                             0x200001b8   Data           4  mqtt.o(.data)
    Payload_len                              0x200001bc   Data           4  mqtt.o(.data)
    Ping_flag                                0x200001c0   Data           1  mqtt.o(.data)
    Connect_flag                             0x200001c1   Data           1  mqtt.o(.data)
    ConnectPack_flag                         0x200001c2   Data           1  mqtt.o(.data)
    SubcribePack_flag                        0x200001c3   Data           1  mqtt.o(.data)
    Usart3_RxCompleted                       0x200001c4   Data           1  usart3.o(.data)
    Usart3_RxCounter                         0x200001c8   Data           4  usart3.o(.data)
    u8_TxBuf                                 0x200001cc   Data          10  hlw8110.o(.bss)
    u8_RxBuf                                 0x200001d6   Data          10  hlw8110.o(.bss)
    USART_RX_BUF                             0x200001e0   Data         200  usart.o(.bss)
    xQueueRegistry                           0x200002a8   Data          64  queue.o(.bss)
    lcddev                                   0x20002df4   Data          14  lcd.o(.bss)
    MQTT_RxDataBuf                           0x20002e02   Data        1500  mqtt.o(.bss)
    MQTT_TxDataBuf                           0x200033de   Data        1500  mqtt.o(.bss)
    MQTT_CMDBuf                              0x200039ba   Data        1500  mqtt.o(.bss)
    ClientID                                 0x20003f96   Data         128  mqtt.o(.bss)
    Username                                 0x20004016   Data         128  mqtt.o(.bss)
    Passward                                 0x20004096   Data         128  mqtt.o(.bss)
    ServerIP                                 0x20004116   Data         128  mqtt.o(.bss)
    temp_buff                                0x20004196   Data         300  mqtt.o(.bss)
    USART3_TxBuff                            0x200042c8   Data        1024  usart3.o(.bss)
    Usart3_RxBuff                            0x200046c8   Data        1024  usart3.o(.bss)
    __initial_sp                             0x20004ec8   Data           0  startup_stm32f10x_md.o(STACK)



==============================================================================

Memory Map of the image

  Image Entry point : 0x08000199

  Load Region LR_1 (Base: 0x08000000, Size: 0x0000a924, Max: 0xffffffff, ABSOLUTE, COMPRESSED[0x0000a780])

    Execution Region ER_RO (Exec base: 0x08000000, Load base: 0x08000000, Size: 0x0000a758, Max: 0xffffffff, ABSOLUTE)

    Exec Addr    Load Addr    Size         Type   Attr      Idx    E Section Name        Object

    0x08000000   0x08000000   0x000000ec   Data   RO         1036    RESET               startup_stm32f10x_md.o
    0x080000ec   0x080000ec   0x00000000   Code   RO         4451  * .ARM.Collect$$$$00000000  mc_w.l(entry.o)
    0x080000ec   0x080000ec   0x00000004   Code   RO         4747    .ARM.Collect$$$$00000001  mc_w.l(entry2.o)
    0x080000f0   0x080000f0   0x00000004   Code   RO         4750    .ARM.Collect$$$$00000004  mc_w.l(entry5.o)
    0x080000f4   0x080000f4   0x00000000   Code   RO         4752    .ARM.Collect$$$$00000008  mc_w.l(entry7b.o)
    0x080000f4   0x080000f4   0x00000000   Code   RO         4754    .ARM.Collect$$$$0000000A  mc_w.l(entry8b.o)
    0x080000f4   0x080000f4   0x00000008   Code   RO         4755    .ARM.Collect$$$$0000000B  mc_w.l(entry9a.o)
    0x080000fc   0x080000fc   0x00000000   Code   RO         4757    .ARM.Collect$$$$0000000D  mc_w.l(entry10a.o)
    0x080000fc   0x080000fc   0x00000000   Code   RO         4759    .ARM.Collect$$$$0000000F  mc_w.l(entry11a.o)
    0x080000fc   0x080000fc   0x00000004   Code   RO         4748    .ARM.Collect$$$$00002712  mc_w.l(entry2.o)
    0x08000100   0x08000100   0x00000096   Code   RO         3572    .emb_text           port.o
    0x08000196   0x08000196   0x00000002   PAD
    0x08000198   0x08000198   0x00000024   Code   RO         1037  * .text               startup_stm32f10x_md.o
    0x080001bc   0x080001bc   0x00000024   Code   RO         4454    .text               mc_w.l(memcpya.o)
    0x080001e0   0x080001e0   0x00000024   Code   RO         4456    .text               mc_w.l(memseta.o)
    0x08000204   0x08000204   0x0000000e   Code   RO         4460    .text               mc_w.l(strlen.o)
    0x08000212   0x08000212   0x00000064   Code   RO         4729    .text               mf_w.l(fmul.o)
    0x08000276   0x08000276   0x0000007c   Code   RO         4731    .text               mf_w.l(fdiv.o)
    0x080002f2   0x080002f2   0x000000e4   Code   RO         4733    .text               mf_w.l(dmul.o)
    0x080003d6   0x080003d6   0x000000de   Code   RO         4735    .text               mf_w.l(ddiv.o)
    0x080004b4   0x080004b4   0x0000000a   Code   RO         4739    .text               mf_w.l(ffltui.o)
    0x080004be   0x080004be   0x00000026   Code   RO         4743    .text               mf_w.l(f2d.o)
    0x080004e4   0x080004e4   0x00000038   Code   RO         4745    .text               mf_w.l(d2f.o)
    0x0800051c   0x0800051c   0x0000002c   Code   RO         4761    .text               mc_w.l(uidiv.o)
    0x08000548   0x08000548   0x00000062   Code   RO         4763    .text               mc_w.l(uldiv.o)
    0x080005aa   0x080005aa   0x00000000   Code   RO         4765    .text               mc_w.l(iusefp.o)
    0x080005aa   0x080005aa   0x0000006e   Code   RO         4766    .text               mf_w.l(fepilogue.o)
    0x08000618   0x08000618   0x000000ba   Code   RO         4768    .text               mf_w.l(depilogue.o)
    0x080006d2   0x080006d2   0x0000014e   Code   RO         4770    .text               mf_w.l(dadd.o)
    0x08000820   0x08000820   0x00000030   Code   RO         4772    .text               mf_w.l(dfixul.o)
    0x08000850   0x08000850   0x00000030   Code   RO         4774    .text               mf_w.l(cdrcmple.o)
    0x08000880   0x08000880   0x00000024   Code   RO         4776    .text               mc_w.l(init.o)
    0x080008a4   0x080008a4   0x0000001e   Code   RO         4778    .text               mc_w.l(llshl.o)
    0x080008c2   0x080008c2   0x00000020   Code   RO         4780    .text               mc_w.l(llushr.o)
    0x080008e2   0x080008e2   0x00000024   Code   RO         4782    .text               mc_w.l(llsshr.o)
    0x08000906   0x08000906   0x00000056   Code   RO         4792    .text               mc_w.l(__dczerorl2.o)
    0x0800095c   0x0800095c   0x000001d4   Code   RO         4231    i.AliIoT_Parameter_Init  mqtt.o
    0x08000b30   0x08000b30   0x00000064   Code   RO            1    i.AppObjCreate      main.o
    0x08000b94   0x08000b94   0x00000088   Code   RO            2    i.AppTaskCreate     main.o
    0x08000c1c   0x08000c1c   0x00000004   Code   RO          955    i.BusFault_Handler  stm32f10x_it.o
    0x08000c20   0x08000c20   0x00000404   Code   RO          659    i.Calculate_HLW8110_MeterData  hlw8110.o
    0x08001024   0x08001024   0x00000138   Code   RO          660    i.Check_WriteReg_Success  hlw8110.o
    0x0800115c   0x0800115c   0x00000034   Code   RO          661    i.Clear_RxBuf       hlw8110.o
    0x08001190   0x08001190   0x00000002   Code   RO          956    i.DebugMon_Handler  stm32f10x_it.o
    0x08001192   0x08001192   0x00000002   PAD
    0x08001194   0x08001194   0x00000020   Code   RO          386    i.EXTI0_IRQHandler  exti.o
    0x080011b4   0x080011b4   0x00000034   Code   RO          387    i.EXTI2_IRQHandler  exti.o
    0x080011e8   0x080011e8   0x00000020   Code   RO          388    i.EXTI3_IRQHandler  exti.o
    0x08001208   0x08001208   0x00000020   Code   RO          389    i.EXTI4_IRQHandler  exti.o
    0x08001228   0x08001228   0x0000000c   Code   RO         2144    i.EXTI_ClearITPendingBit  stm32f10x_exti.o
    0x08001234   0x08001234   0x00000116   Code   RO         1083    i.GPIO_Init         stm32f10x_gpio.o
    0x0800134a   0x0800134a   0x00000012   Code   RO         1087    i.GPIO_ReadInputDataBit  stm32f10x_gpio.o
    0x0800135c   0x0800135c   0x00000004   Code   RO         1091    i.GPIO_SetBits      stm32f10x_gpio.o
    0x08001360   0x08001360   0x00000108   Code   RO         3881    i.GUI_DrawFont16    gui.o
    0x08001468   0x08001468   0x0000011c   Code   RO         3882    i.GUI_DrawFont24    gui.o
    0x08001584   0x08001584   0x0000010c   Code   RO         3883    i.GUI_DrawFont32    gui.o
    0x08001690   0x08001690   0x00000038   Code   RO          662    i.HLW8110_checkSum_Read  hlw8110.o
    0x080016c8   0x080016c8   0x00000028   Code   RO          663    i.HLW8110_checkSum_Write  hlw8110.o
    0x080016f0   0x080016f0   0x00000004   Code   RO          957    i.HardFault_Handler  stm32f10x_it.o
    0x080016f4   0x080016f4   0x00000064   Code   RO          664    i.Init_HLW8110      hlw8110.o
    0x08001758   0x08001758   0x000003d0   Code   RO          665    i.Judge_CheckSum_HLW8110_Calfactor  hlw8110.o
    0x08001b28   0x08001b28   0x00000030   Code   RO          425    i.KEY_Init          key.o
    0x08001b58   0x08001b58   0x000000ac   Code   RO          426    i.KEY_Scan          key.o
    0x08001c04   0x08001c04   0x0000004c   Code   RO            4    i.KEY_task          main.o
    0x08001c50   0x08001c50   0x00000064   Code   RO         3766    i.LCD_Clear         lcd.o
    0x08001cb4   0x08001cb4   0x000000b0   Code   RO         3888    i.LCD_DrawLine      gui.o
    0x08001d64   0x08001d64   0x00000048   Code   RO         3767    i.LCD_DrawPoint     lcd.o
    0x08001dac   0x08001dac   0x00000034   Code   RO         3768    i.LCD_DrawPoint_16Bit  lcd.o
    0x08001de0   0x08001de0   0x000000a8   Code   RO         3890    i.LCD_Fill          gui.o
    0x08001e88   0x08001e88   0x00000244   Code   RO         3770    i.LCD_Init          lcd.o
    0x080020cc   0x080020cc   0x00000028   Code   RO         3771    i.LCD_RESET         lcd.o
    0x080020f4   0x080020f4   0x00000038   Code   RO         3772    i.LCD_SetCursor     lcd.o
    0x0800212c   0x0800212c   0x0000002c   Code   RO         3773    i.LCD_SetParam      lcd.o
    0x08002158   0x08002158   0x00000054   Code   RO         3774    i.LCD_SetWindows    lcd.o
    0x080021ac   0x080021ac   0x00000124   Code   RO         3891    i.LCD_ShowChar      gui.o
    0x080022d0   0x080022d0   0x0000002c   Code   RO         3775    i.LCD_WR_DATA       lcd.o
    0x080022fc   0x080022fc   0x00000028   Code   RO         3776    i.LCD_WR_REG        lcd.o
    0x08002324   0x08002324   0x00000010   Code   RO         3777    i.LCD_WriteRAM_Prepare  lcd.o
    0x08002334   0x08002334   0x00000014   Code   RO         3778    i.LCD_WriteReg      lcd.o
    0x08002348   0x08002348   0x00000038   Code   RO          445    i.LED_Init          led.o
    0x08002380   0x08002380   0x000000d8   Code   RO         4233    i.MQTT_Buff_Init    mqtt.o
    0x08002458   0x08002458   0x00000218   Code   RO         4234    i.MQTT_ConectPack   mqtt.o
    0x08002670   0x08002670   0x0000001c   Code   RO         4236    i.MQTT_PingREQ      mqtt.o
    0x0800268c   0x0800268c   0x000000ec   Code   RO         4237    i.MQTT_PublishQs0   mqtt.o
    0x08002778   0x08002778   0x00000098   Code   RO         4238    i.MQTT_Subscribe    mqtt.o
    0x08002810   0x08002810   0x00000004   Code   RO          958    i.MemManage_Handler  stm32f10x_it.o
    0x08002814   0x08002814   0x00000002   Code   RO          959    i.NMI_Handler       stm32f10x_it.o
    0x08002816   0x08002816   0x00000002   PAD
    0x08002818   0x08002818   0x00000070   Code   RO         1041    i.NVIC_Init         misc.o
    0x08002888   0x08002888   0x00000014   Code   RO         1042    i.NVIC_PriorityGroupConfig  misc.o
    0x0800289c   0x0800289c   0x00000348   Code   RO            5    i.OLED_task         main.o
    0x08002be4   0x08002be4   0x00000020   Code   RO         1217    i.RCC_APB1PeriphClockCmd  stm32f10x_rcc.o
    0x08002c04   0x08002c04   0x00000020   Code   RO         1219    i.RCC_APB2PeriphClockCmd  stm32f10x_rcc.o
    0x08002c24   0x08002c24   0x000000d4   Code   RO         1227    i.RCC_GetClocksFreq  stm32f10x_rcc.o
    0x08002cf8   0x08002cf8   0x000001d0   Code   RO          666    i.Read_HLW8110_EA   hlw8110.o
    0x08002ec8   0x08002ec8   0x000000d0   Code   RO          667    i.Read_HLW8110_Freq  hlw8110.o
    0x08002f98   0x08002f98   0x00000138   Code   RO          668    i.Read_HLW8110_IA   hlw8110.o
    0x080030d0   0x080030d0   0x00000178   Code   RO          669    i.Read_HLW8110_PA   hlw8110.o
    0x08003248   0x08003248   0x00000078   Code   RO          670    i.Read_HLW8110_PF   hlw8110.o
    0x080032c0   0x080032c0   0x00000084   Code   RO          671    i.Read_HLW8110_SA   hlw8110.o
    0x08003344   0x08003344   0x00000138   Code   RO          672    i.Read_HLW8110_U    hlw8110.o
    0x0800347c   0x0800347c   0x000000d4   Code   RO         3779    i.SPI1_Init         lcd.o
    0x08003550   0x08003550   0x00000018   Code   RO         2562    i.SPI_Cmd           stm32f10x_spi.o
    0x08003568   0x08003568   0x0000003c   Code   RO         2575    i.SPI_Init          stm32f10x_spi.o
    0x080035a4   0x080035a4   0x00000022   Code   RO         3781    i.SPI_WriteByte     lcd.o
    0x080035c6   0x080035c6   0x00000008   Code   RO         1000    i.SetSysClock       system_stm32f10x.o
    0x080035ce   0x080035ce   0x00000002   PAD
    0x080035d0   0x080035d0   0x000000e0   Code   RO         1001    i.SetSysClockTo72   system_stm32f10x.o
    0x080036b0   0x080036b0   0x0000010c   Code   RO         3894    i.Show_Str          gui.o
    0x080037bc   0x080037bc   0x00000030   Code   RO          673    i.Start_Send_UartData  hlw8110.o
    0x080037ec   0x080037ec   0x00000028   Code   RO         1045    i.SysTick_CLKSourceConfig  misc.o
    0x08003814   0x08003814   0x00000010   Code   RO          821    i.SysTick_Handler   delay.o
    0x08003824   0x08003824   0x00000060   Code   RO         1003    i.SystemInit        system_stm32f10x.o
    0x08003884   0x08003884   0x00000024   Code   RO          499    i.TIM2_IRQHandler   control_interrupt.o
    0x080038a8   0x080038a8   0x00000094   Code   RO          500    i.TIM3_IRQHandler   control_interrupt.o
    0x0800393c   0x0800393c   0x00000060   Code   RO         4398    i.TIM3_Int_Init     timer.o
    0x0800399c   0x0800399c   0x00000018   Code   RO          501    i.TIM4_IRQHandler   control_interrupt.o
    0x080039b4   0x080039b4   0x00000006   Code   RO         1606    i.TIM_ClearITPendingBit  stm32f10x_tim.o
    0x080039ba   0x080039ba   0x00000018   Code   RO         1611    i.TIM_Cmd           stm32f10x_tim.o
    0x080039d2   0x080039d2   0x00000022   Code   RO         1632    i.TIM_GetITStatus   stm32f10x_tim.o
    0x080039f4   0x080039f4   0x00000012   Code   RO         1636    i.TIM_ITConfig      stm32f10x_tim.o
    0x08003a06   0x08003a06   0x00000004   Code   RO         1676    i.TIM_SetCounter    stm32f10x_tim.o
    0x08003a0a   0x08003a0a   0x00000002   PAD
    0x08003a0c   0x08003a0c   0x000000a4   Code   RO         1682    i.TIM_TimeBaseInit  stm32f10x_tim.o
    0x08003ab0   0x08003ab0   0x00000064   Code   RO         4239    i.TxDataBuf_Deal    mqtt.o
    0x08003b14   0x08003b14   0x00000088   Code   RO          898    i.USART1_IRQHandler  usart.o
    0x08003b9c   0x08003b9c   0x00000008   Code   RO          503    i.USART2_IRQHandler  control_interrupt.o
    0x08003ba4   0x08003ba4   0x00000060   Code   RO          674    i.USART2_IRQ_User   hlw8110.o
    0x08003c04   0x08003c04   0x0000007c   Code   RO          504    i.USART3_IRQHandler  control_interrupt.o
    0x08003c80   0x08003c80   0x00000018   Code   RO         1419    i.USART_Cmd         stm32f10x_usart.o
    0x08003c98   0x08003c98   0x00000054   Code   RO         1423    i.USART_GetITStatus  stm32f10x_usart.o
    0x08003cec   0x08003cec   0x0000004a   Code   RO         1425    i.USART_ITConfig    stm32f10x_usart.o
    0x08003d36   0x08003d36   0x00000002   PAD
    0x08003d38   0x08003d38   0x000000d8   Code   RO         1426    i.USART_Init        stm32f10x_usart.o
    0x08003e10   0x08003e10   0x0000000a   Code   RO         1433    i.USART_ReceiveData  stm32f10x_usart.o
    0x08003e1a   0x08003e1a   0x00000002   PAD
    0x08003e1c   0x08003e1c   0x00000040   Code   RO          676    i.Uart_HLW8110_Set_Channel_A  hlw8110.o
    0x08003e5c   0x08003e5c   0x00000040   Code   RO          677    i.Uart_HLW8110_WriteREG_DIS  hlw8110.o
    0x08003e9c   0x08003e9c   0x00000040   Code   RO          678    i.Uart_HLW8110_WriteREG_EN  hlw8110.o
    0x08003edc   0x08003edc   0x00000038   Code   RO          679    i.Uart_Read_HLW8110_Reg  hlw8110.o
    0x08003f14   0x08003f14   0x00000064   Code   RO          680    i.Uart_Write_HLW8110_Reg  hlw8110.o
    0x08003f78   0x08003f78   0x00000004   Code   RO          960    i.UsageFault_Handler  stm32f10x_it.o
    0x08003f7c   0x08003f7c   0x00000020   Code   RO         4699    i.__0printf         mc_w.l(printfa.o)
    0x08003f9c   0x08003f9c   0x00000028   Code   RO         4701    i.__0sprintf        mc_w.l(printfa.o)
    0x08003fc4   0x08003fc4   0x0000000e   Code   RO         4786    i.__scatterload_copy  mc_w.l(handlers.o)
    0x08003fd2   0x08003fd2   0x00000002   Code   RO         4787    i.__scatterload_null  mc_w.l(handlers.o)
    0x08003fd4   0x08003fd4   0x0000000e   Code   RO         4788    i.__scatterload_zeroinit  mc_w.l(handlers.o)
    0x08003fe2   0x08003fe2   0x00000002   PAD
    0x08003fe4   0x08003fe4   0x00000184   Code   RO         4706    i._fp_digits        mc_w.l(printfa.o)
    0x08004168   0x08004168   0x000006dc   Code   RO         4707    i._printf_core      mc_w.l(printfa.o)
    0x08004844   0x08004844   0x00000024   Code   RO         4708    i._printf_post_padding  mc_w.l(printfa.o)
    0x08004868   0x08004868   0x0000002e   Code   RO         4709    i._printf_pre_padding  mc_w.l(printfa.o)
    0x08004896   0x08004896   0x0000000a   Code   RO         4711    i._sputc            mc_w.l(printfa.o)
    0x080048a0   0x080048a0   0x00000060   Code   RO          288    i.bsp_Init          bsp.o
    0x08004900   0x08004900   0x0000005c   Code   RO          822    i.delay_init        delay.o
    0x0800495c   0x0800495c   0x00000040   Code   RO          823    i.delay_ms          delay.o
    0x0800499c   0x0800499c   0x00000048   Code   RO          824    i.delay_us          delay.o
    0x080049e4   0x080049e4   0x0000001c   Code   RO          900    i.fputc             usart.o
    0x08004a00   0x08004a00   0x00000120   Code   RO            6    i.led0_task         main.o
    0x08004b20   0x08004b20   0x0000001c   Code   RO            7    i.main              main.o
    0x08004b3c   0x08004b3c   0x00000098   Code   RO         3076    i.prvAddCurrentTaskToDelayedList  tasks.o
    0x08004bd4   0x08004bd4   0x000000b8   Code   RO         3077    i.prvAddNewTaskToReadyList  tasks.o
    0x08004c8c   0x08004c8c   0x00000064   Code   RO         3442    i.prvCheckForValidListAndQueue  timers.o
    0x08004cf0   0x08004cf0   0x00000064   Code   RO         3078    i.prvCheckTasksWaitingTermination  tasks.o
    0x08004d54   0x08004d54   0x0000002a   Code   RO         2846    i.prvCopyDataFromQueue  queue.o
    0x08004d7e   0x08004d7e   0x0000007c   Code   RO         2847    i.prvCopyDataToQueue  queue.o
    0x08004dfa   0x08004dfa   0x00000012   Code   RO         3079    i.prvDeleteTCB      tasks.o
    0x08004e0c   0x08004e0c   0x00000028   Code   RO         3443    i.prvGetNextExpireTime  timers.o
    0x08004e34   0x08004e34   0x0000007c   Code   RO         3649    i.prvHeapInit       heap_4.o
    0x08004eb0   0x08004eb0   0x00000028   Code   RO         3080    i.prvIdleTask       tasks.o
    0x08004ed8   0x08004ed8   0x0000002e   Code   RO         2849    i.prvInitialiseNewQueue  queue.o
    0x08004f06   0x08004f06   0x00000002   PAD
    0x08004f08   0x08004f08   0x000000d0   Code   RO         3081    i.prvInitialiseNewTask  tasks.o
    0x08004fd8   0x08004fd8   0x0000006c   Code   RO         3444    i.prvInitialiseNewTimer  timers.o
    0x08005044   0x08005044   0x00000068   Code   RO         3082    i.prvInitialiseTaskLists  tasks.o
    0x080050ac   0x080050ac   0x00000068   Code   RO         3650    i.prvInsertBlockIntoFreeList  heap_4.o
    0x08005114   0x08005114   0x00000058   Code   RO         3445    i.prvInsertTimerInActiveList  timers.o
    0x0800516c   0x0800516c   0x0000001a   Code   RO         2850    i.prvIsQueueEmpty   queue.o
    0x08005186   0x08005186   0x0000001e   Code   RO         2851    i.prvIsQueueFull    queue.o
    0x080051a4   0x080051a4   0x000000a0   Code   RO         2852    i.prvNotifyQueueSetContainer  queue.o
    0x08005244   0x08005244   0x00000080   Code   RO         3446    i.prvProcessExpiredTimer  timers.o
    0x080052c4   0x080052c4   0x0000012c   Code   RO         3447    i.prvProcessReceivedCommands  timers.o
    0x080053f0   0x080053f0   0x00000074   Code   RO         3448    i.prvProcessTimerOrBlockTask  timers.o
    0x08005464   0x08005464   0x00000034   Code   RO         3084    i.prvResetNextTaskUnblockTime  tasks.o
    0x08005498   0x08005498   0x0000002c   Code   RO         3449    i.prvSampleTimeNow  timers.o
    0x080054c4   0x080054c4   0x000000bc   Code   RO         3450    i.prvSwitchTimerLists  timers.o
    0x08005580   0x08005580   0x00000070   Code   RO         3573    i.prvTaskExitError  port.o
    0x080055f0   0x080055f0   0x0000001a   Code   RO         3451    i.prvTimerTask      timers.o
    0x0800560a   0x0800560a   0x00000092   Code   RO         2853    i.prvUnlockQueue    queue.o
    0x0800569c   0x0800569c   0x00000154   Code   RO         3651    i.pvPortMalloc      heap_4.o
    0x080057f0   0x080057f0   0x00000020   Code   RO         3088    i.pvTaskIncrementMutexHeldCount  tasks.o
    0x08005810   0x08005810   0x0000004c   Code   RO         3452    i.pvTimerGetTimerID  timers.o
    0x0800585c   0x0800585c   0x00000024   Code   RO         3574    i.pxPortInitialiseStack  port.o
    0x08005880   0x08005880   0x000000a0   Code   RO          901    i.uart_init         usart.o
    0x08005920   0x08005920   0x00000074   Code   RO         3089    i.ulTaskNotifyTake  tasks.o
    0x08005994   0x08005994   0x000000b4   Code   RO          647    i.usart2_init       usart2.o
    0x08005a48   0x08005a48   0x000000a8   Code   RO         4415    i.usart3_init       usart3.o
    0x08005af0   0x08005af0   0x00000018   Code   RO         4104    i.utils_hb2hex      utils_md5.o
    0x08005b08   0x08005b08   0x000000e8   Code   RO         4062    i.utils_hmac_sha1   utils_hmac.o
    0x08005bf0   0x08005bf0   0x000000e8   Code   RO         4172    i.utils_sha1_finish  utils_sha1.o
    0x08005cd8   0x08005cd8   0x0000000e   Code   RO         4174    i.utils_sha1_init   utils_sha1.o
    0x08005ce6   0x08005ce6   0x00000002   PAD
    0x08005ce8   0x08005ce8   0x0000191c   Code   RO         4175    i.utils_sha1_process  utils_sha1.o
    0x08007604   0x08007604   0x0000002c   Code   RO         4176    i.utils_sha1_starts  utils_sha1.o
    0x08007630   0x08007630   0x0000007c   Code   RO         4177    i.utils_sha1_update  utils_sha1.o
    0x080076ac   0x080076ac   0x00000028   Code   RO         2809    i.uxListRemove      list.o
    0x080076d4   0x080076d4   0x0000001a   Code   RO         2810    i.vListInitialise   list.o
    0x080076ee   0x080076ee   0x00000006   Code   RO         2811    i.vListInitialiseItem  list.o
    0x080076f4   0x080076f4   0x00000034   Code   RO         2812    i.vListInsert       list.o
    0x08007728   0x08007728   0x00000018   Code   RO         2813    i.vListInsertEnd    list.o
    0x08007740   0x08007740   0x00000088   Code   RO         3576    i.vPortEnterCritical  port.o
    0x080077c8   0x080077c8   0x00000070   Code   RO         3577    i.vPortExitCritical  port.o
    0x08007838   0x08007838   0x000000b8   Code   RO         3652    i.vPortFree         heap_4.o
    0x080078f0   0x080078f0   0x00000020   Code   RO         3578    i.vPortSetupTimerInterrupt  port.o
    0x08007910   0x08007910   0x000000a0   Code   RO         3579    i.vPortValidateInterruptPriority  port.o
    0x080079b0   0x080079b0   0x0000002c   Code   RO         2859    i.vQueueAddToRegistry  queue.o
    0x080079dc   0x080079dc   0x0000004a   Code   RO         2863    i.vQueueWaitForMessageRestricted  queue.o
    0x08007a26   0x08007a26   0x00000002   PAD
    0x08007a28   0x08007a28   0x00000074   Code   RO         3096    i.vTaskDelay        tasks.o
    0x08007a9c   0x08007a9c   0x0000000c   Code   RO         3103    i.vTaskMissedYield  tasks.o
    0x08007aa8   0x08007aa8   0x00000054   Code   RO         3105    i.vTaskPlaceOnEventList  tasks.o
    0x08007afc   0x08007afc   0x0000005c   Code   RO         3106    i.vTaskPlaceOnEventListRestricted  tasks.o
    0x08007b58   0x08007b58   0x000000b0   Code   RO         3108    i.vTaskPriorityInherit  tasks.o
    0x08007c08   0x08007c08   0x0000004c   Code   RO         3112    i.vTaskSetTimeOutState  tasks.o
    0x08007c54   0x08007c54   0x000000b4   Code   RO         3113    i.vTaskStartScheduler  tasks.o
    0x08007d08   0x08007d08   0x00000010   Code   RO         3115    i.vTaskSuspendAll   tasks.o
    0x08007d18   0x08007d18   0x000000e8   Code   RO         3116    i.vTaskSwitchContext  tasks.o
    0x08007e00   0x08007e00   0x000000e0   Code   RO            8    i.vTimerCallback    main.o
    0x08007ee0   0x08007ee0   0x000000a0   Code   RO         3580    i.xPortStartScheduler  port.o
    0x08007f80   0x08007f80   0x00000034   Code   RO         3581    i.xPortSysTickHandler  port.o
    0x08007fb4   0x08007fb4   0x00000074   Code   RO         2868    i.xQueueGenericCreate  queue.o
    0x08008028   0x08008028   0x000001c8   Code   RO         2869    i.xQueueGenericReceive  queue.o
    0x080081f0   0x080081f0   0x000000b0   Code   RO         2870    i.xQueueGenericReset  queue.o
    0x080082a0   0x080082a0   0x000001c4   Code   RO         2871    i.xQueueGenericSend  queue.o
    0x08008464   0x08008464   0x00000110   Code   RO         2872    i.xQueueGenericSendFromISR  queue.o
    0x08008574   0x08008574   0x000000a0   Code   RO         3117    i.xTaskCheckForTimeOut  tasks.o
    0x08008614   0x08008614   0x00000060   Code   RO         3118    i.xTaskCreate       tasks.o
    0x08008674   0x08008674   0x00000114   Code   RO         3119    i.xTaskGenericNotify  tasks.o
    0x08008788   0x08008788   0x00000020   Code   RO         3122    i.xTaskGetSchedulerState  tasks.o
    0x080087a8   0x080087a8   0x0000000c   Code   RO         3123    i.xTaskGetTickCount  tasks.o
    0x080087b4   0x080087b4   0x00000160   Code   RO         3125    i.xTaskIncrementTick  tasks.o
    0x08008914   0x08008914   0x000000d8   Code   RO         3128    i.xTaskPriorityDisinherit  tasks.o
    0x080089ec   0x080089ec   0x000000b4   Code   RO         3129    i.xTaskRemoveFromEventList  tasks.o
    0x08008aa0   0x08008aa0   0x00000120   Code   RO         3131    i.xTaskResumeAll    tasks.o
    0x08008bc0   0x08008bc0   0x00000030   Code   RO         3454    i.xTimerCreate      timers.o
    0x08008bf0   0x08008bf0   0x00000074   Code   RO         3455    i.xTimerCreateTimerTask  timers.o
    0x08008c64   0x08008c64   0x000000a4   Code   RO         3456    i.xTimerGenericCommand  timers.o
    0x08008d08   0x08008d08   0x00001944   Data   RO         3898    .constdata          gui.o
    0x0800a64c   0x0800a64c   0x00000040   Data   RO         4179    .constdata          utils_sha1.o
    0x0800a68c   0x0800a68c   0x000000ab   Data   RO            9    .conststring        main.o
    0x0800a737   0x0800a737   0x00000001   PAD
    0x0800a738   0x0800a738   0x00000020   Data   RO         4784    Region$$Table       anon$$obj.o


    Execution Region ER_RW (Exec base: 0x20000000, Load base: 0x0800a758, Size: 0x000001cc, Max: 0xffffffff, ABSOLUTE, COMPRESSED[0x00000028])

    Exec Addr    Load Addr    Size         Type   Attr      Idx    E Section Name        Object

    0x20000000   COMPRESSED   0x00000020   Data   RW           10    .data               main.o
    0x20000020   COMPRESSED   0x00000001   Data   RW          427    .data               key.o
    0x20000021   COMPRESSED   0x00000003   PAD
    0x20000024   COMPRESSED   0x00000004   Data   RW          505    .data               control_interrupt.o
    0x20000028   COMPRESSED   0x000000a0   Data   RW          682    .data               hlw8110.o
    0x200000c8   COMPRESSED   0x00000004   Data   RW          826    .data               delay.o
    0x200000cc   COMPRESSED   0x00000006   Data   RW          903    .data               usart.o
    0x200000d2   COMPRESSED   0x00000002   PAD
    0x200000d4   COMPRESSED   0x00000014   Data   RW         1004    .data               system_stm32f10x.o
    0x200000e8   COMPRESSED   0x00000014   Data   RW         1247    .data               stm32f10x_rcc.o
    0x200000fc   COMPRESSED   0x00000044   Data   RW         3134    .data               tasks.o
    0x20000140   COMPRESSED   0x00000014   Data   RW         3464    .data               timers.o
    0x20000154   COMPRESSED   0x0000000c   Data   RW         3582    .data               port.o
    0x20000160   COMPRESSED   0x00000018   Data   RW         3657    .data               heap_4.o
    0x20000178   COMPRESSED   0x00000006   Data   RW         3784    .data               lcd.o
    0x2000017e   COMPRESSED   0x00000002   PAD
    0x20000180   COMPRESSED   0x00000044   Data   RW         4241    .data               mqtt.o
    0x200001c4   COMPRESSED   0x00000008   Data   RW         4417    .data               usart3.o


    Execution Region ER_ZI (Exec base: 0x200001cc, Load base: 0x0800a780, Size: 0x00004cfc, Max: 0xffffffff, ABSOLUTE)

    Exec Addr    Load Addr    Size         Type   Attr      Idx    E Section Name        Object

    0x200001cc        -       0x00000014   Zero   RW          681    .bss                hlw8110.o
    0x200001e0        -       0x000000c8   Zero   RW          902    .bss                usart.o
    0x200002a8        -       0x00000040   Zero   RW         2883    .bss                queue.o
    0x200002e8        -       0x000002e4   Zero   RW         3133    .bss                tasks.o
    0x200005cc        -       0x00000028   Zero   RW         3463    .bss                timers.o
    0x200005f4        -       0x00002800   Zero   RW         3656    .bss                heap_4.o
    0x20002df4        -       0x0000000e   Zero   RW         3783    .bss                lcd.o
    0x20002e02        -       0x000014c0   Zero   RW         4240    .bss                mqtt.o
    0x200042c2   0x0800a780   0x00000006   PAD
    0x200042c8        -       0x00000800   Zero   RW         4416    .bss                usart3.o
    0x20004ac8        -       0x00000400   Zero   RW         1034    STACK               startup_stm32f10x_md.o


==============================================================================

Image component sizes


      Code (inc. data)   RO Data    RW Data    ZI Data      Debug   Object Name

        96          8          0          0          0        479   bsp.o
       340         52          0          4          0       3044   control_interrupt.o
       244         26          0          4          0       2265   delay.o
         0          0          0          0          0       7892   event_groups.o
       148         26          0          0          0       1828   exti.o
      1720         74       6468          0          0       7701   gui.o
       752        176          0         24      10240       3771   heap_4.o
      4980       1732          0        160         20      16378   hlw8110.o
       220         14          0          1          0       1110   key.o
      1394         96          0          6         14      11081   lcd.o
        56          6          0          0          0        471   led.o
       148          0          0          0          0       2974   list.o
      1692        412        171         32          0     293646   main.o
       172         22          0          0          0       2009   misc.o
      1736        502          0         68       5312       5869   mqtt.o
       950        320          0         12          0      10001   port.o
      2164        238          0          0         64      12685   queue.o
        36          8        236          0       1024        784   startup_stm32f10x_md.o
        12          6          0          0          0        513   stm32f10x_exti.o
       300          0          0          0          0       3075   stm32f10x_gpio.o
        20          0          0          0          0       2521   stm32f10x_it.o
       276         32          0         20          0       4370   stm32f10x_rcc.o
        84          0          0          0          0       2093   stm32f10x_spi.o
       250         42          0          0          0       4003   stm32f10x_tim.o
       408          6          0          0          0       4930   stm32f10x_usart.o
         0          0          0          0          0         32   sys.o
       328         28          0         20          0       2105   system_stm32f10x.o
      3602        884          0         68        740      29241   tasks.o
        96          6          0          0          0        636   timer.o
      1542        394          0         20         40      10462   timers.o
       324         26          0          6        200       3628   usart.o
       180          8          0          0          0        710   usart2.o
       168          8          0          8       2048       1440   usart3.o
       232          0          0          0          0       1498   utils_hmac.o
        24          0          0          0          0        503   utils_md5.o
      6842         40         64          0          0       5679   utils_sha1.o

    ----------------------------------------------------------------------
     31556       5192       6972        460      19708     461427   Object Totals
         0          0         32          0          0          0   (incl. Generated)
        20          0          1          7          6          0   (incl. Padding)

    ----------------------------------------------------------------------

      Code (inc. data)   RO Data    RW Data    ZI Data      Debug   Library Member Name

        86          0          0          0          0          0   __dczerorl2.o
         0          0          0          0          0          0   entry.o
         0          0          0          0          0          0   entry10a.o
         0          0          0          0          0          0   entry11a.o
         8          4          0          0          0          0   entry2.o
         4          0          0          0          0          0   entry5.o
         0          0          0          0          0          0   entry7b.o
         0          0          0          0          0          0   entry8b.o
         8          4          0          0          0          0   entry9a.o
        30          0          0          0          0          0   handlers.o
        36          8          0          0          0         68   init.o
         0          0          0          0          0          0   iusefp.o
        30          0          0          0          0         68   llshl.o
        36          0          0          0          0         68   llsshr.o
        32          0          0          0          0         68   llushr.o
        36          0          0          0          0         68   memcpya.o
        36          0          0          0          0        108   memseta.o
      2308         96          0          0          0        604   printfa.o
        14          0          0          0          0         68   strlen.o
        44          0          0          0          0         80   uidiv.o
        98          0          0          0          0         92   uldiv.o
        48          0          0          0          0         68   cdrcmple.o
        56          0          0          0          0         88   d2f.o
       334          0          0          0          0        148   dadd.o
       222          0          0          0          0        100   ddiv.o
       186          0          0          0          0        176   depilogue.o
        48          0          0          0          0         68   dfixul.o
       228          0          0          0          0         96   dmul.o
        38          0          0          0          0         68   f2d.o
       124          0          0          0          0         88   fdiv.o
       110          0          0          0          0        168   fepilogue.o
        10          0          0          0          0         68   ffltui.o
       100          0          0          0          0         76   fmul.o

    ----------------------------------------------------------------------
      4312        112          0          0          0       2504   Library Totals
         2          0          0          0          0          0   (incl. Padding)

    ----------------------------------------------------------------------

      Code (inc. data)   RO Data    RW Data    ZI Data      Debug   Library Name

      2806        112          0          0          0       1292   mc_w.l
      1504          0          0          0          0       1212   mf_w.l

    ----------------------------------------------------------------------
      4312        112          0          0          0       2504   Library Totals

    ----------------------------------------------------------------------

==============================================================================


      Code (inc. data)   RO Data    RW Data    ZI Data      Debug   

     35868       5304       6972        460      19708     453035   Grand Totals
     35868       5304       6972         40      19708     453035   ELF Image Totals (compressed)
     35868       5304       6972         40          0          0   ROM Totals

==============================================================================

    Total RO  Size (Code + RO Data)                42840 (  41.84kB)
    Total RW  Size (RW Data + ZI Data)             20168 (  19.70kB)
    Total ROM Size (Code + RO Data + RW Data)      42880 (  41.88kB)

==============================================================================

